../Core/Src/klebot_radio.c:24:6:Radio_Init	8	static
../Core/Src/klebot_radio.c:45:21:Radio_RxBufferPut	24	static
../Core/Src/klebot_radio.c:56:21:Radio_RxBufferGet	32	static
../Core/Src/klebot_radio.c:76:21:Radio_TxBufferPut	24	static
../Core/Src/klebot_radio.c:88:21:Radio_TxBufferSend	48	static
../Core/Src/klebot_radio.c:118:21:Radio_SendConnectionCheck	16	static
../Core/Src/klebot_radio.c:125:6:Radio_SetResponseACK	40	static
../Core/Src/klebot_radio.c:187:6:nRF24_EventTxCallback	0	static
../Core/Src/klebot_radio.c:193:6:nRF24_EventRxCallback	48	static
../Core/Src/klebot_radio.c:202:6:nRF24_EventMrCallback	0	static
../Core/Src/klebot_radio.c:207:13:Radio_NoConnectionCallback	0	static
../Core/Src/klebot_radio.c:139:6:Radio_Process	56	static
