../Core/Src/nRF24.c:38:13:nRF24_SendSpi	0	static
../Core/Src/nRF24.c:78:13:nRF24_WriteRegister	16	static
../Core/Src/nRF24.c:92:13:nRF24_WriteRegisters	24	static
../Core/Src/nRF24.c:52:16:nRF24_ReadRegister	24	static
../Core/Src/nRF24.c:66:13:nRF24_ReadRegisters	24	static
../Core/Src/nRF24.c:147:9:nRF24_ReadConfig	0	static
../Core/Src/nRF24.c:152:6:nRF24_WriteConfig	0	static
../Core/Src/nRF24.c:157:6:nRF24_SetPALevel	8	static
../Core/Src/nRF24.c:165:6:nRF24_SetDataRate	8	static
../Core/Src/nRF24.c:176:9:nRF24_ReadStatus	0	static
../Core/Src/nRF24.c:181:6:nRF24_WriteStatus	0	static
../Core/Src/nRF24.c:190:9:nRF24_ReadFifoStatus	0	static
../Core/Src/nRF24.c:195:6:nRF24_WriteFifoStatus	0	static
../Core/Src/nRF24.c:200:9:nRF24_IsBitSetInFifoStatus	8	static
../Core/Src/nRF24.c:214:9:nRF24_IsTxReuse	0	static
../Core/Src/nRF24.c:219:9:nRF24_IsTxFull	0	static
../Core/Src/nRF24.c:224:9:nRF24_IsTxEmpty	0	static
../Core/Src/nRF24.c:229:9:nRF24_IsRxFull	0	static
../Core/Src/nRF24.c:234:9:nRF24_IsRxEmpty	0	static
../Core/Src/nRF24.c:239:6:nRF24_FlushRX	16	static
../Core/Src/nRF24.c:248:6:nRF24_FlushTX	16	static
../Core/Src/nRF24.c:125:6:nRF24_TX_Mode	8	static
../Core/Src/nRF24.c:257:6:nRF24_EnableCRC	8	static
../Core/Src/nRF24.c:268:6:nRF24_SetCRCLength	8	static
../Core/Src/nRF24.c:278:6:nRF24_SetRetries	0	static
../Core/Src/nRF24.c:284:6:nRF24_SetRFChannel	0	static
../Core/Src/nRF24.c:289:6:nRF24_SetPayloadSize	0	static
../Core/Src/nRF24.c:296:6:nRF24_EnablePipe	16	static
../Core/Src/nRF24.c:308:6:nRF24_AutoACK	16	static
../Core/Src/nRF24.c:320:6:nRF24_SetAddressWidth	0	static
../Core/Src/nRF24.c:329:6:nRF24_SetRXAddress	16	static
../Core/Src/nRF24.c:104:6:nRF24_RX_Mode	8	static
../Core/Src/nRF24.c:346:6:nRF24_SetTXAddress	16	static
../Core/Src/nRF24.c:365:6:nRF24_ClearInterrupts	8	static
../Core/Src/nRF24.c:372:9:nRF24_GetDynamicPayloadSize	8	static
../Core/Src/nRF24.c:387:6:nRF24_EnableRXDataReadyIRQ	8	static
../Core/Src/nRF24.c:399:6:nRF24_EnableTXDataSentIRQ	8	static
../Core/Src/nRF24.c:411:6:nRF24_EnableMaxRetransmitIRQ	8	static
../Core/Src/nRF24.c:423:6:nRF24_WriteTXPayload	0	static
../Core/Src/nRF24.c:432:6:nRF24_WaitTX	8	static
../Core/Src/nRF24.c:446:6:nRF24_ReadRXPaylaod	16	static
../Core/Src/nRF24.c:461:17:nRF24_SendPacket	8	static
../Core/Src/nRF24.c:472:17:nRF24_ReceivePacket	8	static
../Core/Src/nRF24.c:488:9:nRF24_RXAvailible	8	static
../Core/Src/nRF24.c:503:6:nRF24_IRQ_Handler	0	static
../Core/Src/nRF24.c:509:6:nRF24_IRQ_Read	8	static
../Core/Src/nRF24.c:540:17:nRF24_WriteAckPayload	8	static
../Core/Src/nRF24.c:553:13:nRF24_EventRxCallback	0	static
../Core/Src/nRF24.c:558:13:nRF24_EventTxCallback	0	static
../Core/Src/nRF24.c:563:13:nRF24_EventMrCallback	0	static
../Core/Src/nRF24.c:568:6:nRF24_Event	8	static
../Core/Src/nRF24.c:591:6:nRF24_Init	8	static
