../Core/Src/klebot_radio.c:26:6:Radio_Init	16	static
../Core/Src/klebot_radio.c:47:21:Radio_RxBufferPut	24	static
../Core/Src/klebot_radio.c:58:21:Radio_RxBufferGet	24	static
../Core/Src/klebot_radio.c:78:21:Radio_TxBufferPut	24	static
../Core/Src/klebot_radio.c:90:21:Radio_TxBufferSend	48	static
../Core/Src/klebot_radio.c:120:21:Radio_SendConnectionCheck	16	static
../Core/Src/klebot_radio.c:139:6:Radio_SetResponseACK	56	static
../Core/Src/klebot_radio.c:153:6:Radio_Process	48	static
../Core/Src/klebot_radio.c:208:21:Radio_GetConnectionStatus	4	static
../Core/Src/klebot_radio.c:216:6:Radio_HandlerIRQ	8	static
../Core/Src/klebot_radio.c:221:13:Radio_NoConnectionCallback	4	static
../Core/Src/klebot_radio.c:226:13:Radio_NewCommandReceivedCallback	16	static
../Core/Src/klebot_radio.c:233:6:nRF24_EventTxCallback	4	static
../Core/Src/klebot_radio.c:239:6:nRF24_EventRxCallback	48	static
../Core/Src/klebot_radio.c:255:6:nRF24_EventMrCallback	4	static
