../Core/Src/klebot_radio.c:21:6:Radio_Init	16	static
../Core/Src/klebot_radio.c:42:21:Radio_RxBufferPut	24	static
../Core/Src/klebot_radio.c:53:21:Radio_RxBufferGet	24	static
../Core/Src/klebot_radio.c:73:21:Radio_TxBufferPut	24	static
../Core/Src/klebot_radio.c:85:21:Radio_TxBufferSend	48	static
../Core/Src/klebot_radio.c:115:21:Radio_SendConnectionCheck	16	static
../Core/Src/klebot_radio.c:134:6:Radio_SetResponseACK	56	static
../Core/Src/klebot_radio.c:148:6:Radio_Process	48	static
../Core/Src/klebot_radio.c:202:6:Radio_HandlerIRQ	8	static
../Core/Src/klebot_radio.c:207:13:Radio_NoConnectionCallback	4	static
../Core/Src/klebot_radio.c:212:13:Radio_NewCommandReceivedCallback	16	static
../Core/Src/klebot_radio.c:219:6:nRF24_EventTxCallback	4	static
../Core/Src/klebot_radio.c:225:6:nRF24_EventRxCallback	48	static
../Core/Src/klebot_radio.c:241:6:nRF24_EventMrCallback	4	static
