../Core/Src/motors.c:41:6:Motors_Init	16	static
../Core/Src/motors.c:55:6:Motors_SetMotor	16	static
../Core/Src/motors.c:60:16:Motors_SetMotorPWM	16	static
../Core/Src/motors.c:78:16:Motors_SetMotorDirection	16	static
../Core/Src/motors.c:96:16:Motors_SetMotorsOff	16	static
../Core/Src/motors.c:108:10:Motors_GetMotorPWM	16	static
../Core/Src/motors.c:125:21:Motors_GetMotorDirection	16	static
../Core/Src/motors.c:144:6:Motors_EncoderSample	8	static
../Core/Src/motors.c:202:16:Motors_SetControllPID	16	static
../Core/Src/motors.c:215:16:Motors_SetPIDTarget	16	static
../Core/Src/motors.c:243:9:Motors_GetPIDTarget	16	static
../Core/Src/motors.c:264:16:Motors_SetKP	16	static
../Core/Src/motors.c:286:7:Motors_GetKP	16	static
../Core/Src/motors.c:302:16:Motors_SetKI	16	static
../Core/Src/motors.c:324:7:Motors_GetKI	16	static
../Core/Src/motors.c:340:16:Motors_SetKD	16	static
../Core/Src/motors.c:362:7:Motors_GetKD	16	static
../Core/Src/motors.c:378:16:Motors_ResetPIDGains	16	static
../Core/Src/motors.c:401:16:Motors_ResetTemps	16	static
