../Core/Src/controller_programs.c:16:6:Programs_SetProgram	16	static
../Core/Src/controller_programs.c:21:6:Programs_ClearProgram	4	static
../Core/Src/controller_programs.c:26:19:Programs_PerformProgram	16	static
../Core/Src/controller_programs.c:40:25:Programs_SendProgramStartCommand	24	static
../Core/Src/controller_programs.c:48:25:Programs_SendProgramExitCommand	24	static
../Core/Src/controller_programs.c:62:6:Programs_DiodeTestSendOnCmd	16	static
../Core/Src/controller_programs.c:70:6:Programs_DiodeTestSendOffCmd	16	static
../Core/Src/controller_programs.c:78:6:Programs_DiodeTestExitProgram	8	static
../Core/Src/controller_programs.c:84:19:Programs_DiodeTestProgram	8	static
../Core/Src/controller_programs.c:128:6:Programs_DiodeTestParser	24	static
../Core/Src/controller_programs.c:158:6:Programs_DiodeTestSet	4	static
../Core/Src/controller_programs.c:193:19:TestBlinkProgram	8	static
../Core/Src/controller_programs.c:252:6:SetTestBlink	4	static
../Core/Src/controller_programs.c:258:6:SetFreeRideControll	4	static
../Core/Src/controller_programs.c:263:19:FreeRideControll	16	static
