../Core/Src/controller_inputs.c:26:6:Inputs_Init	16	static
../Core/Src/controller_inputs.c:51:8:Inputs_GetLeftJoystickDev	16	static
../Core/Src/controller_inputs.c:63:8:Inputs_GetRightJoystickDev	16	static
../Core/Src/controller_inputs.c:75:6:Inputs_CalibrateLeftJoystickMax	16	static
../Core/Src/controller_inputs.c:80:6:Inputs_CalibrateRightJoystickMax	16	static
../Core/Src/controller_inputs.c:85:6:Inputs_CalibrateLeftJoystickMin	16	static
../Core/Src/controller_inputs.c:90:6:Inputs_CalibrateRightJoystickMin	16	static
../Core/Src/controller_inputs.c:95:6:Inputs_CalibrateRightJoystickIdle	8	static
../Core/Src/controller_inputs.c:100:6:Inputs_CalibrateLeftJoystickIdle	8	static
../Core/Src/controller_inputs.c:105:6:HAL_ADC_ConvCpltCallback	40	static
../Core/Src/controller_inputs.c:131:8:Inputs_GetEncoderCount	16	static
../Core/Src/controller_inputs.c:151:6:Inputs_ButtonsRoutine	8	static
../Core/Src/controller_inputs.c:160:6:Inputs_ButtonsRegisterCallback	24	static
