../Core/Src/klebot_radio.c:26:6:Radio_Init	16	static
../Core/Src/klebot_radio.c:47:21:Radio_RxBufferPut	24	static
../Core/Src/klebot_radio.c:58:21:Radio_RxBufferGet	24	static
../Core/Src/klebot_radio.c:79:21:Radio_TxBufferPut	24	static
../Core/Src/klebot_radio.c:91:21:Radio_TxBufferSend	48	static
../Core/Src/klebot_radio.c:121:21:Radio_SendConnectionCheck	16	static
../Core/Src/klebot_radio.c:140:6:Radio_SetResponseACK	56	static
../Core/Src/klebot_radio.c:154:6:Radio_Process	48	static
../Core/Src/klebot_radio.c:208:6:Radio_HandlerIRQ	8	static
../Core/Src/klebot_radio.c:213:13:Radio_NoConnectionCallback	4	static
../Core/Src/klebot_radio.c:218:13:Radio_NewCommandReceivedCallback	16	static
../Core/Src/klebot_radio.c:225:6:nRF24_EventTxCallback	4	static
../Core/Src/klebot_radio.c:231:6:nRF24_EventRxCallback	48	static
../Core/Src/klebot_radio.c:247:6:nRF24_EventMrCallback	4	static
