../Core/Src/Programs/controller_programs.c:22:18:Programs_SetProgram	16	static
../Core/Src/Programs/controller_programs.c:36:21:Programs_GetProgram	4	static
../Core/Src/Programs/controller_programs.c:41:6:Programs_ClearProgram	4	static
../Core/Src/Programs/controller_programs.c:47:19:Programs_PerformProgram	16	static
../Core/Src/Programs/controller_programs.c:67:18:Programs_SendProgramStartCommand	24	static
../Core/Src/Programs/controller_programs.c:75:18:Programs_SendProgramExitCommand	24	static
../Core/Src/Programs/controller_programs.c:88:6:Programs_SetCurrentRobotProgramID	16	static
../Core/Src/Programs/controller_programs.c:93:9:Programs_GetCurrentRobotProgramID	4	static
../Core/Src/Programs/controller_programs.c:98:6:Programs_ClearCurrentRobotProgramID	4	static
../Core/Src/Programs/controller_programs.c:136:19:TestBlinkProgram	8	static
../Core/Src/Programs/controller_programs.c:195:6:SetTestBlink	4	static
../Core/Src/Programs/controller_programs.c:201:6:SetFreeRideControll	4	static
../Core/Src/Programs/controller_programs.c:206:19:FreeRideControll	16	static
