13:59:09 **** Incremental Build of configuration Debug for project DISCOVERY_nRF24 ****
make -j4 all 
arm-none-eabi-size   DISCOVERY_nRF24.elf 
   text	   data	    bss	    dec	    hex	filename
  21012	    104	   3368	  24484	   5fa4	DISCOVERY_nRF24.elf
Finished building: default.size.stdout
 
13:59:54 **** Incremental Build of configuration Debug for project DISCOVERY_nRF24 ****
make -j4 all 
arm-none-eabi-size   DISCOVERY_nRF24.elf 
   text	   data	    bss	    dec	    hex	filename
  21012	    104	   3368	  24484	   5fa4	DISCOVERY_nRF24.elf
Finished building: default.size.stdout
 
14:00:23 **** Incremental Build of configuration Debug for project NUCLEO_nRF24 ****
make -j4 all 
arm-none-eabi-size   NUCLEO_nRF24.elf 
   text	   data	    bss	    dec	    hex	filename
  23100	     20	   3700	  26820	   68c4	NUCLEO_nRF24.elf
Finished building: default.size.stdout
 
14:04:42 **** Incremental Build of configuration Debug for project Klebot ****
make -j4 all 
arm-none-eabi-size   Klebot.elf 
   text	   data	    bss	    dec	    hex	filename
  21548	    100	   2404	  24052	   5df4	Klebot.elf
Finished building: default.size.stdout
 
14:05:24 **** Incremental Build of configuration Debug for project NUCLEO_nRF24 ****
make -j4 all 
arm-none-eabi-size   NUCLEO_nRF24.elf 
   text	   data	    bss	    dec	    hex	filename
  23100	     20	   3700	  26820	   68c4	NUCLEO_nRF24.elf
Finished building: default.size.stdout
 
14:08:18 **** Incremental Build of configuration Debug for project Klecontroller ****
make -j4 all 
arm-none-eabi-size   Klecontroller.elf 
   text	   data	    bss	    dec	    hex	filename
  33488	    280	   3936	  37704	   9348	Klecontroller.elf
Finished building: default.size.stdout
 
