14:51:41 **** Incremental Build of configuration Debug for project Klecontroller ****
make -j4 all 
arm-none-eabi-gcc "../Core/Src/main.c" -mcpu=cortex-m4 -std=gnu11 -g3 -DDEBUG -DUSE_HAL_DRIVER -DSTM32F411xE -c -I../Core/Inc -I../Drivers/STM32F4xx_HAL_Driver/Inc -I../Drivers/STM32F4xx_HAL_Driver/Inc/Legacy -I../Drivers/CMSIS/Device/ST/STM32F4xx/Include -I../Drivers/CMSIS/Include -O0 -ffunction-sections -fdata-sections -Wall -fstack-usage -fcyclomatic-complexity -MMD -MP -MF"Core/Src/main.d" -MT"Core/Src/main.o" --specs=nano.specs -mfpu=fpv4-sp-d16 -mfloat-abi=hard -mthumb -o "Core/Src/main.o"
arm-none-eabi-gcc -o "Klecontroller.elf" @"objects.list"   -mcpu=cortex-m4 -T"C:\Users\pawel\Desktop\Michal\Klebot\Software\Klecontroller\STM32F411RCTX_FLASH.ld" --specs=nosys.specs -Wl,-Map="Klecontroller.map" -Wl,--gc-sections -static --specs=nano.specs -mfpu=fpv4-sp-d16 -mfloat-abi=hard -mthumb -Wl,--start-group -lc -lm -Wl,--end-group
Finished building target: Klecontroller.elf
 
arm-none-eabi-size   Klecontroller.elf 
arm-none-eabi-objdump -h -S  Klecontroller.elf  > "Klecontroller.list"
   text	   data	    bss	    dec	    hex	filename
  33488	    280	   3936	  37704	   9348	Klecontroller.elf
Finished building: default.size.stdout
 
Finished building: Klecontroller.list
 

14:51:43 Build Finished. 0 errors, 0 warnings. (took 1s.547ms)

