Archive member included to satisfy reference by file (symbol)

C:/ST/STM32CubeIDE_1.11.2/STM32CubeIDE/plugins/com.st.stm32cube.ide.mcu.externaltools.gnu-tools-for-stm32.11.3.rel1.win32_1.1.100.202309141235/tools/bin/../lib/gcc/arm-none-eabi/11.3.1/../../../../arm-none-eabi/lib/thumb/v7-m/nofp\libc_nano.a(libc_a-atof.o)
                              ./Core/Src/Programs/CalibPID_Prog.o (atof)
C:/ST/STM32CubeIDE_1.11.2/STM32CubeIDE/plugins/com.st.stm32cube.ide.mcu.externaltools.gnu-tools-for-stm32.11.3.rel1.win32_1.1.100.202309141235/tools/bin/../lib/gcc/arm-none-eabi/11.3.1/../../../../arm-none-eabi/lib/thumb/v7-m/nofp\libc_nano.a(libc_a-exit.o)
                              C:/ST/STM32CubeIDE_1.11.2/STM32CubeIDE/plugins/com.st.stm32cube.ide.mcu.externaltools.gnu-tools-for-stm32.11.3.rel1.win32_1.1.100.202309141235/tools/bin/../lib/gcc/arm-none-eabi/11.3.1/../../../../arm-none-eabi/lib/thumb/v7-m/nofp/crt0.o (exit)
C:/ST/STM32CubeIDE_1.11.2/STM32CubeIDE/plugins/com.st.stm32cube.ide.mcu.externaltools.gnu-tools-for-stm32.11.3.rel1.win32_1.1.100.202309141235/tools/bin/../lib/gcc/arm-none-eabi/11.3.1/../../../../arm-none-eabi/lib/thumb/v7-m/nofp\libc_nano.a(libc_a-strtod.o)
                              C:/ST/STM32CubeIDE_1.11.2/STM32CubeIDE/plugins/com.st.stm32cube.ide.mcu.externaltools.gnu-tools-for-stm32.11.3.rel1.win32_1.1.100.202309141235/tools/bin/../lib/gcc/arm-none-eabi/11.3.1/../../../../arm-none-eabi/lib/thumb/v7-m/nofp\libc_nano.a(libc_a-atof.o) (strtod)
C:/ST/STM32CubeIDE_1.11.2/STM32CubeIDE/plugins/com.st.stm32cube.ide.mcu.externaltools.gnu-tools-for-stm32.11.3.rel1.win32_1.1.100.202309141235/tools/bin/../lib/gcc/arm-none-eabi/11.3.1/../../../../arm-none-eabi/lib/thumb/v7-m/nofp\libc_nano.a(libc_a-nano-vfprintf_float.o)
                              (_printf_float)
C:/ST/STM32CubeIDE_1.11.2/STM32CubeIDE/plugins/com.st.stm32cube.ide.mcu.externaltools.gnu-tools-for-stm32.11.3.rel1.win32_1.1.100.202309141235/tools/bin/../lib/gcc/arm-none-eabi/11.3.1/../../../../arm-none-eabi/lib/thumb/v7-m/nofp\libc_nano.a(libc_a-nano-vfprintf_i.o)
                              C:/ST/STM32CubeIDE_1.11.2/STM32CubeIDE/plugins/com.st.stm32cube.ide.mcu.externaltools.gnu-tools-for-stm32.11.3.rel1.win32_1.1.100.202309141235/tools/bin/../lib/gcc/arm-none-eabi/11.3.1/../../../../arm-none-eabi/lib/thumb/v7-m/nofp\libc_nano.a(libc_a-nano-vfprintf_float.o) (_printf_common)
C:/ST/STM32CubeIDE_1.11.2/STM32CubeIDE/plugins/com.st.stm32cube.ide.mcu.externaltools.gnu-tools-for-stm32.11.3.rel1.win32_1.1.100.202309141235/tools/bin/../lib/gcc/arm-none-eabi/11.3.1/../../../../arm-none-eabi/lib/thumb/v7-m/nofp\libc_nano.a(libc_a-findfp.o)
                              C:/ST/STM32CubeIDE_1.11.2/STM32CubeIDE/plugins/com.st.stm32cube.ide.mcu.externaltools.gnu-tools-for-stm32.11.3.rel1.win32_1.1.100.202309141235/tools/bin/../lib/gcc/arm-none-eabi/11.3.1/../../../../arm-none-eabi/lib/thumb/v7-m/nofp\libc_nano.a(libc_a-exit.o) (__stdio_exit_handler)
C:/ST/STM32CubeIDE_1.11.2/STM32CubeIDE/plugins/com.st.stm32cube.ide.mcu.externaltools.gnu-tools-for-stm32.11.3.rel1.win32_1.1.100.202309141235/tools/bin/../lib/gcc/arm-none-eabi/11.3.1/../../../../arm-none-eabi/lib/thumb/v7-m/nofp\libc_nano.a(libc_a-fwalk.o)
                              C:/ST/STM32CubeIDE_1.11.2/STM32CubeIDE/plugins/com.st.stm32cube.ide.mcu.externaltools.gnu-tools-for-stm32.11.3.rel1.win32_1.1.100.202309141235/tools/bin/../lib/gcc/arm-none-eabi/11.3.1/../../../../arm-none-eabi/lib/thumb/v7-m/nofp\libc_nano.a(libc_a-findfp.o) (_fwalk_sglue)
C:/ST/STM32CubeIDE_1.11.2/STM32CubeIDE/plugins/com.st.stm32cube.ide.mcu.externaltools.gnu-tools-for-stm32.11.3.rel1.win32_1.1.100.202309141235/tools/bin/../lib/gcc/arm-none-eabi/11.3.1/../../../../arm-none-eabi/lib/thumb/v7-m/nofp\libc_nano.a(libc_a-sprintf.o)
                              ./Core/Src/motors.o (sprintf)
C:/ST/STM32CubeIDE_1.11.2/STM32CubeIDE/plugins/com.st.stm32cube.ide.mcu.externaltools.gnu-tools-for-stm32.11.3.rel1.win32_1.1.100.202309141235/tools/bin/../lib/gcc/arm-none-eabi/11.3.1/../../../../arm-none-eabi/lib/thumb/v7-m/nofp\libc_nano.a(libc_a-stdio.o)
                              C:/ST/STM32CubeIDE_1.11.2/STM32CubeIDE/plugins/com.st.stm32cube.ide.mcu.externaltools.gnu-tools-for-stm32.11.3.rel1.win32_1.1.100.202309141235/tools/bin/../lib/gcc/arm-none-eabi/11.3.1/../../../../arm-none-eabi/lib/thumb/v7-m/nofp\libc_nano.a(libc_a-findfp.o) (__sread)
C:/ST/STM32CubeIDE_1.11.2/STM32CubeIDE/plugins/com.st.stm32cube.ide.mcu.externaltools.gnu-tools-for-stm32.11.3.rel1.win32_1.1.100.202309141235/tools/bin/../lib/gcc/arm-none-eabi/11.3.1/../../../../arm-none-eabi/lib/thumb/v7-m/nofp\libc_nano.a(libc_a-memset.o)
                              C:/ST/STM32CubeIDE_1.11.2/STM32CubeIDE/plugins/com.st.stm32cube.ide.mcu.externaltools.gnu-tools-for-stm32.11.3.rel1.win32_1.1.100.202309141235/tools/bin/../lib/gcc/arm-none-eabi/11.3.1/../../../../arm-none-eabi/lib/thumb/v7-m/nofp/crt0.o (memset)
[...]
Memory Configuration

Name             Origin             Length             Attributes
RAM              0x0000000020000000 0x0000000000010000 xrw
FLASH            0x0000000008000000 0x0000000000040000 xr
*default*        0x0000000000000000 0xffffffffffffffff

Linker script and memory map

LOAD C:/ST/STM32CubeIDE_1.11.2/STM32CubeIDE/plugins/com.st.stm32cube.ide.mcu.externaltools.gnu-tools-for-stm32.11.3.rel1.win32_1.1.100.202309141235/tools/bin/../lib/gcc/arm-none-eabi/11.3.1/thumb/v7-m/nofp/crti.o
LOAD C:/ST/STM32CubeIDE_1.11.2/STM32CubeIDE/plugins/com.st.stm32cube.ide.mcu.externaltools.gnu-tools-for-stm32.11.3.rel1.win32_1.1.100.202309141235/tools/bin/../lib/gcc/arm-none-eabi/11.3.1/thumb/v7-m/nofp/crtbegin.o
LOAD C:/ST/STM32CubeIDE_1.11.2/STM32CubeIDE/plugins/com.st.stm32cube.ide.mcu.externaltools.gnu-tools-for-stm32.11.3.rel1.win32_1.1.100.202309141235/tools/bin/../lib/gcc/arm-none-eabi/11.3.1/../../../../arm-none-eabi/lib/thumb/v7-m/nofp/crt0.o
LOAD ./Core/Src/FIRFilter.o
LOAD ./Core/Src/PID.o
LOAD ./Core/Src/RingBuffer.o
LOAD ./Core/Src/drv8836.o
LOAD ./Core/Src/gpio.o
LOAD ./Core/Src/i2c.o
LOAD ./Core/Src/main.o
LOAD ./Core/Src/motor_encoder.o
LOAD ./Core/Src/motors.o
LOAD ./Core/Src/motors_task.o
LOAD ./Core/Src/nRF24.o
LOAD ./Core/Src/onboard_diode_task.o
LOAD ./Core/Src/parser_task.o
LOAD ./Core/Src/radio_task.o
LOAD ./Core/Src/spi.o
LOAD ./Core/Src/stm32f1xx_hal_msp.o
LOAD ./Core/Src/stm32f1xx_hal_timebase_tim.o
LOAD ./Core/Src/stm32f1xx_it.o
LOAD ./Core/Src/syscalls.o
LOAD ./Core/Src/sysmem.o
LOAD ./Core/Src/system_stm32f1xx.o
LOAD ./Core/Src/tim.o
LOAD ./Core/Src/usart.o
LOAD ./Core/Src/Programs/CalibPID_Prog.o
LOAD ./Core/Src/Programs/DiodeTest_Prog.o
LOAD ./Core/Src/Programs/MotorsDebug_Prog.o
LOAD ./Core/Src/Programs/klebot_programs.o
LOAD ./Core/Startup/startup_stm32f107rctx.o
LOAD ./Drivers/STM32F1xx_HAL_Driver/Src/stm32f1xx_hal.o
LOAD ./Drivers/STM32F1xx_HAL_Driver/Src/stm32f1xx_hal_cortex.o
LOAD ./Drivers/STM32F1xx_HAL_Driver/Src/stm32f1xx_hal_dma.o
LOAD ./Drivers/STM32F1xx_HAL_Driver/Src/stm32f1xx_hal_exti.o
LOAD ./Drivers/STM32F1xx_HAL_Driver/Src/stm32f1xx_hal_flash.o
LOAD ./Drivers/STM32F1xx_HAL_Driver/Src/stm32f1xx_hal_flash_ex.o
LOAD ./Drivers/STM32F1xx_HAL_Driver/Src/stm32f1xx_hal_gpio.o
LOAD ./Drivers/STM32F1xx_HAL_Driver/Src/stm32f1xx_hal_gpio_ex.o
LOAD ./Drivers/STM32F1xx_HAL_Driver/Src/stm32f1xx_hal_i2c.o
LOAD ./Drivers/STM32F1xx_HAL_Driver/Src/stm32f1xx_hal_pwr.o
LOAD ./Drivers/STM32F1xx_HAL_Driver/Src/stm32f1xx_hal_rcc.o
LOAD ./Drivers/STM32F1xx_HAL_Driver/Src/stm32f1xx_hal_rcc_ex.o
LOAD ./Drivers/STM32F1xx_HAL_Driver/Src/stm32f1xx_hal_spi.o
LOAD ./Drivers/STM32F1xx_HAL_Driver/Src/stm32f1xx_hal_tim.o
LOAD ./Drivers/STM32F1xx_HAL_Driver/Src/stm32f1xx_hal_tim_ex.o
LOAD ./Drivers/STM32F1xx_HAL_Driver/Src/stm32f1xx_hal_uart.o
LOAD ./Middlewares/Third_Party/FreeRTOS/Source/CMSIS_RTOS_V2/cmsis_os2.o
LOAD ./Middlewares/Third_Party/FreeRTOS/Source/croutine.o
LOAD ./Middlewares/Third_Party/FreeRTOS/Source/event_groups.o
LOAD ./Middlewares/Third_Party/FreeRTOS/Source/list.o
LOAD ./Middlewares/Third_Party/FreeRTOS/Source/queue.o
LOAD ./Middlewares/Third_Party/FreeRTOS/Source/stream_buffer.o
LOAD ./Middlewares/Third_Party/FreeRTOS/Source/tasks.o
LOAD ./Middlewares/Third_Party/FreeRTOS/Source/timers.o
LOAD ./Middlewares/Third_Party/FreeRTOS/Source/portable/GCC/ARM_CM3/port.o
LOAD ./Middlewares/Third_Party/FreeRTOS/Source/portable/MemMang/heap_4.o
START GROUP
LOAD C:/ST/STM32CubeIDE_1.11.2/STM32CubeIDE/plugins/com.st.stm32cube.ide.mcu.externaltools.gnu-tools-for-stm32.11.3.rel1.win32_1.1.100.202309141235/tools/bin/../lib/gcc/arm-none-eabi/11.3.1/../../../../arm-none-eabi/lib/thumb/v7-m/nofp\libc_nano.a
LOAD C:/ST/STM32CubeIDE_1.11.2/STM32CubeIDE/plugins/com.st.stm32cube.ide.mcu.externaltools.gnu-tools-for-stm32.11.3.rel1.win32_1.1.100.202309141235/tools/bin/../lib/gcc/arm-none-eabi/11.3.1/../../../../arm-none-eabi/lib/thumb/v7-m/nofp\libm.a
END GROUP
START GROUP
LOAD C:/ST/STM32CubeIDE_1.11.2/STM32CubeIDE/plugins/com.st.stm32cube.ide.mcu.externaltools.gnu-tools-for-stm32.11.3.rel1.win32_1.1.100.202309141235/tools/bin/../lib/gcc/arm-none-eabi/11.3.1/thumb/v7-m/nofp\libgcc.a
LOAD C:/ST/STM32CubeIDE_1.11.2/STM32CubeIDE/plugins/com.st.stm32cube.ide.mcu.externaltools.gnu-tools-for-stm32.11.3.rel1.win32_1.1.100.202309141235/tools/bin/../lib/gcc/arm-none-eabi/11.3.1/../../../../arm-none-eabi/lib/thumb/v7-m/nofp\libc_nano.a
END GROUP
START GROUP
LOAD C:/ST/STM32CubeIDE_1.11.2/STM32CubeIDE/plugins/com.st.stm32cube.ide.mcu.externaltools.gnu-tools-for-stm32.11.3.rel1.win32_1.1.100.202309141235/tools/bin/../lib/gcc/arm-none-eabi/11.3.1/thumb/v7-m/nofp\libgcc.a
LOAD C:/ST/STM32CubeIDE_1.11.2/STM32CubeIDE/plugins/com.st.stm32cube.ide.mcu.externaltools.gnu-tools-for-stm32.11.3.rel1.win32_1.1.100.202309141235/tools/bin/../lib/gcc/arm-none-eabi/11.3.1/../../../../arm-none-eabi/lib/thumb/v7-m/nofp\libc_nano.a
LOAD C:/ST/STM32CubeIDE_1.11.2/STM32CubeIDE/plugins/com.st.stm32cube.ide.mcu.externaltools.gnu-tools-for-stm32.11.3.rel1.win32_1.1.100.202309141235/tools/bin/../lib/gcc/arm-none-eabi/11.3.1/../../../../arm-none-eabi/lib/thumb/v7-m/nofp\libnosys.a
END GROUP
START GROUP
LOAD C:/ST/STM32CubeIDE_1.11.2/STM32CubeIDE/plugins/com.st.stm32cube.ide.mcu.externaltools.gnu-tools-for-stm32.11.3.rel1.win32_1.1.100.202309141235/tools/bin/../lib/gcc/arm-none-eabi/11.3.1/thumb/v7-m/nofp\libgcc.a
LOAD C:/ST/STM32CubeIDE_1.11.2/STM32CubeIDE/plugins/com.st.stm32cube.ide.mcu.externaltools.gnu-tools-for-stm32.11.3.rel1.win32_1.1.100.202309141235/tools/bin/../lib/gcc/arm-none-eabi/11.3.1/../../../../arm-none-eabi/lib/thumb/v7-m/nofp\libc_nano.a
LOAD C:/ST/STM32CubeIDE_1.11.2/STM32CubeIDE/plugins/com.st.stm32cube.ide.mcu.externaltools.gnu-tools-for-stm32.11.3.rel1.win32_1.1.100.202309141235/tools/bin/../lib/gcc/arm-none-eabi/11.3.1/../../../../arm-none-eabi/lib/thumb/v7-m/nofp\libnosys.a
END GROUP
LOAD C:/ST/STM32CubeIDE_1.11.2/STM32CubeIDE/plugins/com.st.stm32cube.ide.mcu.externaltools.gnu-tools-for-stm32.11.3.rel1.win32_1.1.100.202309141235/tools/bin/../lib/gcc/arm-none-eabi/11.3.1/thumb/v7-m/nofp/crtend.o
LOAD C:/ST/STM32CubeIDE_1.11.2/STM32CubeIDE/plugins/com.st.stm32cube.ide.mcu.externaltools.gnu-tools-for-stm32.11.3.rel1.win32_1.1.100.202309141235/tools/bin/../lib/gcc/arm-none-eabi/11.3.1/thumb/v7-m/nofp/crtn.o
                0x0000000020010000                _estack = (ORIGIN (RAM) + LENGTH (RAM))
                0x0000000000000800                _Min_Heap_Size = 0x800
                0x0000000000001000                _Min_Stack_Size = 0x1000

.isr_vector     0x0000000008000000      0x1e4
                0x0000000008000000                . = ALIGN (0x4)
 *(.isr_vector)
 .isr_vector    0x0000000008000000      0x1e4 ./Core/Startup/startup_stm32f107rctx.o
                0x0000000008000000                g_pfnVectors
                0x00000000080001e4                . = ALIGN (0x4)

.text           0x00000000080001f0     0xe220
                0x00000000080001f0                . = ALIGN (0x4)
 *(.text)
 .text          0x00000000080001f0       0x40 C:/ST/STM32CubeIDE_1.11.2/STM32CubeIDE/plugins/com.st.stm32cube.ide.mcu.externaltools.gnu-tools-for-stm32.11.3.rel1.win32_1.1.100.202309141235/tools/bin/../lib/gcc/arm-none-eabi/11.3.1/thumb/v7-m/nofp/crtbegin.o
 .text          0x0000000008000230       0x10 C:/ST/STM32CubeIDE_1.11.2/STM32CubeIDE/plugins/com.st.stm32cube.ide.mcu.externaltools.gnu-tools-for-stm32.11.3.rel1.win32_1.1.100.202309141235/tools/bin/../lib/gcc/arm-none-eabi/11.3.1/../../../../arm-none-eabi/lib/thumb/v7-m/nofp\libc_nano.a(libc_a-strlen.o)
                0x0000000008000230                strlen
 .text          0x0000000008000240      0x378 C:/ST/STM32CubeIDE_1.11.2/STM32CubeIDE/plugins/com.st.stm32cube.ide.mcu.externaltools.gnu-tools-for-stm32.11.3.rel1.win32_1.1.100.202309141235/tools/bin/../lib/gcc/arm-none-eabi/11.3.1/thumb/v7-m/nofp\libgcc.a(_arm_addsubdf3.o)
                0x0000000008000240                __aeabi_drsub
                0x0000000008000248                __aeabi_dsub
                0x0000000008000248                __subdf3
                0x000000000800024c                __aeabi_dadd
                0x000000000800024c                __adddf3
                0x00000000080004c4                __floatunsidf
                0x00000000080004c4                __aeabi_ui2d
                0x00000000080004e4                __floatsidf
                0x00000000080004e4                __aeabi_i2d
                0x0000000008000508                __aeabi_f2d
                0x0000000008000508                __extendsfdf2
                0x000000000800054c                __floatundidf
                0x000000000800054c                __aeabi_ul2d
                0x000000000800055c                __floatdidf
                0x000000000800055c                __aeabi_l2d
 .text          0x00000000080005b8      0x424 C:/ST/STM32CubeIDE_1.11.2/STM32CubeIDE/plugins/com.st.stm32cube.ide.mcu.externaltools.gnu-tools-for-stm32.11.3.rel1.win32_1.1.100.202309141235/tools/bin/../lib/gcc/arm-none-eabi/11.3.1/thumb/v7-m/nofp\libgcc.a(_arm_muldivdf3.o)
                0x00000000080005b8                __aeabi_dmul
                0x00000000080005b8                __muldf3
                0x000000000800080c                __divdf3
                0x000000000800080c                __aeabi_ddiv
 .text          0x00000000080009dc      0x110 C:/ST/STM32CubeIDE_1.11.2/STM32CubeIDE/plugins/com.st.stm32cube.ide.mcu.externaltools.gnu-tools-for-stm32.11.3.rel1.win32_1.1.100.202309141235/tools/bin/../lib/gcc/arm-none-eabi/11.3.1/thumb/v7-m/nofp\libgcc.a(_arm_cmpdf2.o)
                0x00000000080009dc                __gtdf2
                0x00000000080009dc                __gedf2
                0x00000000080009e4                __ltdf2
                0x00000000080009e4                __ledf2
                0x00000000080009ec                __nedf2
                0x00000000080009ec                __eqdf2
                0x00000000080009ec                __cmpdf2
                0x0000000008000a68                __aeabi_cdrcmple
                0x0000000008000a78                __aeabi_cdcmpeq
                0x0000000008000a78                __aeabi_cdcmple
                0x0000000008000a88                __aeabi_dcmpeq
                0x0000000008000a9c                __aeabi_dcmplt
                0x0000000008000ab0                __aeabi_dcmple
                0x0000000008000ac4                __aeabi_dcmpge
                0x0000000008000ad8                __aeabi_dcmpgt
 .text          0x0000000008000aec       0x2c C:/ST/STM32CubeIDE_1.11.2/STM32CubeIDE/plugins/com.st.stm32cube.ide.mcu.externaltools.gnu-tools-for-stm32.11.3.rel1.win32_1.1.100.202309141235/tools/bin/../lib/gcc/arm-none-eabi/11.3.1/thumb/v7-m/nofp\libgcc.a(_arm_unorddf2.o)
                0x0000000008000aec                __unorddf2
                0x0000000008000aec                __aeabi_dcmpun
 .text          0x0000000008000b18       0x50 C:/ST/STM32CubeIDE_1.11.2/STM32CubeIDE/plugins/com.st.stm32cube.ide.mcu.externaltools.gnu-tools-for-stm32.11.3.rel1.win32_1.1.100.202309141235/tools/bin/../lib/gcc/arm-none-eabi/11.3.1/thumb/v7-m/nofp\libgcc.a(_arm_fixdfsi.o)
                0x0000000008000b18                __aeabi_d2iz
                0x0000000008000b18                __fixdfsi
 .text          0x0000000008000b68       0x40 C:/ST/STM32CubeIDE_1.11.2/STM32CubeIDE/plugins/com.st.stm32cube.ide.mcu.externaltools.gnu-tools-for-stm32.11.3.rel1.win32_1.1.100.202309141235/tools/bin/../lib/gcc/arm-none-eabi/11.3.1/thumb/v7-m/nofp\libgcc.a(_arm_fixunsdfsi.o)
                0x0000000008000b68                __aeabi_d2uiz
                0x0000000008000b68                __fixunsdfsi
 .text          0x0000000008000ba8       0xa0 C:/ST/STM32CubeIDE_1.11.2/STM32CubeIDE/plugins/com.st.stm32cube.ide.mcu.externaltools.gnu-tools-for-stm32.11.3.rel1.win32_1.1.100.202309141235/tools/bin/../lib/gcc/arm-none-eabi/11.3.1/thumb/v7-m/nofp\libgcc.a(_arm_truncdfsf2.o)
                0x0000000008000ba8                __truncdfsf2
                0x0000000008000ba8                __aeabi_d2f
 .text          0x0000000008000c48      0x21c C:/ST/STM32CubeIDE_1.11.2/STM32CubeIDE/plugins/com.st.stm32cube.ide.mcu.externaltools.gnu-tools-for-stm32.11.3.rel1.win32_1.1.100.202309141235/tools/bin/../lib/gcc/arm-none-eabi/11.3.1/thumb/v7-m/nofp\libgcc.a(_arm_addsubsf3.o)
                0x0000000008000c48                __aeabi_frsub
                0x0000000008000c50                __subsf3
                0x0000000008000c50                __aeabi_fsub
                0x0000000008000c54                __aeabi_fadd
                0x0000000008000c54                __addsf3
                0x0000000008000db4                __aeabi_ui2f
                0x0000000008000db4                __floatunsisf
                0x0000000008000dbc                __aeabi_i2f
                0x0000000008000dbc                __floatsisf
                0x0000000008000dd8                __aeabi_ul2f
                0x0000000008000dd8                __floatundisf
                0x0000000008000de8                __aeabi_l2f
                0x0000000008000de8                __floatdisf
 .text          0x0000000008000e64      0x2a0 C:/ST/STM32CubeIDE_1.11.2/STM32CubeIDE/plugins/com.st.stm32cube.ide.mcu.externaltools.gnu-tools-for-stm32.11.3.rel1.win32_1.1.100.202309141235/tools/bin/../lib/gcc/arm-none-eabi/11.3.1/thumb/v7-m/nofp\libgcc.a(_arm_muldivsf3.o)
                0x0000000008000e64                __mulsf3
                0x0000000008000e64                __aeabi_fmul
                0x0000000008000fcc                __aeabi_fdiv
                0x0000000008000fcc                __divsf3
 .text          0x0000000008001104       0xec C:/ST/STM32CubeIDE_1.11.2/STM32CubeIDE/plugins/com.st.stm32cube.ide.mcu.externaltools.gnu-tools-for-stm32.11.3.rel1.win32_1.1.100.202309141235/tools/bin/../lib/gcc/arm-none-eabi/11.3.1/thumb/v7-m/nofp\libgcc.a(_arm_cmpsf2.o)
                0x0000000008001104                __gesf2
                0x0000000008001104                __gtsf2
                0x000000000800110c                __lesf2
                0x000000000800110c                __ltsf2
                0x0000000008001114                __nesf2
                0x0000000008001114                __eqsf2
                0x0000000008001114                __cmpsf2
                0x0000000008001174                __aeabi_cfrcmple
                0x000000000800117c                __aeabi_cfcmpeq
                0x000000000800117c                __aeabi_cfcmple
                0x000000000800118c                __aeabi_fcmpeq
                0x00000000080011a0                __aeabi_fcmplt
                0x00000000080011b4                __aeabi_fcmple
                0x00000000080011c8                __aeabi_fcmpge
                0x00000000080011dc                __aeabi_fcmpgt
 .text          0x00000000080011f0       0x4c C:/ST/STM32CubeIDE_1.11.2/STM32CubeIDE/plugins/com.st.stm32cube.ide.mcu.externaltools.gnu-tools-for-stm32.11.3.rel1.win32_1.1.100.202309141235/tools/bin/../lib/gcc/arm-none-eabi/11.3.1/thumb/v7-m/nofp\libgcc.a(_arm_fixsfsi.o)
                0x00000000080011f0                __aeabi_f2iz
                0x00000000080011f0                __fixsfsi
 .text          0x000000000800123c       0x30 C:/ST/STM32CubeIDE_1.11.2/STM32CubeIDE/plugins/com.st.stm32cube.ide.mcu.externaltools.gnu-tools-for-stm32.11.3.rel1.win32_1.1.100.202309141235/tools/bin/../lib/gcc/arm-none-eabi/11.3.1/thumb/v7-m/nofp\libgcc.a(_aeabi_uldivmod.o)
                0x000000000800123c                __aeabi_uldivmod
 .text          0x000000000800126c       0x34 C:/ST/STM32CubeIDE_1.11.2/STM32CubeIDE/plugins/com.st.stm32cube.ide.mcu.externaltools.gnu-tools-for-stm32.11.3.rel1.win32_1.1.100.202309141235/tools/bin/../lib/gcc/arm-none-eabi/11.3.1/thumb/v7-m/nofp\libgcc.a(_fixdfdi.o)
                0x000000000800126c                __fixdfdi
                0x000000000800126c                __aeabi_d2lz
 .text          0x00000000080012a0       0x3c C:/ST/STM32CubeIDE_1.11.2/STM32CubeIDE/plugins/com.st.stm32cube.ide.mcu.externaltools.gnu-tools-for-stm32.11.3.rel1.win32_1.1.100.202309141235/tools/bin/../lib/gcc/arm-none-eabi/11.3.1/thumb/v7-m/nofp\libgcc.a(_fixunsdfdi.o)
                0x00000000080012a0                __fixunsdfdi
                0x00000000080012a0                __aeabi_d2ulz
 .text          0x00000000080012dc      0x2cc C:/ST/STM32CubeIDE_1.11.2/STM32CubeIDE/plugins/com.st.stm32cube.ide.mcu.externaltools.gnu-tools-for-stm32.11.3.rel1.win32_1.1.100.202309141235/tools/bin/../lib/gcc/arm-none-eabi/11.3.1/thumb/v7-m/nofp\libgcc.a(_udivmoddi4.o)
                0x00000000080012dc                __udivmoddi4
 .text          0x00000000080015a8        0x4 C:/ST/STM32CubeIDE_1.11.2/STM32CubeIDE/plugins/com.st.stm32cube.ide.mcu.externaltools.gnu-tools-for-stm32.11.3.rel1.win32_1.1.100.202309141235/tools/bin/../lib/gcc/arm-none-eabi/11.3.1/thumb/v7-m/nofp\libgcc.a(_dvmd_tls.o)
                0x00000000080015a8                __aeabi_idiv0
                0x00000000080015a8                __aeabi_ldiv0
 *(.text*)
 .text.FIRFilter_Init
                0x00000000080015ac       0x40 ./Core/Src/FIRFilter.o
                0x00000000080015ac                FIRFilter_Init
 .text.FIRFilter_Update
                0x00000000080015ec       0xac ./Core/Src/FIRFilter.o
                0x00000000080015ec                FIRFilter_Update
 .text.PID_SetGains
                0x0000000008001698       0x2a ./Core/Src/PID.o
                0x0000000008001698                PID_SetGains
 .text.PID_ResetTemps
                0x00000000080016c2       0x24 ./Core/Src/PID.o
                0x00000000080016c2                PID_ResetTemps
 .text.PID_Update
                0x00000000080016e6      0x15e ./Core/Src/PID.o
                0x00000000080016e6                PID_Update
 .text.DRV8836_Init
                0x0000000008001844      0x17c ./Core/Src/drv8836.o
                0x0000000008001844                DRV8836_Init
 .text.DRV8836_SetMotor
                0x00000000080019c0      0x2d4 ./Core/Src/drv8836.o
                0x00000000080019c0                DRV8836_SetMotor
 .text.MX_GPIO_Init
                0x0000000008001c94      0x16c ./Core/Src/gpio.o
                0x0000000008001c94                MX_GPIO_Init
 .text.MX_I2C1_Init
                0x0000000008001e00       0x5c ./Core/Src/i2c.o
                0x0000000008001e00                MX_I2C1_Init
 .text.HAL_I2C_MspInit
                0x0000000008001e5c       0xa0 ./Core/Src/i2c.o
                0x0000000008001e5c                HAL_I2C_MspInit
 .text.ITM_SendChar
                0x0000000008001efc       0x4c ./Core/Src/main.o
 .text.main     0x0000000008001f48       0x88 ./Core/Src/main.o
                0x0000000008001f48                main
 .text.SystemClock_Config
                0x0000000008001fd0       0x9c ./Core/Src/main.o
                0x0000000008001fd0                SystemClock_Config
 .text.__io_putchar
                0x000000000800206c       0x1a ./Core/Src/main.o
                0x000000000800206c                __io_putchar
 .text.HAL_GPIO_EXTI_Callback
                0x0000000008002086       0x1e ./Core/Src/main.o
                0x0000000008002086                HAL_GPIO_EXTI_Callback
 .text.HAL_TIM_PeriodElapsedCallback
                0x00000000080020a4       0x38 ./Core/Src/main.o
                0x00000000080020a4                HAL_TIM_PeriodElapsedCallback
 .text.Error_Handler
                0x00000000080020dc        0xa ./Core/Src/main.o
                0x00000000080020dc                Error_Handler
 .text.MotorEnc_Init
                0x00000000080020e6       0x20 ./Core/Src/motor_encoder.o
                0x00000000080020e6                MotorEnc_Init
 *fill*         0x0000000008002106        0x2 
 .text.MotorEnc_Update
                0x0000000008002108       0xc0 ./Core/Src/motor_encoder.o
                0x0000000008002108                MotorEnc_Update
 .text.Motors_Init
                0x00000000080021c8       0x5c ./Core/Src/motors.o
                0x00000000080021c8                Motors_Init
 .text.Motors_SetMotor
                0x0000000008002224       0x2c ./Core/Src/motors.o
                0x0000000008002224                Motors_SetMotor
 .text.Motors_SetMotorPWM
                0x0000000008002250       0x50 ./Core/Src/motors.o
                0x0000000008002250                Motors_SetMotorPWM
 .text.Motors_SetMotorDirection
                0x00000000080022a0       0x50 ./Core/Src/motors.o
                0x00000000080022a0                Motors_SetMotorDirection
 .text.Motors_SetMotorsOff
                0x00000000080022f0       0x44 ./Core/Src/motors.o
                0x00000000080022f0                Motors_SetMotorsOff
 .text.Motors_EncoderSample
                0x0000000008002334      0x210 ./Core/Src/motors.o
                0x0000000008002334                Motors_EncoderSample
 .text.Motors_SetControllPID
                0x0000000008002544       0x30 ./Core/Src/motors.o
                0x0000000008002544                Motors_SetControllPID
 .text.Motors_SetPIDTarget
                0x0000000008002574       0x74 ./Core/Src/motors.o
                0x0000000008002574                Motors_SetPIDTarget
 .text.Motors_SetKP
                0x00000000080025e8       0x80 ./Core/Src/motors.o
                0x00000000080025e8                Motors_SetKP
 .text.Motors_SetKI
                0x0000000008002668       0x80 ./Core/Src/motors.o
                0x0000000008002668                Motors_SetKI
 .text.Motors_SetKD
                0x00000000080026e8       0x80 ./Core/Src/motors.o
                0x00000000080026e8                Motors_SetKD
 .text.Motors_ResetTemps
                0x0000000008002768       0x54 ./Core/Src/motors.o
                0x0000000008002768                Motors_ResetTemps
 .text.nRF24_Delay_ms
                0x00000000080027bc       0x1a ./Core/Src/nRF24.o
 *fill*         0x00000000080027d6        0x2 
 .text.nRF24_SendSpi
                0x00000000080027d8       0x2c ./Core/Src/nRF24.o
 .text.nRF24_ReadSpi
                0x0000000008002804       0x2c ./Core/Src/nRF24.o
 .text.nRF24_ReadRegister
                0x0000000008002830       0x48 ./Core/Src/nRF24.o
 .text.nRF24_ReadRegisters
                0x0000000008002878       0x48 ./Core/Src/nRF24.o
 .text.nRF24_WriteRegister
                0x00000000080028c0       0x4c ./Core/Src/nRF24.o
 .text.nRF24_WriteRegisters
                0x000000000800290c       0x50 ./Core/Src/nRF24.o
 .text.nRF24_RX_Mode
                0x000000000800295c       0x5c ./Core/Src/nRF24.o
                0x000000000800295c                nRF24_RX_Mode
 .text.nRF24_ReadConfig
                0x00000000080029b8       0x10 ./Core/Src/nRF24.o
                0x00000000080029b8                nRF24_ReadConfig
 .text.nRF24_WriteConfig
                0x00000000080029c8       0x1c ./Core/Src/nRF24.o
                0x00000000080029c8                nRF24_WriteConfig
 .text.nRF24_SetPALevel
                0x00000000080029e4       0x3e ./Core/Src/nRF24.o
                0x00000000080029e4                nRF24_SetPALevel
 .text.nRF24_SetDataRate
                0x0000000008002a22       0x4c ./Core/Src/nRF24.o
                0x0000000008002a22                nRF24_SetDataRate
 .text.nRF24_ReadStatus
                0x0000000008002a6e       0x10 ./Core/Src/nRF24.o
                0x0000000008002a6e                nRF24_ReadStatus
 .text.nRF24_WriteStatus
                0x0000000008002a7e       0x1c ./Core/Src/nRF24.o
                0x0000000008002a7e                nRF24_WriteStatus
 *fill*         0x0000000008002a9a        0x2 
 .text.nRF24_FlushRX
                0x0000000008002a9c       0x34 ./Core/Src/nRF24.o
                0x0000000008002a9c                nRF24_FlushRX
 .text.nRF24_FlushTX
                0x0000000008002ad0       0x34 ./Core/Src/nRF24.o
                0x0000000008002ad0                nRF24_FlushTX
 .text.nRF24_EnableCRC
                0x0000000008002b04       0x3a ./Core/Src/nRF24.o
                0x0000000008002b04                nRF24_EnableCRC
 .text.nRF24_SetCRCLength
                0x0000000008002b3e       0x3a ./Core/Src/nRF24.o
                0x0000000008002b3e                nRF24_SetCRCLength
 .text.nRF24_SetRetries
                0x0000000008002b78       0x36 ./Core/Src/nRF24.o
                0x0000000008002b78                nRF24_SetRetries
 .text.nRF24_SetRFChannel
                0x0000000008002bae       0x22 ./Core/Src/nRF24.o
                0x0000000008002bae                nRF24_SetRFChannel
 .text.nRF24_EnablePipe
                0x0000000008002bd0       0x6a ./Core/Src/nRF24.o
                0x0000000008002bd0                nRF24_EnablePipe
 .text.nRF24_AutoACK
                0x0000000008002c3a       0x6a ./Core/Src/nRF24.o
                0x0000000008002c3a                nRF24_AutoACK
 .text.nRF24_SetAddressWidth
                0x0000000008002ca4       0x3a ./Core/Src/nRF24.o
                0x0000000008002ca4                nRF24_SetAddressWidth
 .text.nRF24_SetRXAddress
                0x0000000008002cde       0x72 ./Core/Src/nRF24.o
                0x0000000008002cde                nRF24_SetRXAddress
 .text.nRF24_SetTXAddress
                0x0000000008002d50       0x8c ./Core/Src/nRF24.o
                0x0000000008002d50                nRF24_SetTXAddress
 .text.nRF24_ClearInterrupts
                0x0000000008002ddc       0x26 ./Core/Src/nRF24.o
                0x0000000008002ddc                nRF24_ClearInterrupts
 .text.nRF24_GetDynamicPayloadSize
                0x0000000008002e02       0x32 ./Core/Src/nRF24.o
                0x0000000008002e02                nRF24_GetDynamicPayloadSize
 .text.nRF24_EnableRXDataReadyIRQ
                0x0000000008002e34       0x3a ./Core/Src/nRF24.o
                0x0000000008002e34                nRF24_EnableRXDataReadyIRQ
 .text.nRF24_EnableTXDataSentIRQ
                0x0000000008002e6e       0x3a ./Core/Src/nRF24.o
                0x0000000008002e6e                nRF24_EnableTXDataSentIRQ
 .text.nRF24_EnableMaxRetransmitIRQ
                0x0000000008002ea8       0x3a ./Core/Src/nRF24.o
                0x0000000008002ea8                nRF24_EnableMaxRetransmitIRQ
 .text.nRF24_ReadRXPaylaod
                0x0000000008002ee2       0x2c ./Core/Src/nRF24.o
                0x0000000008002ee2                nRF24_ReadRXPaylaod
 *fill*         0x0000000008002f0e        0x2 
 .text.nRF24_IRQ_Handler
                0x0000000008002f10       0x18 ./Core/Src/nRF24.o
                0x0000000008002f10                nRF24_IRQ_Handler
 .text.nRF24_IRQ_Read
                0x0000000008002f28       0x8c ./Core/Src/nRF24.o
                0x0000000008002f28                nRF24_IRQ_Read
 .text.nRF24_Event
                0x0000000008002fb4       0x50 ./Core/Src/nRF24.o
                0x0000000008002fb4                nRF24_Event
 .text.nRF24_Init
                0x0000000008003004       0xd0 ./Core/Src/nRF24.o
                0x0000000008003004                nRF24_Init
 .text.nRF24_WriteAckPayload
                0x00000000080030d4       0x3e ./Core/Src/nRF24.o
                0x00000000080030d4                nRF24_WriteAckPayload
 *fill*         0x0000000008003112        0x2 
 .text.vTaskOnboardDiode
                0x0000000008003114       0x20 ./Core/Src/onboard_diode_task.o
                0x0000000008003114                vTaskOnboardDiode
 .text.Parser_ParseProgramLaunchCommand
                0x0000000008003134       0x64 ./Core/Src/parser_task.o
                0x0000000008003134                Parser_ParseProgramLaunchCommand
 .text.Parser_ProgramParser
                0x0000000008003198       0x7a ./Core/Src/parser_task.o
                0x0000000008003198                Parser_ProgramParser
 .text.Parser_HardwareParser
                0x0000000008003212       0x18 ./Core/Src/parser_task.o
                0x0000000008003212                Parser_HardwareParser
 *fill*         0x000000000800322a        0x2 
 .text.vTaskParser
                0x000000000800322c       0x6c ./Core/Src/parser_task.o
                0x000000000800322c                vTaskParser
 .text.Parser_TaskInit
                0x0000000008003298       0x2c ./Core/Src/parser_task.o
                0x0000000008003298                Parser_TaskInit
 .text.Parser_WriteCommand
                0x00000000080032c4       0x3c ./Core/Src/parser_task.o
                0x00000000080032c4                Parser_WriteCommand
 .text.vTaskRadio
                0x0000000008003300       0x84 ./Core/Src/radio_task.o
                0x0000000008003300                vTaskRadio
 .text.Radio_TaskInit
                0x0000000008003384       0x54 ./Core/Src/radio_task.o
                0x0000000008003384                Radio_TaskInit
 .text.Radio_HandlerIRQ
                0x00000000080033d8       0x60 ./Core/Src/radio_task.o
                0x00000000080033d8                Radio_HandlerIRQ
 .text.Radio_TxPutFrame
                0x0000000008003438       0x60 ./Core/Src/radio_task.o
                0x0000000008003438                Radio_TxPutFrame
 .text.nRF24_EventTxCallback
                0x0000000008003498       0x20 ./Core/Src/radio_task.o
                0x0000000008003498                nRF24_EventTxCallback
 .text.nRF24_EventRxCallback
                0x00000000080034b8       0x54 ./Core/Src/radio_task.o
                0x00000000080034b8                nRF24_EventRxCallback
 .text.nRF24_EventMrCallback
                0x000000000800350c       0x18 ./Core/Src/radio_task.o
                0x000000000800350c                nRF24_EventMrCallback
 .text.MX_SPI3_Init
                0x0000000008003524       0x6c ./Core/Src/spi.o
                0x0000000008003524                MX_SPI3_Init
 .text.HAL_SPI_MspInit
                0x0000000008003590       0xb8 ./Core/Src/spi.o
                0x0000000008003590                HAL_SPI_MspInit
 .text.HAL_MspInit
                0x0000000008003648       0x70 ./Core/Src/stm32f1xx_hal_msp.o
                0x0000000008003648                HAL_MspInit
 .text.HAL_InitTick
                0x00000000080036b8       0xfc ./Core/Src/stm32f1xx_hal_timebase_tim.o
                0x00000000080036b8                HAL_InitTick
 .text.NMI_Handler
                0x00000000080037b4        0x6 ./Core/Src/stm32f1xx_it.o
                0x00000000080037b4                NMI_Handler
 .text.HardFault_Handler
                0x00000000080037ba        0x6 ./Core/Src/stm32f1xx_it.o
                0x00000000080037ba                HardFault_Handler
 .text.MemManage_Handler
                0x00000000080037c0        0x6 ./Core/Src/stm32f1xx_it.o
                0x00000000080037c0                MemManage_Handler
 .text.BusFault_Handler
                0x00000000080037c6        0x6 ./Core/Src/stm32f1xx_it.o
                0x00000000080037c6                BusFault_Handler
 .text.UsageFault_Handler
                0x00000000080037cc        0x6 ./Core/Src/stm32f1xx_it.o
                0x00000000080037cc                UsageFault_Handler
 .text.DebugMon_Handler
                0x00000000080037d2        0xc ./Core/Src/stm32f1xx_it.o
                0x00000000080037d2                DebugMon_Handler
 .text.EXTI15_10_IRQHandler
                0x00000000080037de       0x10 ./Core/Src/stm32f1xx_it.o
                0x00000000080037de                EXTI15_10_IRQHandler
 *fill*         0x00000000080037ee        0x2 
 .text.TIM6_IRQHandler
                0x00000000080037f0       0x14 ./Core/Src/stm32f1xx_it.o
                0x00000000080037f0                TIM6_IRQHandler
 .text.TIM7_IRQHandler
                0x0000000008003804       0x14 ./Core/Src/stm32f1xx_it.o
                0x0000000008003804                TIM7_IRQHandler
 .text._getpid  0x0000000008003818        0xe ./Core/Src/syscalls.o
                0x0000000008003818                _getpid
 .text._kill    0x0000000008003826       0x20 ./Core/Src/syscalls.o
                0x0000000008003826                _kill
 .text._exit    0x0000000008003846       0x14 ./Core/Src/syscalls.o
                0x0000000008003846                _exit
 .text._read    0x000000000800385a       0x3a ./Core/Src/syscalls.o
                0x000000000800385a                _read
 .text._write   0x0000000008003894       0x38 ./Core/Src/syscalls.o
                0x0000000008003894                _write
 .text._close   0x00000000080038cc       0x16 ./Core/Src/syscalls.o
                0x00000000080038cc                _close
 .text._fstat   0x00000000080038e2       0x1e ./Core/Src/syscalls.o
                0x00000000080038e2                _fstat
 .text._isatty  0x0000000008003900       0x14 ./Core/Src/syscalls.o
                0x0000000008003900                _isatty
 .text._lseek   0x0000000008003914       0x18 ./Core/Src/syscalls.o
                0x0000000008003914                _lseek
 .text._sbrk    0x000000000800392c       0x6c ./Core/Src/sysmem.o
                0x000000000800392c                _sbrk
 .text.SystemInit
                0x0000000008003998        0xc ./Core/Src/system_stm32f1xx.o
                0x0000000008003998                SystemInit
 .text.MX_TIM1_Init
                0x00000000080039a4       0xb0 ./Core/Src/tim.o
                0x00000000080039a4                MX_TIM1_Init
 .text.MX_TIM3_Init
                0x0000000008003a54      0x12c ./Core/Src/tim.o
                0x0000000008003a54                MX_TIM3_Init
 .text.MX_TIM4_Init
                0x0000000008003b80       0xa8 ./Core/Src/tim.o
                0x0000000008003b80                MX_TIM4_Init
 .text.MX_TIM7_Init
                0x0000000008003c28       0x6c ./Core/Src/tim.o
                0x0000000008003c28                MX_TIM7_Init
 .text.HAL_TIM_Encoder_MspInit
                0x0000000008003c94       0xdc ./Core/Src/tim.o
                0x0000000008003c94                HAL_TIM_Encoder_MspInit
 .text.HAL_TIM_Base_MspInit
                0x0000000008003d70       0x74 ./Core/Src/tim.o
                0x0000000008003d70                HAL_TIM_Base_MspInit
 .text.HAL_TIM_MspPostInit
                0x0000000008003de4       0x90 ./Core/Src/tim.o
                0x0000000008003de4                HAL_TIM_MspPostInit
 .text.MX_USART2_UART_Init
                0x0000000008003e74       0x54 ./Core/Src/usart.o
                0x0000000008003e74                MX_USART2_UART_Init
 .text.HAL_UART_MspInit
                0x0000000008003ec8       0x94 ./Core/Src/usart.o
                0x0000000008003ec8                HAL_UART_MspInit
 .text.Prog_CalibPID_Init
                0x0000000008003f5c        0xe ./Core/Src/Programs/CalibPID_Prog.o
                0x0000000008003f5c                Prog_CalibPID_Init
 .text.Prog_CalibPID_Deinit
                0x0000000008003f6a        0xe ./Core/Src/Programs/CalibPID_Prog.o
                0x0000000008003f6a                Prog_CalibPID_Deinit
 .text.Prog_CalibPID_Program
                0x0000000008003f78        0xe ./Core/Src/Programs/CalibPID_Prog.o
                0x0000000008003f78                Prog_CalibPID_Program
 *fill*         0x0000000008003f86        0x2 
 .text.Prog_CalibPID_Launch
                0x0000000008003f88       0x14 ./Core/Src/Programs/CalibPID_Prog.o
                0x0000000008003f88                Prog_CalibPID_Launch
 .text.Prog_CalibPID_Parser
                0x0000000008003f9c      0x1bc ./Core/Src/Programs/CalibPID_Prog.o
                0x0000000008003f9c                Prog_CalibPID_Parser
 .text.Prog_DiodeTest_Init
                0x0000000008004158       0x18 ./Core/Src/Programs/DiodeTest_Prog.o
                0x0000000008004158                Prog_DiodeTest_Init
 .text.Prog_DiodeTest_Deinit
                0x0000000008004170        0xe ./Core/Src/Programs/DiodeTest_Prog.o
                0x0000000008004170                Prog_DiodeTest_Deinit
 .text.Prog_DiodeTest_Program
                0x000000000800417e        0xe ./Core/Src/Programs/DiodeTest_Prog.o
                0x000000000800417e                Prog_DiodeTest_Program
 .text.Prog_DiodeTest_Launch
                0x000000000800418c       0x14 ./Core/Src/Programs/DiodeTest_Prog.o
                0x000000000800418c                Prog_DiodeTest_Launch
 .text.Prog_DiodeTest_Parser
                0x00000000080041a0       0x5c ./Core/Src/Programs/DiodeTest_Prog.o
                0x00000000080041a0                Prog_DiodeTest_Parser
 .text.Prog_MotorsDebug_Init
                0x00000000080041fc       0x1c ./Core/Src/Programs/MotorsDebug_Prog.o
                0x00000000080041fc                Prog_MotorsDebug_Init
 .text.Prog_MotorsDebug_Deinit
                0x0000000008004218        0xe ./Core/Src/Programs/MotorsDebug_Prog.o
                0x0000000008004218                Prog_MotorsDebug_Deinit
 .text.Prog_MotorsDebug_Program
                0x0000000008004226        0xe ./Core/Src/Programs/MotorsDebug_Prog.o
                0x0000000008004226                Prog_MotorsDebug_Program
 .text.Prog_MotorsDebug_Launch
                0x0000000008004234       0x14 ./Core/Src/Programs/MotorsDebug_Prog.o
                0x0000000008004234                Prog_MotorsDebug_Launch
 .text.Prog_MotorsDebug_Parser
                0x0000000008004248       0x62 ./Core/Src/Programs/MotorsDebug_Prog.o
                0x0000000008004248                Prog_MotorsDebug_Parser
 *fill*         0x00000000080042aa        0x2 
 .text.Programs_SetProgram
                0x00000000080042ac       0x44 ./Core/Src/Programs/klebot_programs.o
                0x00000000080042ac                Programs_SetProgram
 .text.Programs_ExitProgram
                0x00000000080042f0       0x20 ./Core/Src/Programs/klebot_programs.o
                0x00000000080042f0                Programs_ExitProgram
 .text.Programs_GetProgram
                0x0000000008004310       0x14 ./Core/Src/Programs/klebot_programs.o
                0x0000000008004310                Programs_GetProgram
 .text.Programs_ClearProgram
                0x0000000008004324       0x20 ./Core/Src/Programs/klebot_programs.o
                0x0000000008004324                Programs_ClearProgram
 .text.vTaskPrograms
                0x0000000008004344       0x4c ./Core/Src/Programs/klebot_programs.o
                0x0000000008004344                vTaskPrograms
 .text.Programs_TaskInit
                0x0000000008004390       0x30 ./Core/Src/Programs/klebot_programs.o
                0x0000000008004390                Programs_TaskInit
 .text.Programs_SendProgramStartedACK
                0x00000000080043c0       0x3a ./Core/Src/Programs/klebot_programs.o
                0x00000000080043c0                Programs_SendProgramStartedACK
 .text.Programs_SendProgramExitACK
                0x00000000080043fa       0x30 ./Core/Src/Programs/klebot_programs.o
                0x00000000080043fa                Programs_SendProgramExitACK
 *fill*         0x000000000800442a        0x2 
 .text.Reset_Handler
                0x000000000800442c       0x48 ./Core/Startup/startup_stm32f107rctx.o
                0x000000000800442c                Reset_Handler
 .text.Default_Handler
                0x0000000008004474        0x2 ./Core/Startup/startup_stm32f107rctx.o
                0x0000000008004474                RTC_Alarm_IRQHandler
                0x0000000008004474                EXTI2_IRQHandler
                0x0000000008004474                TIM1_CC_IRQHandler
                0x0000000008004474                PVD_IRQHandler
                0x0000000008004474                CAN2_RX1_IRQHandler
                0x0000000008004474                EXTI3_IRQHandler
                0x0000000008004474                EXTI0_IRQHandler
                0x0000000008004474                I2C2_EV_IRQHandler
                0x0000000008004474                CAN1_RX0_IRQHandler
                0x0000000008004474                CAN2_SCE_IRQHandler
                0x0000000008004474                ADC1_2_IRQHandler
                0x0000000008004474                SPI1_IRQHandler
                0x0000000008004474                TAMPER_IRQHandler
                0x0000000008004474                CAN2_RX0_IRQHandler
                0x0000000008004474                DMA2_Channel2_IRQHandler
                0x0000000008004474                DMA1_Channel4_IRQHandler
                0x0000000008004474                USART3_IRQHandler
                0x0000000008004474                RTC_IRQHandler
                0x0000000008004474                DMA1_Channel7_IRQHandler
                0x0000000008004474                CAN1_RX1_IRQHandler
                0x0000000008004474                UART5_IRQHandler
                0x0000000008004474                TIM4_IRQHandler
                0x0000000008004474                DMA2_Channel1_IRQHandler
                0x0000000008004474                I2C1_EV_IRQHandler
                0x0000000008004474                DMA1_Channel6_IRQHandler
                0x0000000008004474                UART4_IRQHandler
                0x0000000008004474                DMA2_Channel4_IRQHandler
                0x0000000008004474                TIM3_IRQHandler
                0x0000000008004474                RCC_IRQHandler
                0x0000000008004474                TIM1_TRG_COM_IRQHandler
                0x0000000008004474                DMA1_Channel1_IRQHandler
                0x0000000008004474                Default_Handler
                0x0000000008004474                CAN2_TX_IRQHandler
                0x0000000008004474                TIM5_IRQHandler
                0x0000000008004474                EXTI9_5_IRQHandler
                0x0000000008004474                ETH_WKUP_IRQHandler
                0x0000000008004474                SPI2_IRQHandler
                0x0000000008004474                CAN1_TX_IRQHandler
                0x0000000008004474                DMA2_Channel5_IRQHandler
                0x0000000008004474                DMA1_Channel5_IRQHandler
                0x0000000008004474                EXTI4_IRQHandler
                0x0000000008004474                DMA1_Channel3_IRQHandler
                0x0000000008004474                ETH_IRQHandler
                0x0000000008004474                TIM1_UP_IRQHandler
                0x0000000008004474                WWDG_IRQHandler
                0x0000000008004474                TIM2_IRQHandler
                0x0000000008004474                OTG_FS_WKUP_IRQHandler
                0x0000000008004474                TIM1_BRK_IRQHandler
                0x0000000008004474                EXTI1_IRQHandler
                0x0000000008004474                USART2_IRQHandler
                0x0000000008004474                I2C2_ER_IRQHandler
                0x0000000008004474                DMA1_Channel2_IRQHandler
                0x0000000008004474                CAN1_SCE_IRQHandler
                0x0000000008004474                FLASH_IRQHandler
                0x0000000008004474                USART1_IRQHandler
                0x0000000008004474                OTG_FS_IRQHandler
                0x0000000008004474                SPI3_IRQHandler
                0x0000000008004474                I2C1_ER_IRQHandler
                0x0000000008004474                DMA2_Channel3_IRQHandler
 *fill*         0x0000000008004476        0x2 
 .text.HAL_Init
                0x0000000008004478       0x2c ./Drivers/STM32F1xx_HAL_Driver/Src/stm32f1xx_hal.o
                0x0000000008004478                HAL_Init
 .text.HAL_IncTick
                0x00000000080044a4       0x24 ./Drivers/STM32F1xx_HAL_Driver/Src/stm32f1xx_hal.o
                0x00000000080044a4                HAL_IncTick
 .text.HAL_GetTick
                0x00000000080044c8       0x14 ./Drivers/STM32F1xx_HAL_Driver/Src/stm32f1xx_hal.o
                0x00000000080044c8                HAL_GetTick
 .text.HAL_Delay
                0x00000000080044dc       0x48 ./Drivers/STM32F1xx_HAL_Driver/Src/stm32f1xx_hal.o
                0x00000000080044dc                HAL_Delay
 .text.__NVIC_SetPriorityGrouping
                0x0000000008004524       0x48 ./Drivers/STM32F1xx_HAL_Driver/Src/stm32f1xx_hal_cortex.o
 .text.__NVIC_GetPriorityGrouping
                0x000000000800456c       0x1c ./Drivers/STM32F1xx_HAL_Driver/Src/stm32f1xx_hal_cortex.o
 .text.__NVIC_EnableIRQ
                0x0000000008004588       0x38 ./Drivers/STM32F1xx_HAL_Driver/Src/stm32f1xx_hal_cortex.o
 .text.__NVIC_SetPriority
                0x00000000080045c0       0x54 ./Drivers/STM32F1xx_HAL_Driver/Src/stm32f1xx_hal_cortex.o
 .text.NVIC_EncodePriority
                0x0000000008004614       0x64 ./Drivers/STM32F1xx_HAL_Driver/Src/stm32f1xx_hal_cortex.o
 .text.HAL_NVIC_SetPriorityGrouping
                0x0000000008004678       0x16 ./Drivers/STM32F1xx_HAL_Driver/Src/stm32f1xx_hal_cortex.o
                0x0000000008004678                HAL_NVIC_SetPriorityGrouping
 .text.HAL_NVIC_SetPriority
                0x000000000800468e       0x38 ./Drivers/STM32F1xx_HAL_Driver/Src/stm32f1xx_hal_cortex.o
                0x000000000800468e                HAL_NVIC_SetPriority
 .text.HAL_NVIC_EnableIRQ
                0x00000000080046c6       0x1c ./Drivers/STM32F1xx_HAL_Driver/Src/stm32f1xx_hal_cortex.o
                0x00000000080046c6                HAL_NVIC_EnableIRQ
 *fill*         0x00000000080046e2        0x2 
 .text.HAL_GPIO_Init
                0x00000000080046e4      0x308 ./Drivers/STM32F1xx_HAL_Driver/Src/stm32f1xx_hal_gpio.o
                0x00000000080046e4                HAL_GPIO_Init
 .text.HAL_GPIO_WritePin
                0x00000000080049ec       0x30 ./Drivers/STM32F1xx_HAL_Driver/Src/stm32f1xx_hal_gpio.o
                0x00000000080049ec                HAL_GPIO_WritePin
 .text.HAL_GPIO_TogglePin
                0x0000000008004a1c       0x32 ./Drivers/STM32F1xx_HAL_Driver/Src/stm32f1xx_hal_gpio.o
                0x0000000008004a1c                HAL_GPIO_TogglePin
 *fill*         0x0000000008004a4e        0x2 
 .text.HAL_GPIO_EXTI_IRQHandler
                0x0000000008004a50       0x30 ./Drivers/STM32F1xx_HAL_Driver/Src/stm32f1xx_hal_gpio.o
                0x0000000008004a50                HAL_GPIO_EXTI_IRQHandler
 .text.HAL_I2C_Init
                0x0000000008004a80      0x288 ./Drivers/STM32F1xx_HAL_Driver/Src/stm32f1xx_hal_i2c.o
                0x0000000008004a80                HAL_I2C_Init
 .text.HAL_RCC_OscConfig
                0x0000000008004d08      0x62c ./Drivers/STM32F1xx_HAL_Driver/Src/stm32f1xx_hal_rcc.o
                0x0000000008004d08                HAL_RCC_OscConfig
 .text.HAL_RCC_ClockConfig
                0x0000000008005334      0x1d4 ./Drivers/STM32F1xx_HAL_Driver/Src/stm32f1xx_hal_rcc.o
                0x0000000008005334                HAL_RCC_ClockConfig
 .text.HAL_RCC_GetSysClockFreq
                0x0000000008005508      0x1ec ./Drivers/STM32F1xx_HAL_Driver/Src/stm32f1xx_hal_rcc.o
                0x0000000008005508                HAL_RCC_GetSysClockFreq
 .text.HAL_RCC_GetHCLKFreq
                0x00000000080056f4       0x14 ./Drivers/STM32F1xx_HAL_Driver/Src/stm32f1xx_hal_rcc.o
                0x00000000080056f4                HAL_RCC_GetHCLKFreq
 .text.HAL_RCC_GetPCLK1Freq
                0x0000000008005708       0x28 ./Drivers/STM32F1xx_HAL_Driver/Src/stm32f1xx_hal_rcc.o
                0x0000000008005708                HAL_RCC_GetPCLK1Freq
 .text.HAL_RCC_GetPCLK2Freq
                0x0000000008005730       0x28 ./Drivers/STM32F1xx_HAL_Driver/Src/stm32f1xx_hal_rcc.o
                0x0000000008005730                HAL_RCC_GetPCLK2Freq
 .text.HAL_RCC_GetClockConfig
                0x0000000008005758       0x60 ./Drivers/STM32F1xx_HAL_Driver/Src/stm32f1xx_hal_rcc.o
                0x0000000008005758                HAL_RCC_GetClockConfig
 .text.RCC_Delay
                0x00000000080057b8       0x3c ./Drivers/STM32F1xx_HAL_Driver/Src/stm32f1xx_hal_rcc.o
 .text.HAL_SPI_Init
                0x00000000080057f4      0x108 ./Drivers/STM32F1xx_HAL_Driver/Src/stm32f1xx_hal_spi.o
                0x00000000080057f4                HAL_SPI_Init
 .text.HAL_SPI_Transmit
                0x00000000080058fc      0x286 ./Drivers/STM32F1xx_HAL_Driver/Src/stm32f1xx_hal_spi.o
                0x00000000080058fc                HAL_SPI_Transmit
 .text.HAL_SPI_Receive
                0x0000000008005b82      0x230 ./Drivers/STM32F1xx_HAL_Driver/Src/stm32f1xx_hal_spi.o
                0x0000000008005b82                HAL_SPI_Receive
 .text.HAL_SPI_TransmitReceive
                0x0000000008005db2      0x360 ./Drivers/STM32F1xx_HAL_Driver/Src/stm32f1xx_hal_spi.o
                0x0000000008005db2                HAL_SPI_TransmitReceive
 *fill*         0x0000000008006112        0x2 
 .text.SPI_WaitFlagStateUntilTimeout
                0x0000000008006114      0x110 ./Drivers/STM32F1xx_HAL_Driver/Src/stm32f1xx_hal_spi.o
 .text.SPI_EndRxTransaction
                0x0000000008006224       0xa4 ./Drivers/STM32F1xx_HAL_Driver/Src/stm32f1xx_hal_spi.o
 .text.SPI_EndRxTxTransaction
                0x00000000080062c8       0x3c ./Drivers/STM32F1xx_HAL_Driver/Src/stm32f1xx_hal_spi.o
 .text.HAL_TIM_Base_Init
                0x0000000008006304       0x9e ./Drivers/STM32F1xx_HAL_Driver/Src/stm32f1xx_hal_tim.o
                0x0000000008006304                HAL_TIM_Base_Init
 *fill*         0x00000000080063a2        0x2 
 .text.HAL_TIM_Base_Start_IT
                0x00000000080063a4       0xb4 ./Drivers/STM32F1xx_HAL_Driver/Src/stm32f1xx_hal_tim.o
                0x00000000080063a4                HAL_TIM_Base_Start_IT
 .text.HAL_TIM_PWM_Init
                0x0000000008006458       0x9e ./Drivers/STM32F1xx_HAL_Driver/Src/stm32f1xx_hal_tim.o
                0x0000000008006458                HAL_TIM_PWM_Init
 .text.HAL_TIM_PWM_MspInit
                0x00000000080064f6       0x12 ./Drivers/STM32F1xx_HAL_Driver/Src/stm32f1xx_hal_tim.o
                0x00000000080064f6                HAL_TIM_PWM_MspInit
 .text.HAL_TIM_PWM_Start
                0x0000000008006508      0x154 ./Drivers/STM32F1xx_HAL_Driver/Src/stm32f1xx_hal_tim.o
                0x0000000008006508                HAL_TIM_PWM_Start
 .text.HAL_TIM_Encoder_Init
                0x000000000800665c      0x144 ./Drivers/STM32F1xx_HAL_Driver/Src/stm32f1xx_hal_tim.o
                0x000000000800665c                HAL_TIM_Encoder_Init
 .text.HAL_TIM_Encoder_Start
                0x00000000080067a0      0x11c ./Drivers/STM32F1xx_HAL_Driver/Src/stm32f1xx_hal_tim.o
                0x00000000080067a0                HAL_TIM_Encoder_Start
 .text.HAL_TIM_IRQHandler
                0x00000000080068bc      0x210 ./Drivers/STM32F1xx_HAL_Driver/Src/stm32f1xx_hal_tim.o
                0x00000000080068bc                HAL_TIM_IRQHandler
 .text.HAL_TIM_PWM_ConfigChannel
                0x0000000008006acc      0x184 ./Drivers/STM32F1xx_HAL_Driver/Src/stm32f1xx_hal_tim.o
                0x0000000008006acc                HAL_TIM_PWM_ConfigChannel
 .text.HAL_TIM_ConfigClockSource
                0x0000000008006c50      0x18e ./Drivers/STM32F1xx_HAL_Driver/Src/stm32f1xx_hal_tim.o
                0x0000000008006c50                HAL_TIM_ConfigClockSource
 .text.HAL_TIM_OC_DelayElapsedCallback
                0x0000000008006dde       0x12 ./Drivers/STM32F1xx_HAL_Driver/Src/stm32f1xx_hal_tim.o
                0x0000000008006dde                HAL_TIM_OC_DelayElapsedCallback
 .text.HAL_TIM_IC_CaptureCallback
                0x0000000008006df0       0x12 ./Drivers/STM32F1xx_HAL_Driver/Src/stm32f1xx_hal_tim.o
                0x0000000008006df0                HAL_TIM_IC_CaptureCallback
 .text.HAL_TIM_PWM_PulseFinishedCallback
                0x0000000008006e02       0x12 ./Drivers/STM32F1xx_HAL_Driver/Src/stm32f1xx_hal_tim.o
                0x0000000008006e02                HAL_TIM_PWM_PulseFinishedCallback
 .text.HAL_TIM_TriggerCallback
                0x0000000008006e14       0x12 ./Drivers/STM32F1xx_HAL_Driver/Src/stm32f1xx_hal_tim.o
                0x0000000008006e14                HAL_TIM_TriggerCallback
 *fill*         0x0000000008006e26        0x2 
 .text.TIM_Base_SetConfig
                0x0000000008006e28       0xd8 ./Drivers/STM32F1xx_HAL_Driver/Src/stm32f1xx_hal_tim.o
                0x0000000008006e28                TIM_Base_SetConfig
 .text.TIM_OC1_SetConfig
                0x0000000008006f00       0xcc ./Drivers/STM32F1xx_HAL_Driver/Src/stm32f1xx_hal_tim.o
 .text.TIM_OC2_SetConfig
                0x0000000008006fcc       0xd4 ./Drivers/STM32F1xx_HAL_Driver/Src/stm32f1xx_hal_tim.o
                0x0000000008006fcc                TIM_OC2_SetConfig
 .text.TIM_OC3_SetConfig
                0x00000000080070a0       0xd4 ./Drivers/STM32F1xx_HAL_Driver/Src/stm32f1xx_hal_tim.o
 .text.TIM_OC4_SetConfig
                0x0000000008007174       0x9c ./Drivers/STM32F1xx_HAL_Driver/Src/stm32f1xx_hal_tim.o
 .text.TIM_TI1_ConfigInputStage
                0x0000000008007210       0x5c ./Drivers/STM32F1xx_HAL_Driver/Src/stm32f1xx_hal_tim.o
 .text.TIM_TI2_ConfigInputStage
                0x000000000800726c       0x5e ./Drivers/STM32F1xx_HAL_Driver/Src/stm32f1xx_hal_tim.o
 .text.TIM_ITRx_SetConfig
                0x00000000080072ca       0x34 ./Drivers/STM32F1xx_HAL_Driver/Src/stm32f1xx_hal_tim.o
 .text.TIM_ETR_SetConfig
                0x00000000080072fe       0x3e ./Drivers/STM32F1xx_HAL_Driver/Src/stm32f1xx_hal_tim.o
                0x00000000080072fe                TIM_ETR_SetConfig
 .text.TIM_CCxChannelCmd
                0x000000000800733c       0x48 ./Drivers/STM32F1xx_HAL_Driver/Src/stm32f1xx_hal_tim.o
                0x000000000800733c                TIM_CCxChannelCmd
 .text.HAL_TIMEx_MasterConfigSynchronization
                0x0000000008007384       0xcc ./Drivers/STM32F1xx_HAL_Driver/Src/stm32f1xx_hal_tim_ex.o
                0x0000000008007384                HAL_TIMEx_MasterConfigSynchronization
 .text.HAL_TIMEx_CommutCallback
                0x0000000008007450       0x12 ./Drivers/STM32F1xx_HAL_Driver/Src/stm32f1xx_hal_tim_ex.o
                0x0000000008007450                HAL_TIMEx_CommutCallback
 .text.HAL_TIMEx_BreakCallback
                0x0000000008007462       0x12 ./Drivers/STM32F1xx_HAL_Driver/Src/stm32f1xx_hal_tim_ex.o
                0x0000000008007462                HAL_TIMEx_BreakCallback
 .text.HAL_UART_Init
                0x0000000008007474       0xa0 ./Drivers/STM32F1xx_HAL_Driver/Src/stm32f1xx_hal_uart.o
                0x0000000008007474                HAL_UART_Init
 .text.HAL_UART_Transmit
                0x0000000008007514      0x106 ./Drivers/STM32F1xx_HAL_Driver/Src/stm32f1xx_hal_uart.o
                0x0000000008007514                HAL_UART_Transmit
 .text.UART_WaitOnFlagUntilTimeout
                0x000000000800761a       0xdc ./Drivers/STM32F1xx_HAL_Driver/Src/stm32f1xx_hal_uart.o
 *fill*         0x00000000080076f6        0x2 
 .text.UART_SetConfig
                0x00000000080076f8      0x11c ./Drivers/STM32F1xx_HAL_Driver/Src/stm32f1xx_hal_uart.o
 .text.vApplicationGetIdleTaskMemory
                0x0000000008007814       0x30 ./Middlewares/Third_Party/FreeRTOS/Source/CMSIS_RTOS_V2/cmsis_os2.o
                0x0000000008007814                vApplicationGetIdleTaskMemory
 .text.vApplicationGetTimerTaskMemory
                0x0000000008007844       0x34 ./Middlewares/Third_Party/FreeRTOS/Source/CMSIS_RTOS_V2/cmsis_os2.o
                0x0000000008007844                vApplicationGetTimerTaskMemory
 .text.vListInitialise
                0x0000000008007878       0x3e ./Middlewares/Third_Party/FreeRTOS/Source/list.o
                0x0000000008007878                vListInitialise
 .text.vListInitialiseItem
                0x00000000080078b6       0x18 ./Middlewares/Third_Party/FreeRTOS/Source/list.o
                0x00000000080078b6                vListInitialiseItem
 .text.vListInsertEnd
                0x00000000080078ce       0x46 ./Middlewares/Third_Party/FreeRTOS/Source/list.o
                0x00000000080078ce                vListInsertEnd
 .text.vListInsert
                0x0000000008007914       0x70 ./Middlewares/Third_Party/FreeRTOS/Source/list.o
                0x0000000008007914                vListInsert
 .text.uxListRemove
                0x0000000008007984       0x52 ./Middlewares/Third_Party/FreeRTOS/Source/list.o
                0x0000000008007984                uxListRemove
 *fill*         0x00000000080079d6        0x2 
 .text.xQueueGenericReset
                0x00000000080079d8       0xd0 ./Middlewares/Third_Party/FreeRTOS/Source/queue.o
                0x00000000080079d8                xQueueGenericReset
 .text.xQueueGenericCreateStatic
                0x0000000008007aa8       0xee ./Middlewares/Third_Party/FreeRTOS/Source/queue.o
                0x0000000008007aa8                xQueueGenericCreateStatic
 .text.xQueueGenericCreate
                0x0000000008007b96       0x7c ./Middlewares/Third_Party/FreeRTOS/Source/queue.o
                0x0000000008007b96                xQueueGenericCreate
 .text.prvInitialiseNewQueue
                0x0000000008007c12       0x46 ./Middlewares/Third_Party/FreeRTOS/Source/queue.o
 .text.xQueueGenericSend
                0x0000000008007c58      0x1fc ./Middlewares/Third_Party/FreeRTOS/Source/queue.o
                0x0000000008007c58                xQueueGenericSend
 .text.xQueueGenericSendFromISR
                0x0000000008007e54      0x130 ./Middlewares/Third_Party/FreeRTOS/Source/queue.o
                0x0000000008007e54                xQueueGenericSendFromISR
 .text.xQueueReceive
                0x0000000008007f84      0x1c0 ./Middlewares/Third_Party/FreeRTOS/Source/queue.o
                0x0000000008007f84                xQueueReceive
 .text.prvCopyDataToQueue
                0x0000000008008144       0xd4 ./Middlewares/Third_Party/FreeRTOS/Source/queue.o
 .text.prvCopyDataFromQueue
                0x0000000008008218       0x4c ./Middlewares/Third_Party/FreeRTOS/Source/queue.o
 .text.prvUnlockQueue
                0x0000000008008264       0xa4 ./Middlewares/Third_Party/FreeRTOS/Source/queue.o
 .text.prvIsQueueEmpty
                0x0000000008008308       0x2c ./Middlewares/Third_Party/FreeRTOS/Source/queue.o
 .text.prvIsQueueFull
                0x0000000008008334       0x30 ./Middlewares/Third_Party/FreeRTOS/Source/queue.o
 .text.vQueueAddToRegistry
                0x0000000008008364       0x50 ./Middlewares/Third_Party/FreeRTOS/Source/queue.o
                0x0000000008008364                vQueueAddToRegistry
 .text.vQueueWaitForMessageRestricted
                0x00000000080083b4       0x68 ./Middlewares/Third_Party/FreeRTOS/Source/queue.o
                0x00000000080083b4                vQueueWaitForMessageRestricted
 .text.xTaskCreateStatic
                0x000000000800841c       0xb8 ./Middlewares/Third_Party/FreeRTOS/Source/tasks.o
                0x000000000800841c                xTaskCreateStatic
 .text.xTaskCreate
                0x00000000080084d4       0x8a ./Middlewares/Third_Party/FreeRTOS/Source/tasks.o
                0x00000000080084d4                xTaskCreate
 .text.prvInitialiseNewTask
                0x000000000800855e      0x10e ./Middlewares/Third_Party/FreeRTOS/Source/tasks.o
 .text.prvAddNewTaskToReadyList
                0x000000000800866c       0xe0 ./Middlewares/Third_Party/FreeRTOS/Source/tasks.o
 .text.vTaskDelay
                0x000000000800874c       0x68 ./Middlewares/Third_Party/FreeRTOS/Source/tasks.o
                0x000000000800874c                vTaskDelay
 .text.vTaskStartScheduler
                0x00000000080087b4       0xcc ./Middlewares/Third_Party/FreeRTOS/Source/tasks.o
                0x00000000080087b4                vTaskStartScheduler
 .text.vTaskSuspendAll
                0x0000000008008880       0x1c ./Middlewares/Third_Party/FreeRTOS/Source/tasks.o
                0x0000000008008880                vTaskSuspendAll
 .text.xTaskResumeAll
                0x000000000800889c      0x13c ./Middlewares/Third_Party/FreeRTOS/Source/tasks.o
                0x000000000800889c                xTaskResumeAll
 .text.xTaskGetTickCount
                0x00000000080089d8       0x1c ./Middlewares/Third_Party/FreeRTOS/Source/tasks.o
                0x00000000080089d8                xTaskGetTickCount
 .text.xTaskIncrementTick
                0x00000000080089f4      0x17c ./Middlewares/Third_Party/FreeRTOS/Source/tasks.o
                0x00000000080089f4                xTaskIncrementTick
 .text.vTaskSwitchContext
                0x0000000008008b70       0xb8 ./Middlewares/Third_Party/FreeRTOS/Source/tasks.o
                0x0000000008008b70                vTaskSwitchContext
 .text.vTaskPlaceOnEventList
                0x0000000008008c28       0x48 ./Middlewares/Third_Party/FreeRTOS/Source/tasks.o
                0x0000000008008c28                vTaskPlaceOnEventList
 .text.vTaskPlaceOnEventListRestricted
                0x0000000008008c70       0x58 ./Middlewares/Third_Party/FreeRTOS/Source/tasks.o
                0x0000000008008c70                vTaskPlaceOnEventListRestricted
 .text.xTaskRemoveFromEventList
                0x0000000008008cc8       0xc8 ./Middlewares/Third_Party/FreeRTOS/Source/tasks.o
                0x0000000008008cc8                xTaskRemoveFromEventList
 .text.vTaskInternalSetTimeOutState
                0x0000000008008d90       0x2c ./Middlewares/Third_Party/FreeRTOS/Source/tasks.o
                0x0000000008008d90                vTaskInternalSetTimeOutState
 .text.xTaskCheckForTimeOut
                0x0000000008008dbc       0xc4 ./Middlewares/Third_Party/FreeRTOS/Source/tasks.o
                0x0000000008008dbc                xTaskCheckForTimeOut
 .text.vTaskMissedYield
                0x0000000008008e80       0x18 ./Middlewares/Third_Party/FreeRTOS/Source/tasks.o
                0x0000000008008e80                vTaskMissedYield
 .text.prvIdleTask
                0x0000000008008e98       0x30 ./Middlewares/Third_Party/FreeRTOS/Source/tasks.o
 .text.prvInitialiseTaskLists
                0x0000000008008ec8       0x80 ./Middlewares/Third_Party/FreeRTOS/Source/tasks.o
 .text.prvCheckTasksWaitingTermination
                0x0000000008008f48       0x5c ./Middlewares/Third_Party/FreeRTOS/Source/tasks.o
 .text.prvDeleteTCB
                0x0000000008008fa4       0x5e ./Middlewares/Third_Party/FreeRTOS/Source/tasks.o
 *fill*         0x0000000008009002        0x2 
 .text.prvResetNextTaskUnblockTime
                0x0000000008009004       0x48 ./Middlewares/Third_Party/FreeRTOS/Source/tasks.o
 .text.xTaskGetSchedulerState
                0x000000000800904c       0x3c ./Middlewares/Third_Party/FreeRTOS/Source/tasks.o
                0x000000000800904c                xTaskGetSchedulerState
 .text.xTaskPriorityDisinherit
                0x0000000008009088       0xdc ./Middlewares/Third_Party/FreeRTOS/Source/tasks.o
                0x0000000008009088                xTaskPriorityDisinherit
 .text.xTaskNotifyWait
                0x0000000008009164       0xb4 ./Middlewares/Third_Party/FreeRTOS/Source/tasks.o
                0x0000000008009164                xTaskNotifyWait
 .text.vTaskNotifyGiveFromISR
                0x0000000008009218      0x128 ./Middlewares/Third_Party/FreeRTOS/Source/tasks.o
                0x0000000008009218                vTaskNotifyGiveFromISR
 .text.prvAddCurrentTaskToDelayedList
                0x0000000008009340       0xa8 ./Middlewares/Third_Party/FreeRTOS/Source/tasks.o
 .text.xTimerCreateTimerTask
                0x00000000080093e8       0x90 ./Middlewares/Third_Party/FreeRTOS/Source/timers.o
                0x00000000080093e8                xTimerCreateTimerTask
 .text.xTimerGenericCommand
                0x0000000008009478       0x9c ./Middlewares/Third_Party/FreeRTOS/Source/timers.o
                0x0000000008009478                xTimerGenericCommand
 .text.prvProcessExpiredTimer
                0x0000000008009514       0x80 ./Middlewares/Third_Party/FreeRTOS/Source/timers.o
 .text.prvTimerTask
                0x0000000008009594       0x24 ./Middlewares/Third_Party/FreeRTOS/Source/timers.o
 .text.prvProcessTimerOrBlockTask
                0x00000000080095b8       0x9c ./Middlewares/Third_Party/FreeRTOS/Source/timers.o
 .text.prvGetNextExpireTime
                0x0000000008009654       0x48 ./Middlewares/Third_Party/FreeRTOS/Source/timers.o
 .text.prvSampleTimeNow
                0x000000000800969c       0x40 ./Middlewares/Third_Party/FreeRTOS/Source/timers.o
 .text.prvInsertTimerInActiveList
                0x00000000080096dc       0x84 ./Middlewares/Third_Party/FreeRTOS/Source/timers.o
 .text.prvProcessReceivedCommands
                0x0000000008009760      0x168 ./Middlewares/Third_Party/FreeRTOS/Source/timers.o
 .text.prvSwitchTimerLists
                0x00000000080098c8       0xc4 ./Middlewares/Third_Party/FreeRTOS/Source/timers.o
 .text.prvCheckForValidListAndQueue
                0x000000000800998c       0x80 ./Middlewares/Third_Party/FreeRTOS/Source/timers.o
 .text.pxPortInitialiseStack
                0x0000000008009a0c       0x58 ./Middlewares/Third_Party/FreeRTOS/Source/portable/GCC/ARM_CM3/port.o
                0x0000000008009a0c                pxPortInitialiseStack
 .text.prvTaskExitError
                0x0000000008009a64       0x58 ./Middlewares/Third_Party/FreeRTOS/Source/portable/GCC/ARM_CM3/port.o
 *fill*         0x0000000008009abc        0x4 
 .text.SVC_Handler
                0x0000000008009ac0       0x28 ./Middlewares/Third_Party/FreeRTOS/Source/portable/GCC/ARM_CM3/port.o
                0x0000000008009ac0                SVC_Handler
 .text.prvPortStartFirstTask
                0x0000000008009ae8       0x20 ./Middlewares/Third_Party/FreeRTOS/Source/portable/GCC/ARM_CM3/port.o
 .text.xPortStartScheduler
                0x0000000008009b08       0xe4 ./Middlewares/Third_Party/FreeRTOS/Source/portable/GCC/ARM_CM3/port.o
                0x0000000008009b08                xPortStartScheduler
 .text.vPortEnterCritical
                0x0000000008009bec       0x60 ./Middlewares/Third_Party/FreeRTOS/Source/portable/GCC/ARM_CM3/port.o
                0x0000000008009bec                vPortEnterCritical
 .text.vPortExitCritical
                0x0000000008009c4c       0x50 ./Middlewares/Third_Party/FreeRTOS/Source/portable/GCC/ARM_CM3/port.o
                0x0000000008009c4c                vPortExitCritical
 *fill*         0x0000000008009c9c        0x4 
 .text.PendSV_Handler
                0x0000000008009ca0       0x48 ./Middlewares/Third_Party/FreeRTOS/Source/portable/GCC/ARM_CM3/port.o
                0x0000000008009ca0                PendSV_Handler
 .text.SysTick_Handler
                0x0000000008009ce8       0x44 ./Middlewares/Third_Party/FreeRTOS/Source/portable/GCC/ARM_CM3/port.o
                0x0000000008009ce8                SysTick_Handler
 .text.vPortSetupTimerInterrupt
                0x0000000008009d2c       0x44 ./Middlewares/Third_Party/FreeRTOS/Source/portable/GCC/ARM_CM3/port.o
                0x0000000008009d2c                vPortSetupTimerInterrupt
 .text.vPortValidateInterruptPriority
                0x0000000008009d70       0x7c ./Middlewares/Third_Party/FreeRTOS/Source/portable/GCC/ARM_CM3/port.o
                0x0000000008009d70                vPortValidateInterruptPriority
 .text.pvPortMalloc
                0x0000000008009dec      0x188 ./Middlewares/Third_Party/FreeRTOS/Source/portable/MemMang/heap_4.o
                0x0000000008009dec                pvPortMalloc
 .text.vPortFree
                0x0000000008009f74       0xb4 ./Middlewares/Third_Party/FreeRTOS/Source/portable/MemMang/heap_4.o
                0x0000000008009f74                vPortFree
 .text.prvHeapInit
                0x000000000800a028       0xc4 ./Middlewares/Third_Party/FreeRTOS/Source/portable/MemMang/heap_4.o
 .text.prvInsertBlockIntoFreeList
                0x000000000800a0ec       0xb0 ./Middlewares/Third_Party/FreeRTOS/Source/portable/MemMang/heap_4.o
 .text.atof     0x000000000800a19c        0x6 C:/ST/STM32CubeIDE_1.11.2/STM32CubeIDE/plugins/com.st.stm32cube.ide.mcu.externaltools.gnu-tools-for-stm32.11.3.rel1.win32_1.1.100.202309141235/tools/bin/../lib/gcc/arm-none-eabi/11.3.1/../../../../arm-none-eabi/lib/thumb/v7-m/nofp\libc_nano.a(libc_a-atof.o)
                0x000000000800a19c                atof
 .text.sulp     0x000000000800a1a2       0x42 C:/ST/STM32CubeIDE_1.11.2/STM32CubeIDE/plugins/com.st.stm32cube.ide.mcu.externaltools.gnu-tools-for-stm32.11.3.rel1.win32_1.1.100.202309141235/tools/bin/../lib/gcc/arm-none-eabi/11.3.1/../../../../arm-none-eabi/lib/thumb/v7-m/nofp\libc_nano.a(libc_a-strtod.o)
 *fill*         0x000000000800a1e4        0x4 
 .text._strtod_l
                0x000000000800a1e8      0xbe8 C:/ST/STM32CubeIDE_1.11.2/STM32CubeIDE/plugins/com.st.stm32cube.ide.mcu.externaltools.gnu-tools-for-stm32.11.3.rel1.win32_1.1.100.202309141235/tools/bin/../lib/gcc/arm-none-eabi/11.3.1/../../../../arm-none-eabi/lib/thumb/v7-m/nofp\libc_nano.a(libc_a-strtod.o)
                0x000000000800a1e8                _strtod_l
 .text.strtod   0x000000000800add0       0x18 C:/ST/STM32CubeIDE_1.11.2/STM32CubeIDE/plugins/com.st.stm32cube.ide.mcu.externaltools.gnu-tools-for-stm32.11.3.rel1.win32_1.1.100.202309141235/tools/bin/../lib/gcc/arm-none-eabi/11.3.1/../../../../arm-none-eabi/lib/thumb/v7-m/nofp\libc_nano.a(libc_a-strtod.o)
                0x000000000800add0                strtod
 .text.__cvt    0x000000000800ade8       0xbe C:/ST/STM32CubeIDE_1.11.2/STM32CubeIDE/plugins/com.st.stm32cube.ide.mcu.externaltools.gnu-tools-for-stm32.11.3.rel1.win32_1.1.100.202309141235/tools/bin/../lib/gcc/arm-none-eabi/11.3.1/../../../../arm-none-eabi/lib/thumb/v7-m/nofp\libc_nano.a(libc_a-nano-vfprintf_float.o)
                0x000000000800ade8                __cvt
 .text.__exponent
                0x000000000800aea6       0x7a C:/ST/STM32CubeIDE_1.11.2/STM32CubeIDE/plugins/com.st.stm32cube.ide.mcu.externaltools.gnu-tools-for-stm32.11.3.rel1.win32_1.1.100.202309141235/tools/bin/../lib/gcc/arm-none-eabi/11.3.1/../../../../arm-none-eabi/lib/thumb/v7-m/nofp\libc_nano.a(libc_a-nano-vfprintf_float.o)
                0x000000000800aea6                __exponent
 .text._printf_float
                0x000000000800af20      0x45c C:/ST/STM32CubeIDE_1.11.2/STM32CubeIDE/plugins/com.st.stm32cube.ide.mcu.externaltools.gnu-tools-for-stm32.11.3.rel1.win32_1.1.100.202309141235/tools/bin/../lib/gcc/arm-none-eabi/11.3.1/../../../../arm-none-eabi/lib/thumb/v7-m/nofp\libc_nano.a(libc_a-nano-vfprintf_float.o)
                0x000000000800af20                _printf_float
 .text._printf_common
                0x000000000800b37c       0xe4 C:/ST/STM32CubeIDE_1.11.2/STM32CubeIDE/plugins/com.st.stm32cube.ide.mcu.externaltools.gnu-tools-for-stm32.11.3.rel1.win32_1.1.100.202309141235/tools/bin/../lib/gcc/arm-none-eabi/11.3.1/../../../../arm-none-eabi/lib/thumb/v7-m/nofp\libc_nano.a(libc_a-nano-vfprintf_i.o)
                0x000000000800b37c                _printf_common
 .text._printf_i
                0x000000000800b460      0x244 C:/ST/STM32CubeIDE_1.11.2/STM32CubeIDE/plugins/com.st.stm32cube.ide.mcu.externaltools.gnu-tools-for-stm32.11.3.rel1.win32_1.1.100.202309141235/tools/bin/../lib/gcc/arm-none-eabi/11.3.1/../../../../arm-none-eabi/lib/thumb/v7-m/nofp\libc_nano.a(libc_a-nano-vfprintf_i.o)
                0x000000000800b460                _printf_i
 .text.std      0x000000000800b6a4       0x6c C:/ST/STM32CubeIDE_1.11.2/STM32CubeIDE/plugins/com.st.stm32cube.ide.mcu.externaltools.gnu-tools-for-stm32.11.3.rel1.win32_1.1.100.202309141235/tools/bin/../lib/gcc/arm-none-eabi/11.3.1/../../../../arm-none-eabi/lib/thumb/v7-m/nofp\libc_nano.a(libc_a-findfp.o)
 .text.stdio_exit_handler
                0x000000000800b710       0x18 C:/ST/STM32CubeIDE_1.11.2/STM32CubeIDE/plugins/com.st.stm32cube.ide.mcu.externaltools.gnu-tools-for-stm32.11.3.rel1.win32_1.1.100.202309141235/tools/bin/../lib/gcc/arm-none-eabi/11.3.1/../../../../arm-none-eabi/lib/thumb/v7-m/nofp\libc_nano.a(libc_a-findfp.o)
 .text.cleanup_stdio
                0x000000000800b728       0x40 C:/ST/STM32CubeIDE_1.11.2/STM32CubeIDE/plugins/com.st.stm32cube.ide.mcu.externaltools.gnu-tools-for-stm32.11.3.rel1.win32_1.1.100.202309141235/tools/bin/../lib/gcc/arm-none-eabi/11.3.1/../../../../arm-none-eabi/lib/thumb/v7-m/nofp\libc_nano.a(libc_a-findfp.o)
 .text.global_stdio_init.part.0
                0x000000000800b768       0x3c C:/ST/STM32CubeIDE_1.11.2/STM32CubeIDE/plugins/com.st.stm32cube.ide.mcu.externaltools.gnu-tools-for-stm32.11.3.rel1.win32_1.1.100.202309141235/tools/bin/../lib/gcc/arm-none-eabi/11.3.1/../../../../arm-none-eabi/lib/thumb/v7-m/nofp\libc_nano.a(libc_a-findfp.o)
 .text.__sfp_lock_acquire
                0x000000000800b7a4        0xc C:/ST/STM32CubeIDE_1.11.2/STM32CubeIDE/plugins/com.st.stm32cube.ide.mcu.externaltools.gnu-tools-for-stm32.11.3.rel1.win32_1.1.100.202309141235/tools/bin/../lib/gcc/arm-none-eabi/11.3.1/../../../../arm-none-eabi/lib/thumb/v7-m/nofp\libc_nano.a(libc_a-findfp.o)
                0x000000000800b7a4                __sfp_lock_acquire
 .text.__sfp_lock_release
                0x000000000800b7b0        0xc C:/ST/STM32CubeIDE_1.11.2/STM32CubeIDE/plugins/com.st.stm32cube.ide.mcu.externaltools.gnu-tools-for-stm32.11.3.rel1.win32_1.1.100.202309141235/tools/bin/../lib/gcc/arm-none-eabi/11.3.1/../../../../arm-none-eabi/lib/thumb/v7-m/nofp\libc_nano.a(libc_a-findfp.o)
                0x000000000800b7b0                __sfp_lock_release
 .text.__sinit  0x000000000800b7bc       0x30 C:/ST/STM32CubeIDE_1.11.2/STM32CubeIDE/plugins/com.st.stm32cube.ide.mcu.externaltools.gnu-tools-for-stm32.11.3.rel1.win32_1.1.100.202309141235/tools/bin/../lib/gcc/arm-none-eabi/11.3.1/../../../../arm-none-eabi/lib/thumb/v7-m/nofp\libc_nano.a(libc_a-findfp.o)
                0x000000000800b7bc                __sinit
 .text._fwalk_sglue
                0x000000000800b7ec       0x3c C:/ST/STM32CubeIDE_1.11.2/STM32CubeIDE/plugins/com.st.stm32cube.ide.mcu.externaltools.gnu-tools-for-stm32.11.3.rel1.win32_1.1.100.202309141235/tools/bin/../lib/gcc/arm-none-eabi/11.3.1/../../../../arm-none-eabi/lib/thumb/v7-m/nofp\libc_nano.a(libc_a-fwalk.o)
                0x000000000800b7ec                _fwalk_sglue
 .text.sprintf  0x000000000800b828       0x40 C:/ST/STM32CubeIDE_1.11.2/STM32CubeIDE/plugins/com.st.stm32cube.ide.mcu.externaltools.gnu-tools-for-stm32.11.3.rel1.win32_1.1.100.202309141235/tools/bin/../lib/gcc/arm-none-eabi/11.3.1/../../../../arm-none-eabi/lib/thumb/v7-m/nofp\libc_nano.a(libc_a-sprintf.o)
                0x000000000800b828                siprintf
                0x000000000800b828                sprintf
 .text.__sread  0x000000000800b868       0x22 C:/ST/STM32CubeIDE_1.11.2/STM32CubeIDE/plugins/com.st.stm32cube.ide.mcu.externaltools.gnu-tools-for-stm32.11.3.rel1.win32_1.1.100.202309141235/tools/bin/../lib/gcc/arm-none-eabi/11.3.1/../../../../arm-none-eabi/lib/thumb/v7-m/nofp\libc_nano.a(libc_a-stdio.o)
                0x000000000800b868                __sread
 .text.__swrite
                0x000000000800b88a       0x38 C:/ST/STM32CubeIDE_1.11.2/STM32CubeIDE/plugins/com.st.stm32cube.ide.mcu.externaltools.gnu-tools-for-stm32.11.3.rel1.win32_1.1.100.202309141235/tools/bin/../lib/gcc/arm-none-eabi/11.3.1/../../../../arm-none-eabi/lib/thumb/v7-m/nofp\libc_nano.a(libc_a-stdio.o)
                0x000000000800b88a                __swrite
 .text.__sseek  0x000000000800b8c2       0x24 C:/ST/STM32CubeIDE_1.11.2/STM32CubeIDE/plugins/com.st.stm32cube.ide.mcu.externaltools.gnu-tools-for-stm32.11.3.rel1.win32_1.1.100.202309141235/tools/bin/../lib/gcc/arm-none-eabi/11.3.1/../../../../arm-none-eabi/lib/thumb/v7-m/nofp\libc_nano.a(libc_a-stdio.o)
                0x000000000800b8c2                __sseek
 .text.__sclose
                0x000000000800b8e6        0x8 C:/ST/STM32CubeIDE_1.11.2/STM32CubeIDE/plugins/com.st.stm32cube.ide.mcu.externaltools.gnu-tools-for-stm32.11.3.rel1.win32_1.1.100.202309141235/tools/bin/../lib/gcc/arm-none-eabi/11.3.1/../../../../arm-none-eabi/lib/thumb/v7-m/nofp\libc_nano.a(libc_a-stdio.o)
                0x000000000800b8e6                __sclose
 .text.memset   0x000000000800b8ee       0x10 C:/ST/STM32CubeIDE_1.11.2/STM32CubeIDE/plugins/com.st.stm32cube.ide.mcu.externaltools.gnu-tools-for-stm32.11.3.rel1.win32_1.1.100.202309141235/tools/bin/../lib/gcc/arm-none-eabi/11.3.1/../../../../arm-none-eabi/lib/thumb/v7-m/nofp\libc_nano.a(libc_a-memset.o)
                0x000000000800b8ee                memset
 .text.strncmp  0x000000000800b8fe       0x24 C:/ST/STM32CubeIDE_1.11.2/STM32CubeIDE/plugins/com.st.stm32cube.ide.mcu.externaltools.gnu-tools-for-stm32.11.3.rel1.win32_1.1.100.202309141235/tools/bin/../lib/gcc/arm-none-eabi/11.3.1/../../../../arm-none-eabi/lib/thumb/v7-m/nofp\libc_nano.a(libc_a-strncmp.o)
                0x000000000800b8fe                strncmp
 *fill*         0x000000000800b922        0x2 
 .text._localeconv_r
                0x000000000800b924        0x8 C:/ST/STM32CubeIDE_1.11.2/STM32CubeIDE/plugins/com.st.stm32cube.ide.mcu.externaltools.gnu-tools-for-stm32.11.3.rel1.win32_1.1.100.202309141235/tools/bin/../lib/gcc/arm-none-eabi/11.3.1/../../../../arm-none-eabi/lib/thumb/v7-m/nofp\libc_nano.a(libc_a-localeconv.o)
                0x000000000800b924                _localeconv_r
 .text._close_r
                0x000000000800b92c       0x20 C:/ST/STM32CubeIDE_1.11.2/STM32CubeIDE/plugins/com.st.stm32cube.ide.mcu.externaltools.gnu-tools-for-stm32.11.3.rel1.win32_1.1.100.202309141235/tools/bin/../lib/gcc/arm-none-eabi/11.3.1/../../../../arm-none-eabi/lib/thumb/v7-m/nofp\libc_nano.a(libc_a-closer.o)
                0x000000000800b92c                _close_r
 .text._lseek_r
                0x000000000800b94c       0x24 C:/ST/STM32CubeIDE_1.11.2/STM32CubeIDE/plugins/com.st.stm32cube.ide.mcu.externaltools.gnu-tools-for-stm32.11.3.rel1.win32_1.1.100.202309141235/tools/bin/../lib/gcc/arm-none-eabi/11.3.1/../../../../arm-none-eabi/lib/thumb/v7-m/nofp\libc_nano.a(libc_a-lseekr.o)
                0x000000000800b94c                _lseek_r
 .text._read_r  0x000000000800b970       0x24 C:/ST/STM32CubeIDE_1.11.2/STM32CubeIDE/plugins/com.st.stm32cube.ide.mcu.externaltools.gnu-tools-for-stm32.11.3.rel1.win32_1.1.100.202309141235/tools/bin/../lib/gcc/arm-none-eabi/11.3.1/../../../../arm-none-eabi/lib/thumb/v7-m/nofp\libc_nano.a(libc_a-readr.o)
                0x000000000800b970                _read_r
 .text._write_r
                0x000000000800b994       0x24 C:/ST/STM32CubeIDE_1.11.2/STM32CubeIDE/plugins/com.st.stm32cube.ide.mcu.externaltools.gnu-tools-for-stm32.11.3.rel1.win32_1.1.100.202309141235/tools/bin/../lib/gcc/arm-none-eabi/11.3.1/../../../../arm-none-eabi/lib/thumb/v7-m/nofp\libc_nano.a(libc_a-writer.o)
                0x000000000800b994                _write_r
 .text.__errno  0x000000000800b9b8        0xc C:/ST/STM32CubeIDE_1.11.2/STM32CubeIDE/plugins/com.st.stm32cube.ide.mcu.externaltools.gnu-tools-for-stm32.11.3.rel1.win32_1.1.100.202309141235/tools/bin/../lib/gcc/arm-none-eabi/11.3.1/../../../../arm-none-eabi/lib/thumb/v7-m/nofp\libc_nano.a(libc_a-errno.o)
                0x000000000800b9b8                __errno
 .text.__libc_init_array
                0x000000000800b9c4       0x48 C:/ST/STM32CubeIDE_1.11.2/STM32CubeIDE/plugins/com.st.stm32cube.ide.mcu.externaltools.gnu-tools-for-stm32.11.3.rel1.win32_1.1.100.202309141235/tools/bin/../lib/gcc/arm-none-eabi/11.3.1/../../../../arm-none-eabi/lib/thumb/v7-m/nofp\libc_nano.a(libc_a-init.o)
                0x000000000800b9c4                __libc_init_array
 .text.__retarget_lock_init_recursive
                0x000000000800ba0c        0x2 C:/ST/STM32CubeIDE_1.11.2/STM32CubeIDE/plugins/com.st.stm32cube.ide.mcu.externaltools.gnu-tools-for-stm32.11.3.rel1.win32_1.1.100.202309141235/tools/bin/../lib/gcc/arm-none-eabi/11.3.1/../../../../arm-none-eabi/lib/thumb/v7-m/nofp\libc_nano.a(libc_a-lock.o)
                0x000000000800ba0c                __retarget_lock_init_recursive
 .text.__retarget_lock_acquire_recursive
                0x000000000800ba0e        0x2 C:/ST/STM32CubeIDE_1.11.2/STM32CubeIDE/plugins/com.st.stm32cube.ide.mcu.externaltools.gnu-tools-for-stm32.11.3.rel1.win32_1.1.100.202309141235/tools/bin/../lib/gcc/arm-none-eabi/11.3.1/../../../../arm-none-eabi/lib/thumb/v7-m/nofp\libc_nano.a(libc_a-lock.o)
                0x000000000800ba0e                __retarget_lock_acquire_recursive
 .text.__retarget_lock_release_recursive
                0x000000000800ba10        0x2 C:/ST/STM32CubeIDE_1.11.2/STM32CubeIDE/plugins/com.st.stm32cube.ide.mcu.externaltools.gnu-tools-for-stm32.11.3.rel1.win32_1.1.100.202309141235/tools/bin/../lib/gcc/arm-none-eabi/11.3.1/../../../../arm-none-eabi/lib/thumb/v7-m/nofp\libc_nano.a(libc_a-lock.o)
                0x000000000800ba10                __retarget_lock_release_recursive
 .text.memchr   0x000000000800ba12       0x1c C:/ST/STM32CubeIDE_1.11.2/STM32CubeIDE/plugins/com.st.stm32cube.ide.mcu.externaltools.gnu-tools-for-stm32.11.3.rel1.win32_1.1.100.202309141235/tools/bin/../lib/gcc/arm-none-eabi/11.3.1/../../../../arm-none-eabi/lib/thumb/v7-m/nofp\libc_nano.a(libc_a-memchr-stub.o)
                0x000000000800ba12                memchr
 .text.memcpy   0x000000000800ba2e       0x1c C:/ST/STM32CubeIDE_1.11.2/STM32CubeIDE/plugins/com.st.stm32cube.ide.mcu.externaltools.gnu-tools-for-stm32.11.3.rel1.win32_1.1.100.202309141235/tools/bin/../lib/gcc/arm-none-eabi/11.3.1/../../../../arm-none-eabi/lib/thumb/v7-m/nofp\libc_nano.a(libc_a-memcpy-stub.o)
                0x000000000800ba2e                memcpy
 *fill*         0x000000000800ba4a        0x2 
 .text.nan      0x000000000800ba4c        0xc C:/ST/STM32CubeIDE_1.11.2/STM32CubeIDE/plugins/com.st.stm32cube.ide.mcu.externaltools.gnu-tools-for-stm32.11.3.rel1.win32_1.1.100.202309141235/tools/bin/../lib/gcc/arm-none-eabi/11.3.1/../../../../arm-none-eabi/lib/thumb/v7-m/nofp\libc_nano.a(libm_a-s_nan.o)
                0x000000000800ba4c                nan
 .text.quorem   0x000000000800ba58      0x112 C:/ST/STM32CubeIDE_1.11.2/STM32CubeIDE/plugins/com.st.stm32cube.ide.mcu.externaltools.gnu-tools-for-stm32.11.3.rel1.win32_1.1.100.202309141235/tools/bin/../lib/gcc/arm-none-eabi/11.3.1/../../../../arm-none-eabi/lib/thumb/v7-m/nofp\libc_nano.a(libc_a-dtoa.o)
 *fill*         0x000000000800bb6a        0x6 
 .text._dtoa_r  0x000000000800bb70      0xbc8 C:/ST/STM32CubeIDE_1.11.2/STM32CubeIDE/plugins/com.st.stm32cube.ide.mcu.externaltools.gnu-tools-for-stm32.11.3.rel1.win32_1.1.100.202309141235/tools/bin/../lib/gcc/arm-none-eabi/11.3.1/../../../../arm-none-eabi/lib/thumb/v7-m/nofp\libc_nano.a(libc_a-dtoa.o)
                0x000000000800bb70                _dtoa_r
 .text._free_r  0x000000000800c738       0x90 C:/ST/STM32CubeIDE_1.11.2/STM32CubeIDE/plugins/com.st.stm32cube.ide.mcu.externaltools.gnu-tools-for-stm32.11.3.rel1.win32_1.1.100.202309141235/tools/bin/../lib/gcc/arm-none-eabi/11.3.1/../../../../arm-none-eabi/lib/thumb/v7-m/nofp\libc_nano.a(libc_a-freer.o)
                0x000000000800c738                _free_r
 .text.rshift   0x000000000800c7c8       0xa6 C:/ST/STM32CubeIDE_1.11.2/STM32CubeIDE/plugins/com.st.stm32cube.ide.mcu.externaltools.gnu-tools-for-stm32.11.3.rel1.win32_1.1.100.202309141235/tools/bin/../lib/gcc/arm-none-eabi/11.3.1/../../../../arm-none-eabi/lib/thumb/v7-m/nofp\libc_nano.a(libc_a-gdtoa-gethex.o)
 .text.__hexdig_fun
                0x000000000800c86e       0x2a C:/ST/STM32CubeIDE_1.11.2/STM32CubeIDE/plugins/com.st.stm32cube.ide.mcu.externaltools.gnu-tools-for-stm32.11.3.rel1.win32_1.1.100.202309141235/tools/bin/../lib/gcc/arm-none-eabi/11.3.1/../../../../arm-none-eabi/lib/thumb/v7-m/nofp\libc_nano.a(libc_a-gdtoa-gethex.o)
                0x000000000800c86e                __hexdig_fun
 .text.__gethex
                0x000000000800c898      0x460 C:/ST/STM32CubeIDE_1.11.2/STM32CubeIDE/plugins/com.st.stm32cube.ide.mcu.externaltools.gnu-tools-for-stm32.11.3.rel1.win32_1.1.100.202309141235/tools/bin/../lib/gcc/arm-none-eabi/11.3.1/../../../../arm-none-eabi/lib/thumb/v7-m/nofp\libc_nano.a(libc_a-gdtoa-gethex.o)
                0x000000000800c898                __gethex
 .text.L_shift  0x000000000800ccf8       0x24 C:/ST/STM32CubeIDE_1.11.2/STM32CubeIDE/plugins/com.st.stm32cube.ide.mcu.externaltools.gnu-tools-for-stm32.11.3.rel1.win32_1.1.100.202309141235/tools/bin/../lib/gcc/arm-none-eabi/11.3.1/../../../../arm-none-eabi/lib/thumb/v7-m/nofp\libc_nano.a(libc_a-gdtoa-hexnan.o)
 .text.__match  0x000000000800cd1c       0x28 C:/ST/STM32CubeIDE_1.11.2/STM32CubeIDE/plugins/com.st.stm32cube.ide.mcu.externaltools.gnu-tools-for-stm32.11.3.rel1.win32_1.1.100.202309141235/tools/bin/../lib/gcc/arm-none-eabi/11.3.1/../../../../arm-none-eabi/lib/thumb/v7-m/nofp\libc_nano.a(libc_a-gdtoa-hexnan.o)
                0x000000000800cd1c                __match
 .text.__hexnan
                0x000000000800cd44      0x136 C:/ST/STM32CubeIDE_1.11.2/STM32CubeIDE/plugins/com.st.stm32cube.ide.mcu.externaltools.gnu-tools-for-stm32.11.3.rel1.win32_1.1.100.202309141235/tools/bin/../lib/gcc/arm-none-eabi/11.3.1/../../../../arm-none-eabi/lib/thumb/v7-m/nofp\libc_nano.a(libc_a-gdtoa-hexnan.o)
                0x000000000800cd44                __hexnan
 *fill*         0x000000000800ce7a        0x2 
 .text.malloc   0x000000000800ce7c       0x10 C:/ST/STM32CubeIDE_1.11.2/STM32CubeIDE/plugins/com.st.stm32cube.ide.mcu.externaltools.gnu-tools-for-stm32.11.3.rel1.win32_1.1.100.202309141235/tools/bin/../lib/gcc/arm-none-eabi/11.3.1/../../../../arm-none-eabi/lib/thumb/v7-m/nofp\libc_nano.a(libc_a-malloc.o)
                0x000000000800ce7c                malloc
 .text.sbrk_aligned
                0x000000000800ce8c       0x40 C:/ST/STM32CubeIDE_1.11.2/STM32CubeIDE/plugins/com.st.stm32cube.ide.mcu.externaltools.gnu-tools-for-stm32.11.3.rel1.win32_1.1.100.202309141235/tools/bin/../lib/gcc/arm-none-eabi/11.3.1/../../../../arm-none-eabi/lib/thumb/v7-m/nofp\libc_nano.a(libc_a-mallocr.o)
 .text._malloc_r
                0x000000000800cecc      0x100 C:/ST/STM32CubeIDE_1.11.2/STM32CubeIDE/plugins/com.st.stm32cube.ide.mcu.externaltools.gnu-tools-for-stm32.11.3.rel1.win32_1.1.100.202309141235/tools/bin/../lib/gcc/arm-none-eabi/11.3.1/../../../../arm-none-eabi/lib/thumb/v7-m/nofp\libc_nano.a(libc_a-mallocr.o)
                0x000000000800cecc                _malloc_r
 .text.__ascii_mbtowc
                0x000000000800cfcc       0x24 C:/ST/STM32CubeIDE_1.11.2/STM32CubeIDE/plugins/com.st.stm32cube.ide.mcu.externaltools.gnu-tools-for-stm32.11.3.rel1.win32_1.1.100.202309141235/tools/bin/../lib/gcc/arm-none-eabi/11.3.1/../../../../arm-none-eabi/lib/thumb/v7-m/nofp\libc_nano.a(libc_a-mbtowc_r.o)
                0x000000000800cfcc                __ascii_mbtowc
 .text.__malloc_lock
                0x000000000800cff0        0xc C:/ST/STM32CubeIDE_1.11.2/STM32CubeIDE/plugins/com.st.stm32cube.ide.mcu.externaltools.gnu-tools-for-stm32.11.3.rel1.win32_1.1.100.202309141235/tools/bin/../lib/gcc/arm-none-eabi/11.3.1/../../../../arm-none-eabi/lib/thumb/v7-m/nofp\libc_nano.a(libc_a-mlock.o)
                0x000000000800cff0                __malloc_lock
 .text.__malloc_unlock
                0x000000000800cffc        0xc C:/ST/STM32CubeIDE_1.11.2/STM32CubeIDE/plugins/com.st.stm32cube.ide.mcu.externaltools.gnu-tools-for-stm32.11.3.rel1.win32_1.1.100.202309141235/tools/bin/../lib/gcc/arm-none-eabi/11.3.1/../../../../arm-none-eabi/lib/thumb/v7-m/nofp\libc_nano.a(libc_a-mlock.o)
                0x000000000800cffc                __malloc_unlock
 .text._Balloc  0x000000000800d008       0x80 C:/ST/STM32CubeIDE_1.11.2/STM32CubeIDE/plugins/com.st.stm32cube.ide.mcu.externaltools.gnu-tools-for-stm32.11.3.rel1.win32_1.1.100.202309141235/tools/bin/../lib/gcc/arm-none-eabi/11.3.1/../../../../arm-none-eabi/lib/thumb/v7-m/nofp\libc_nano.a(libc_a-mprec.o)
                0x000000000800d008                _Balloc
 .text._Bfree   0x000000000800d088       0x44 C:/ST/STM32CubeIDE_1.11.2/STM32CubeIDE/plugins/com.st.stm32cube.ide.mcu.externaltools.gnu-tools-for-stm32.11.3.rel1.win32_1.1.100.202309141235/tools/bin/../lib/gcc/arm-none-eabi/11.3.1/../../../../arm-none-eabi/lib/thumb/v7-m/nofp\libc_nano.a(libc_a-mprec.o)
                0x000000000800d088                _Bfree
 .text.__multadd
                0x000000000800d0cc       0x8c C:/ST/STM32CubeIDE_1.11.2/STM32CubeIDE/plugins/com.st.stm32cube.ide.mcu.externaltools.gnu-tools-for-stm32.11.3.rel1.win32_1.1.100.202309141235/tools/bin/../lib/gcc/arm-none-eabi/11.3.1/../../../../arm-none-eabi/lib/thumb/v7-m/nofp\libc_nano.a(libc_a-mprec.o)
                0x000000000800d0cc                __multadd
 .text.__s2b    0x000000000800d158       0x94 C:/ST/STM32CubeIDE_1.11.2/STM32CubeIDE/plugins/com.st.stm32cube.ide.mcu.externaltools.gnu-tools-for-stm32.11.3.rel1.win32_1.1.100.202309141235/tools/bin/../lib/gcc/arm-none-eabi/11.3.1/../../../../arm-none-eabi/lib/thumb/v7-m/nofp\libc_nano.a(libc_a-mprec.o)
                0x000000000800d158                __s2b
 .text.__hi0bits
                0x000000000800d1ec       0x40 C:/ST/STM32CubeIDE_1.11.2/STM32CubeIDE/plugins/com.st.stm32cube.ide.mcu.externaltools.gnu-tools-for-stm32.11.3.rel1.win32_1.1.100.202309141235/tools/bin/../lib/gcc/arm-none-eabi/11.3.1/../../../../arm-none-eabi/lib/thumb/v7-m/nofp\libc_nano.a(libc_a-mprec.o)
                0x000000000800d1ec                __hi0bits
 .text.__lo0bits
                0x000000000800d22c       0x5a C:/ST/STM32CubeIDE_1.11.2/STM32CubeIDE/plugins/com.st.stm32cube.ide.mcu.externaltools.gnu-tools-for-stm32.11.3.rel1.win32_1.1.100.202309141235/tools/bin/../lib/gcc/arm-none-eabi/11.3.1/../../../../arm-none-eabi/lib/thumb/v7-m/nofp\libc_nano.a(libc_a-mprec.o)
                0x000000000800d22c                __lo0bits
 *fill*         0x000000000800d286        0x2 
 .text.__i2b    0x000000000800d288       0x2c C:/ST/STM32CubeIDE_1.11.2/STM32CubeIDE/plugins/com.st.stm32cube.ide.mcu.externaltools.gnu-tools-for-stm32.11.3.rel1.win32_1.1.100.202309141235/tools/bin/../lib/gcc/arm-none-eabi/11.3.1/../../../../arm-none-eabi/lib/thumb/v7-m/nofp\libc_nano.a(libc_a-mprec.o)
                0x000000000800d288                __i2b
 .text.__multiply
                0x000000000800d2b4      0x150 C:/ST/STM32CubeIDE_1.11.2/STM32CubeIDE/plugins/com.st.stm32cube.ide.mcu.externaltools.gnu-tools-for-stm32.11.3.rel1.win32_1.1.100.202309141235/tools/bin/../lib/gcc/arm-none-eabi/11.3.1/../../../../arm-none-eabi/lib/thumb/v7-m/nofp\libc_nano.a(libc_a-mprec.o)
                0x000000000800d2b4                __multiply
 .text.__pow5mult
                0x000000000800d404       0xb4 C:/ST/STM32CubeIDE_1.11.2/STM32CubeIDE/plugins/com.st.stm32cube.ide.mcu.externaltools.gnu-tools-for-stm32.11.3.rel1.win32_1.1.100.202309141235/tools/bin/../lib/gcc/arm-none-eabi/11.3.1/../../../../arm-none-eabi/lib/thumb/v7-m/nofp\libc_nano.a(libc_a-mprec.o)
                0x000000000800d404                __pow5mult
 .text.__lshift
                0x000000000800d4b8       0xd8 C:/ST/STM32CubeIDE_1.11.2/STM32CubeIDE/plugins/com.st.stm32cube.ide.mcu.externaltools.gnu-tools-for-stm32.11.3.rel1.win32_1.1.100.202309141235/tools/bin/../lib/gcc/arm-none-eabi/11.3.1/../../../../arm-none-eabi/lib/thumb/v7-m/nofp\libc_nano.a(libc_a-mprec.o)
                0x000000000800d4b8                __lshift
 .text.__mcmp   0x000000000800d590       0x36 C:/ST/STM32CubeIDE_1.11.2/STM32CubeIDE/plugins/com.st.stm32cube.ide.mcu.externaltools.gnu-tools-for-stm32.11.3.rel1.win32_1.1.100.202309141235/tools/bin/../lib/gcc/arm-none-eabi/11.3.1/../../../../arm-none-eabi/lib/thumb/v7-m/nofp\libc_nano.a(libc_a-mprec.o)
                0x000000000800d590                __mcmp
 *fill*         0x000000000800d5c6        0x2 
 .text.__mdiff  0x000000000800d5c8      0x118 C:/ST/STM32CubeIDE_1.11.2/STM32CubeIDE/plugins/com.st.stm32cube.ide.mcu.externaltools.gnu-tools-for-stm32.11.3.rel1.win32_1.1.100.202309141235/tools/bin/../lib/gcc/arm-none-eabi/11.3.1/../../../../arm-none-eabi/lib/thumb/v7-m/nofp\libc_nano.a(libc_a-mprec.o)
                0x000000000800d5c8                __mdiff
 .text.__ulp    0x000000000800d6e0       0x40 C:/ST/STM32CubeIDE_1.11.2/STM32CubeIDE/plugins/com.st.stm32cube.ide.mcu.externaltools.gnu-tools-for-stm32.11.3.rel1.win32_1.1.100.202309141235/tools/bin/../lib/gcc/arm-none-eabi/11.3.1/../../../../arm-none-eabi/lib/thumb/v7-m/nofp\libc_nano.a(libc_a-mprec.o)
                0x000000000800d6e0                __ulp
 .text.__b2d    0x000000000800d720       0x90 C:/ST/STM32CubeIDE_1.11.2/STM32CubeIDE/plugins/com.st.stm32cube.ide.mcu.externaltools.gnu-tools-for-stm32.11.3.rel1.win32_1.1.100.202309141235/tools/bin/../lib/gcc/arm-none-eabi/11.3.1/../../../../arm-none-eabi/lib/thumb/v7-m/nofp\libc_nano.a(libc_a-mprec.o)
                0x000000000800d720                __b2d
 .text.__d2b    0x000000000800d7b0       0xac C:/ST/STM32CubeIDE_1.11.2/STM32CubeIDE/plugins/com.st.stm32cube.ide.mcu.externaltools.gnu-tools-for-stm32.11.3.rel1.win32_1.1.100.202309141235/tools/bin/../lib/gcc/arm-none-eabi/11.3.1/../../../../arm-none-eabi/lib/thumb/v7-m/nofp\libc_nano.a(libc_a-mprec.o)
                0x000000000800d7b0                __d2b
 .text.__ratio  0x000000000800d85c       0x5c C:/ST/STM32CubeIDE_1.11.2/STM32CubeIDE/plugins/com.st.stm32cube.ide.mcu.externaltools.gnu-tools-for-stm32.11.3.rel1.win32_1.1.100.202309141235/tools/bin/../lib/gcc/arm-none-eabi/11.3.1/../../../../arm-none-eabi/lib/thumb/v7-m/nofp\libc_nano.a(libc_a-mprec.o)
                0x000000000800d85c                __ratio
 .text.__copybits
                0x000000000800d8b8       0x46 C:/ST/STM32CubeIDE_1.11.2/STM32CubeIDE/plugins/com.st.stm32cube.ide.mcu.externaltools.gnu-tools-for-stm32.11.3.rel1.win32_1.1.100.202309141235/tools/bin/../lib/gcc/arm-none-eabi/11.3.1/../../../../arm-none-eabi/lib/thumb/v7-m/nofp\libc_nano.a(libc_a-mprec.o)
                0x000000000800d8b8                __copybits
 .text.__any_on
                0x000000000800d8fe       0x42 C:/ST/STM32CubeIDE_1.11.2/STM32CubeIDE/plugins/com.st.stm32cube.ide.mcu.externaltools.gnu-tools-for-stm32.11.3.rel1.win32_1.1.100.202309141235/tools/bin/../lib/gcc/arm-none-eabi/11.3.1/../../../../arm-none-eabi/lib/thumb/v7-m/nofp\libc_nano.a(libc_a-mprec.o)
                0x000000000800d8fe                __any_on
 .text.__ascii_wctomb
                0x000000000800d940       0x1a C:/ST/STM32CubeIDE_1.11.2/STM32CubeIDE/plugins/com.st.stm32cube.ide.mcu.externaltools.gnu-tools-for-stm32.11.3.rel1.win32_1.1.100.202309141235/tools/bin/../lib/gcc/arm-none-eabi/11.3.1/../../../../arm-none-eabi/lib/thumb/v7-m/nofp\libc_nano.a(libc_a-wctomb_r.o)
                0x000000000800d940                __ascii_wctomb
 .text.__ssputs_r