../Core/Src/Motors/motors.c:19:6:Motors_Init	16	static
../Core/Src/Motors/motors.c:30:6:Motors_SetMotor	16	static
../Core/Src/Motors/motors.c:35:16:Motors_SetMotorPWM	16	static
../Core/Src/Motors/motors.c:53:16:Motors_SetMotorDirection	16	static
../Core/Src/Motors/motors.c:71:16:Motors_SetMotorsOff	16	static
../Core/Src/Motors/motors.c:83:10:Motors_GetMotorPWM	16	static
../Core/Src/Motors/motors.c:98:21:Motors_GetMotorDirection	16	static
../Core/Src/Motors/motors.c:117:6:Motors_EncoderSample	8	static
