Archive member included to satisfy reference by file (symbol)

D:/Program Files (x86)/STM32CubeIDE_1.11.2/STM32CubeIDE/plugins/com.st.stm32cube.ide.mcu.externaltools.gnu-tools-for-stm32.11.3.rel1.win32_1.1.1.202309131626/tools/bin/../lib/gcc/arm-none-eabi/11.3.1/../../../../arm-none-eabi/lib/thumb/v7e-m+fp/hard\libc_nano.a(libc_a-exit.o)
                              D:/Program Files (x86)/STM32CubeIDE_1.11.2/STM32CubeIDE/plugins/com.st.stm32cube.ide.mcu.externaltools.gnu-tools-for-stm32.11.3.rel1.win32_1.1.1.202309131626/tools/bin/../lib/gcc/arm-none-eabi/11.3.1/../../../../arm-none-eabi/lib/thumb/v7e-m+fp/hard/crt0.o (exit)
D:/Program Files (x86)/STM32CubeIDE_1.11.2/STM32CubeIDE/plugins/com.st.stm32cube.ide.mcu.externaltools.gnu-tools-for-stm32.11.3.rel1.win32_1.1.1.202309131626/tools/bin/../lib/gcc/arm-none-eabi/11.3.1/../../../../arm-none-eabi/lib/thumb/v7e-m+fp/hard\libc_nano.a(libc_a-findfp.o)
                              D:/Program Files (x86)/STM32CubeIDE_1.11.2/STM32CubeIDE/plugins/com.st.stm32cube.ide.mcu.externaltools.gnu-tools-for-stm32.11.3.rel1.win32_1.1.1.202309131626/tools/bin/../lib/gcc/arm-none-eabi/11.3.1/../../../../arm-none-eabi/lib/thumb/v7e-m+fp/hard\libc_nano.a(libc_a-exit.o) (__stdio_exit_handler)
D:/Program Files (x86)/STM32CubeIDE_1.11.2/STM32CubeIDE/plugins/com.st.stm32cube.ide.mcu.externaltools.gnu-tools-for-stm32.11.3.rel1.win32_1.1.1.202309131626/tools/bin/../lib/gcc/arm-none-eabi/11.3.1/../../../../arm-none-eabi/lib/thumb/v7e-m+fp/hard\libc_nano.a(libc_a-fwalk.o)
                              D:/Program Files (x86)/STM32CubeIDE_1.11.2/STM32CubeIDE/plugins/com.st.stm32cube.ide.mcu.externaltools.gnu-tools-for-stm32.11.3.rel1.win32_1.1.1.202309131626/tools/bin/../lib/gcc/arm-none-eabi/11.3.1/../../../../arm-none-eabi/lib/thumb/v7e-m+fp/hard\libc_nano.a(libc_a-findfp.o) (_fwalk_sglue)
D:/Program Files (x86)/STM32CubeIDE_1.11.2/STM32CubeIDE/plugins/com.st.stm32cube.ide.mcu.externaltools.gnu-tools-for-stm32.11.3.rel1.win32_1.1.1.202309131626/tools/bin/../lib/gcc/arm-none-eabi/11.3.1/../../../../arm-none-eabi/lib/thumb/v7e-m+fp/hard\libc_nano.a(libc_a-puts.o)
                              ./Core/Src/debounce.o (puts)
D:/Program Files (x86)/STM32CubeIDE_1.11.2/STM32CubeIDE/plugins/com.st.stm32cube.ide.mcu.externaltools.gnu-tools-for-stm32.11.3.rel1.win32_1.1.1.202309131626/tools/bin/../lib/gcc/arm-none-eabi/11.3.1/../../../../arm-none-eabi/lib/thumb/v7e-m+fp/hard\libc_nano.a(libc_a-sprintf.o)
                              ./Core/Src/ssd1106.o (sprintf)
D:/Program Files (x86)/STM32CubeIDE_1.11.2/STM32CubeIDE/plugins/com.st.stm32cube.ide.mcu.externaltools.gnu-tools-for-stm32.11.3.rel1.win32_1.1.1.202309131626/tools/bin/../lib/gcc/arm-none-eabi/11.3.1/../../../../arm-none-eabi/lib/thumb/v7e-m+fp/hard\libc_nano.a(libc_a-stdio.o)
                              D:/Program Files (x86)/STM32CubeIDE_1.11.2/STM32CubeIDE/plugins/com.st.stm32cube.ide.mcu.externaltools.gnu-tools-for-stm32.11.3.rel1.win32_1.1.1.202309131626/tools/bin/../lib/gcc/arm-none-eabi/11.3.1/../../../../arm-none-eabi/lib/thumb/v7e-m+fp/hard\libc_nano.a(libc_a-findfp.o) (__sread)
D:/Program Files (x86)/STM32CubeIDE_1.11.2/STM32CubeIDE/plugins/com.st.stm32cube.ide.mcu.externaltools.gnu-tools-for-stm32.11.3.rel1.win32_1.1.1.202309131626/tools/bin/../lib/gcc/arm-none-eabi/11.3.1/../../../../arm-none-eabi/lib/thumb/v7e-m+fp/hard\libc_nano.a(libc_a-wbuf.o)
                              D:/Program Files (x86)/STM32CubeIDE_1.11.2/STM32CubeIDE/plugins/com.st.stm32cube.ide.mcu.externaltools.gnu-tools-for-stm32.11.3.rel1.win32_1.1.1.202309131626/tools/bin/../lib/gcc/arm-none-eabi/11.3.1/../../../../arm-none-eabi/lib/thumb/v7e-m+fp/hard\libc_nano.a(libc_a-puts.o) (__swbuf_r)
D:/Program Files (x86)/STM32CubeIDE_1.11.2/STM32CubeIDE/plugins/com.st.stm32cube.ide.mcu.externaltools.gnu-tools-for-stm32.11.3.rel1.win32_1.1.1.202309131626/tools/bin/../lib/gcc/arm-none-eabi/11.3.1/../../../../arm-none-eabi/lib/thumb/v7e-m+fp/hard\libc_nano.a(libc_a-wsetup.o)
                              D:/Program Files (x86)/STM32CubeIDE_1.11.2/STM32CubeIDE/plugins/com.st.stm32cube.ide.mcu.externaltools.gnu-tools-for-stm32.11.3.rel1.win32_1.1.1.202309131626/tools/bin/../lib/gcc/arm-none-eabi/11.3.1/../../../../arm-none-eabi/lib/thumb/v7e-m+fp/hard\libc_nano.a(libc_a-puts.o) (__swsetup_r)
D:/Program Files (x86)/STM32CubeIDE_1.11.2/STM32CubeIDE/plugins/com.st.stm32cube.ide.mcu.externaltools.gnu-tools-for-stm32.11.3.rel1.win32_1.1.1.202309131626/tools/bin/../lib/gcc/arm-none-eabi/11.3.1/../../../../arm-none-eabi/lib/thumb/v7e-m+fp/hard\libc_nano.a(libc_a-memset.o)
                              D:/Program Files (x86)/STM32CubeIDE_1.11.2/STM32CubeIDE/plugins/com.st.stm32cube.ide.mcu.externaltools.gnu-tools-for-stm32.11.3.rel1.win32_1.1.1.202309131626/tools/bin/../lib/gcc/arm-none-eabi/11.3.1/../../../../arm-none-eabi/lib/thumb/v7e-m+fp/hard/crt0.o (memset)
[...]
Memory Configuration

Name             Origin             Length             Attributes
RAM              0x0000000020000000 0x0000000000020000 xrw
FLASH            0x0000000008000000 0x0000000000040000 xr
*default*        0x0000000000000000 0xffffffffffffffff

Linker script and memory map

LOAD D:/Program Files (x86)/STM32CubeIDE_1.11.2/STM32CubeIDE/plugins/com.st.stm32cube.ide.mcu.externaltools.gnu-tools-for-stm32.11.3.rel1.win32_1.1.1.202309131626/tools/bin/../lib/gcc/arm-none-eabi/11.3.1/thumb/v7e-m+fp/hard/crti.o
LOAD D:/Program Files (x86)/STM32CubeIDE_1.11.2/STM32CubeIDE/plugins/com.st.stm32cube.ide.mcu.externaltools.gnu-tools-for-stm32.11.3.rel1.win32_1.1.1.202309131626/tools/bin/../lib/gcc/arm-none-eabi/11.3.1/thumb/v7e-m+fp/hard/crtbegin.o
LOAD D:/Program Files (x86)/STM32CubeIDE_1.11.2/STM32CubeIDE/plugins/com.st.stm32cube.ide.mcu.externaltools.gnu-tools-for-stm32.11.3.rel1.win32_1.1.1.202309131626/tools/bin/../lib/gcc/arm-none-eabi/11.3.1/../../../../arm-none-eabi/lib/thumb/v7e-m+fp/hard/crt0.o
LOAD ./Core/Src/RingBuffer.o
LOAD ./Core/Src/adc.o
LOAD ./Core/Src/bitmaps.o
LOAD ./Core/Src/controller_inputs.o
LOAD ./Core/Src/controller_parser.o
LOAD ./Core/Src/controller_programs.o
LOAD ./Core/Src/debounce.o
LOAD ./Core/Src/dma.o
LOAD ./Core/Src/fonts.o
LOAD ./Core/Src/gpio.o
LOAD ./Core/Src/i2c.o
LOAD ./Core/Src/joystick.o
LOAD ./Core/Src/klebot_commands.o
LOAD ./Core/Src/klebot_radio.o
LOAD ./Core/Src/main.o
LOAD ./Core/Src/menu.o
LOAD ./Core/Src/nRF24.o
LOAD ./Core/Src/simple_scheduler.o
LOAD ./Core/Src/spi.o
LOAD ./Core/Src/ssd1106.o
LOAD ./Core/Src/stm32f4xx_hal_msp.o
LOAD ./Core/Src/stm32f4xx_it.o
LOAD ./Core/Src/syscalls.o
LOAD ./Core/Src/sysmem.o
LOAD ./Core/Src/system_stm32f4xx.o
LOAD ./Core/Src/tim.o
LOAD ./Core/Startup/startup_stm32f411rctx.o
LOAD ./Drivers/STM32F4xx_HAL_Driver/Src/stm32f4xx_hal.o
LOAD ./Drivers/STM32F4xx_HAL_Driver/Src/stm32f4xx_hal_adc.o
LOAD ./Drivers/STM32F4xx_HAL_Driver/Src/stm32f4xx_hal_adc_ex.o
LOAD ./Drivers/STM32F4xx_HAL_Driver/Src/stm32f4xx_hal_cortex.o
LOAD ./Drivers/STM32F4xx_HAL_Driver/Src/stm32f4xx_hal_dma.o
LOAD ./Drivers/STM32F4xx_HAL_Driver/Src/stm32f4xx_hal_dma_ex.o
LOAD ./Drivers/STM32F4xx_HAL_Driver/Src/stm32f4xx_hal_exti.o
LOAD ./Drivers/STM32F4xx_HAL_Driver/Src/stm32f4xx_hal_flash.o
LOAD ./Drivers/STM32F4xx_HAL_Driver/Src/stm32f4xx_hal_flash_ex.o
LOAD ./Drivers/STM32F4xx_HAL_Driver/Src/stm32f4xx_hal_flash_ramfunc.o
LOAD ./Drivers/STM32F4xx_HAL_Driver/Src/stm32f4xx_hal_gpio.o
LOAD ./Drivers/STM32F4xx_HAL_Driver/Src/stm32f4xx_hal_i2c.o
LOAD ./Drivers/STM32F4xx_HAL_Driver/Src/stm32f4xx_hal_i2c_ex.o
LOAD ./Drivers/STM32F4xx_HAL_Driver/Src/stm32f4xx_hal_pwr.o
LOAD ./Drivers/STM32F4xx_HAL_Driver/Src/stm32f4xx_hal_pwr_ex.o
LOAD ./Drivers/STM32F4xx_HAL_Driver/Src/stm32f4xx_hal_rcc.o
LOAD ./Drivers/STM32F4xx_HAL_Driver/Src/stm32f4xx_hal_rcc_ex.o
LOAD ./Drivers/STM32F4xx_HAL_Driver/Src/stm32f4xx_hal_spi.o
LOAD ./Drivers/STM32F4xx_HAL_Driver/Src/stm32f4xx_hal_tim.o
LOAD ./Drivers/STM32F4xx_HAL_Driver/Src/stm32f4xx_hal_tim_ex.o
LOAD ./Drivers/STM32F4xx_HAL_Driver/Src/stm32f4xx_ll_adc.o
START GROUP
LOAD D:/Program Files (x86)/STM32CubeIDE_1.11.2/STM32CubeIDE/plugins/com.st.stm32cube.ide.mcu.externaltools.gnu-tools-for-stm32.11.3.rel1.win32_1.1.1.202309131626/tools/bin/../lib/gcc/arm-none-eabi/11.3.1/../../../../arm-none-eabi/lib/thumb/v7e-m+fp/hard\libc_nano.a
LOAD D:/Program Files (x86)/STM32CubeIDE_1.11.2/STM32CubeIDE/plugins/com.st.stm32cube.ide.mcu.externaltools.gnu-tools-for-stm32.11.3.rel1.win32_1.1.1.202309131626/tools/bin/../lib/gcc/arm-none-eabi/11.3.1/../../../../arm-none-eabi/lib/thumb/v7e-m+fp/hard\libm.a
END GROUP
START GROUP
LOAD D:/Program Files (x86)/STM32CubeIDE_1.11.2/STM32CubeIDE/plugins/com.st.stm32cube.ide.mcu.externaltools.gnu-tools-for-stm32.11.3.rel1.win32_1.1.1.202309131626/tools/bin/../lib/gcc/arm-none-eabi/11.3.1/thumb/v7e-m+fp/hard\libgcc.a
LOAD D:/Program Files (x86)/STM32CubeIDE_1.11.2/STM32CubeIDE/plugins/com.st.stm32cube.ide.mcu.externaltools.gnu-tools-for-stm32.11.3.rel1.win32_1.1.1.202309131626/tools/bin/../lib/gcc/arm-none-eabi/11.3.1/../../../../arm-none-eabi/lib/thumb/v7e-m+fp/hard\libc_nano.a
END GROUP
START GROUP
LOAD D:/Program Files (x86)/STM32CubeIDE_1.11.2/STM32CubeIDE/plugins/com.st.stm32cube.ide.mcu.externaltools.gnu-tools-for-stm32.11.3.rel1.win32_1.1.1.202309131626/tools/bin/../lib/gcc/arm-none-eabi/11.3.1/thumb/v7e-m+fp/hard\libgcc.a
LOAD D:/Program Files (x86)/STM32CubeIDE_1.11.2/STM32CubeIDE/plugins/com.st.stm32cube.ide.mcu.externaltools.gnu-tools-for-stm32.11.3.rel1.win32_1.1.1.202309131626/tools/bin/../lib/gcc/arm-none-eabi/11.3.1/../../../../arm-none-eabi/lib/thumb/v7e-m+fp/hard\libc_nano.a
LOAD D:/Program Files (x86)/STM32CubeIDE_1.11.2/STM32CubeIDE/plugins/com.st.stm32cube.ide.mcu.externaltools.gnu-tools-for-stm32.11.3.rel1.win32_1.1.1.202309131626/tools/bin/../lib/gcc/arm-none-eabi/11.3.1/../../../../arm-none-eabi/lib/thumb/v7e-m+fp/hard\libnosys.a
END GROUP
START GROUP
LOAD D:/Program Files (x86)/STM32CubeIDE_1.11.2/STM32CubeIDE/plugins/com.st.stm32cube.ide.mcu.externaltools.gnu-tools-for-stm32.11.3.rel1.win32_1.1.1.202309131626/tools/bin/../lib/gcc/arm-none-eabi/11.3.1/thumb/v7e-m+fp/hard\libgcc.a
LOAD D:/Program Files (x86)/STM32CubeIDE_1.11.2/STM32CubeIDE/plugins/com.st.stm32cube.ide.mcu.externaltools.gnu-tools-for-stm32.11.3.rel1.win32_1.1.1.202309131626/tools/bin/../lib/gcc/arm-none-eabi/11.3.1/../../../../arm-none-eabi/lib/thumb/v7e-m+fp/hard\libc_nano.a
LOAD D:/Program Files (x86)/STM32CubeIDE_1.11.2/STM32CubeIDE/plugins/com.st.stm32cube.ide.mcu.externaltools.gnu-tools-for-stm32.11.3.rel1.win32_1.1.1.202309131626/tools/bin/../lib/gcc/arm-none-eabi/11.3.1/../../../../arm-none-eabi/lib/thumb/v7e-m+fp/hard\libnosys.a
END GROUP
LOAD D:/Program Files (x86)/STM32CubeIDE_1.11.2/STM32CubeIDE/plugins/com.st.stm32cube.ide.mcu.externaltools.gnu-tools-for-stm32.11.3.rel1.win32_1.1.1.202309131626/tools/bin/../lib/gcc/arm-none-eabi/11.3.1/thumb/v7e-m+fp/hard/crtend.o
LOAD D:/Program Files (x86)/STM32CubeIDE_1.11.2/STM32CubeIDE/plugins/com.st.stm32cube.ide.mcu.externaltools.gnu-tools-for-stm32.11.3.rel1.win32_1.1.1.202309131626/tools/bin/../lib/gcc/arm-none-eabi/11.3.1/thumb/v7e-m+fp/hard/crtn.o
                0x0000000020020000                _estack = (ORIGIN (RAM) + LENGTH (RAM))
                0x0000000000000200                _Min_Heap_Size = 0x200
                0x0000000000000400                _Min_Stack_Size = 0x400

.isr_vector     0x0000000008000000      0x198
                0x0000000008000000                . = ALIGN (0x4)
 *(.isr_vector)
 .isr_vector    0x0000000008000000      0x198 ./Core/Startup/startup_stm32f411rctx.o
                0x0000000008000000                g_pfnVectors
                0x0000000008000198                . = ALIGN (0x4)

.text           0x00000000080001a0     0x8378
                0x00000000080001a0                . = ALIGN (0x4)
 *(.text)
 .text          0x00000000080001a0       0x40 D:/Program Files (x86)/STM32CubeIDE_1.11.2/STM32CubeIDE/plugins/com.st.stm32cube.ide.mcu.externaltools.gnu-tools-for-stm32.11.3.rel1.win32_1.1.1.202309131626/tools/bin/../lib/gcc/arm-none-eabi/11.3.1/thumb/v7e-m+fp/hard/crtbegin.o
 .text          0x00000000080001e0       0x10 D:/Program Files (x86)/STM32CubeIDE_1.11.2/STM32CubeIDE/plugins/com.st.stm32cube.ide.mcu.externaltools.gnu-tools-for-stm32.11.3.rel1.win32_1.1.1.202309131626/tools/bin/../lib/gcc/arm-none-eabi/11.3.1/../../../../arm-none-eabi/lib/thumb/v7e-m+fp/hard\libc_nano.a(libc_a-strlen.o)
                0x00000000080001e0                strlen
 .text          0x00000000080001f0       0xa0 D:/Program Files (x86)/STM32CubeIDE_1.11.2/STM32CubeIDE/plugins/com.st.stm32cube.ide.mcu.externaltools.gnu-tools-for-stm32.11.3.rel1.win32_1.1.1.202309131626/tools/bin/../lib/gcc/arm-none-eabi/11.3.1/../../../../arm-none-eabi/lib/thumb/v7e-m+fp/hard\libc_nano.a(libc_a-memchr.o)
                0x00000000080001f0                memchr
 .text          0x0000000008000290       0x30 D:/Program Files (x86)/STM32CubeIDE_1.11.2/STM32CubeIDE/plugins/com.st.stm32cube.ide.mcu.externaltools.gnu-tools-for-stm32.11.3.rel1.win32_1.1.1.202309131626/tools/bin/../lib/gcc/arm-none-eabi/11.3.1/thumb/v7e-m+fp/hard\libgcc.a(_aeabi_uldivmod.o)
                0x0000000008000290                __aeabi_uldivmod
 .text          0x00000000080002c0      0x2c8 D:/Program Files (x86)/STM32CubeIDE_1.11.2/STM32CubeIDE/plugins/com.st.stm32cube.ide.mcu.externaltools.gnu-tools-for-stm32.11.3.rel1.win32_1.1.1.202309131626/tools/bin/../lib/gcc/arm-none-eabi/11.3.1/thumb/v7e-m+fp/hard\libgcc.a(_udivmoddi4.o)
                0x00000000080002c0                __udivmoddi4
 .text          0x0000000008000588        0x4 D:/Program Files (x86)/STM32CubeIDE_1.11.2/STM32CubeIDE/plugins/com.st.stm32cube.ide.mcu.externaltools.gnu-tools-for-stm32.11.3.rel1.win32_1.1.1.202309131626/tools/bin/../lib/gcc/arm-none-eabi/11.3.1/thumb/v7e-m+fp/hard\libgcc.a(_dvmd_tls.o)
                0x0000000008000588                __aeabi_idiv0
                0x0000000008000588                __aeabi_ldiv0
 *(.text*)
 .text.RBuffer_Write
                0x000000000800058c       0x58 ./Core/Src/RingBuffer.o
                0x000000000800058c                RBuffer_Write
 .text.RBuffer_Read
                0x00000000080005e4       0x5c ./Core/Src/RingBuffer.o
                0x00000000080005e4                RBuffer_Read
 .text.MX_ADC1_Init
                0x0000000008000640       0xf8 ./Core/Src/adc.o
                0x0000000008000640                MX_ADC1_Init
 .text.HAL_ADC_MspInit
                0x0000000008000738      0x128 ./Core/Src/adc.o
                0x0000000008000738                HAL_ADC_MspInit
 .text.Inputs_Init
                0x0000000008000860       0xec ./Core/Src/controller_inputs.o
                0x0000000008000860                Inputs_Init
 .text.Inputs_GetLeftJoystickDev
                0x000000000800094c       0x3c ./Core/Src/controller_inputs.o
                0x000000000800094c                Inputs_GetLeftJoystickDev
 .text.Inputs_GetRightJoystickDev
                0x0000000008000988       0x3c ./Core/Src/controller_inputs.o
                0x0000000008000988                Inputs_GetRightJoystickDev
 .text.HAL_ADC_ConvCpltCallback
                0x00000000080009c4       0xc0 ./Core/Src/controller_inputs.o
                0x00000000080009c4                HAL_ADC_ConvCpltCallback
 .text.Inputs_GetEncoderCount
                0x0000000008000a84       0x54 ./Core/Src/controller_inputs.o
                0x0000000008000a84                Inputs_GetEncoderCount
 .text.Inputs_ButtonsRoutine
                0x0000000008000ad8       0x3c ./Core/Src/controller_inputs.o
                0x0000000008000ad8                Inputs_ButtonsRoutine
 .text.Inputs_ButtonsRegisterCallback
                0x0000000008000b14       0x8c ./Core/Src/controller_inputs.o
                0x0000000008000b14                Inputs_ButtonsRegisterCallback
 .text.Inputs_ClearButtonsCallbacks
                0x0000000008000ba0       0x50 ./Core/Src/controller_inputs.o
                0x0000000008000ba0                Inputs_ClearButtonsCallbacks
 .text.Parser_Controller
                0x0000000008000bf0       0x3e ./Core/Src/controller_parser.o
                0x0000000008000bf0                Parser_Controller
 *fill*         0x0000000008000c2e        0x2 
 .text.Programs_ClearProgram
                0x0000000008000c30       0x18 ./Core/Src/controller_programs.o
                0x0000000008000c30                Programs_ClearProgram
 .text.Programs_PerformProgram
                0x0000000008000c48       0x2c ./Core/Src/controller_programs.o
                0x0000000008000c48                Programs_PerformProgram
 .text.Programs_SendProgramStartCommand
                0x0000000008000c74       0x28 ./Core/Src/controller_programs.o
 .text.Programs_SendProgramExitCommand
                0x0000000008000c9c       0x28 ./Core/Src/controller_programs.o
 .text.Programs_DiodeTestSendOnCmd
                0x0000000008000cc4       0x20 ./Core/Src/controller_programs.o
                0x0000000008000cc4                Programs_DiodeTestSendOnCmd
 .text.Programs_DiodeTestSendOffCmd
                0x0000000008000ce4       0x20 ./Core/Src/controller_programs.o
                0x0000000008000ce4                Programs_DiodeTestSendOffCmd
 .text.Programs_DiodeTestExitProgram
                0x0000000008000d04       0x18 ./Core/Src/controller_programs.o
                0x0000000008000d04                Programs_DiodeTestExitProgram
 .text.Programs_DiodeTestProgram
                0x0000000008000d1c       0xdc ./Core/Src/controller_programs.o
                0x0000000008000d1c                Programs_DiodeTestProgram
 .text.Programs_DiodeTestParser
                0x0000000008000df8       0x5c ./Core/Src/controller_programs.o
                0x0000000008000df8                Programs_DiodeTestParser
 .text.Programs_DiodeTestSet
                0x0000000008000e54       0x1c ./Core/Src/controller_programs.o
                0x0000000008000e54                Programs_DiodeTestSet
 .text.TestBlinkProgram
                0x0000000008000e70       0xdc ./Core/Src/controller_programs.o
                0x0000000008000e70                TestBlinkProgram
 .text.SetTestBlink
                0x0000000008000f4c       0x1c ./Core/Src/controller_programs.o
                0x0000000008000f4c                SetTestBlink
 .text.SetFreeRideControll
                0x0000000008000f68       0x1c ./Core/Src/controller_programs.o
                0x0000000008000f68                SetFreeRideControll
 .text.FreeRideControll
                0x0000000008000f84      0x11c ./Core/Src/controller_programs.o
                0x0000000008000f84                FreeRideControll
 .text.DB_ButtonInit
                0x00000000080010a0       0x46 ./Core/Src/debounce.o
                0x00000000080010a0                DB_ButtonInit
 .text.DB_ButtonPressCallbackRegister
                0x00000000080010e6       0x24 ./Core/Src/debounce.o
                0x00000000080010e6                DB_ButtonPressCallbackRegister
 .text.DB_IsButtonPressed
                0x000000000800110a       0x2c ./Core/Src/debounce.o
 *fill*         0x0000000008001136        0x2 
 .text.DB_ButtonProcess
                0x0000000008001138      0x12c ./Core/Src/debounce.o
                0x0000000008001138                DB_ButtonProcess
 .text.MX_DMA_Init
                0x0000000008001264       0x40 ./Core/Src/dma.o
                0x0000000008001264                MX_DMA_Init
 .text.MX_GPIO_Init
                0x00000000080012a4      0x18c ./Core/Src/gpio.o
                0x00000000080012a4                MX_GPIO_Init
 .text.MX_I2C1_Init
                0x0000000008001430       0x5c ./Core/Src/i2c.o
                0x0000000008001430                MX_I2C1_Init
 .text.MX_I2C3_Init
                0x000000000800148c       0x5c ./Core/Src/i2c.o
                0x000000000800148c                MX_I2C3_Init
 .text.HAL_I2C_MspInit
                0x00000000080014e8      0x140 ./Core/Src/i2c.o
                0x00000000080014e8                HAL_I2C_MspInit
 .text.JoyS_Init
                0x0000000008001628       0x36 ./Core/Src/joystick.o
                0x0000000008001628                JoyS_Init
 .text.JoyS_SetIdleValues
                0x000000000800165e       0x54 ./Core/Src/joystick.o
                0x000000000800165e                JoyS_SetIdleValues
 .text.Joy_GetDeviationPercent
                0x00000000080016b2       0x82 ./Core/Src/joystick.o
                0x00000000080016b2                Joy_GetDeviationPercent
 .text.Joy_GetDeviationPercentCal
                0x0000000008001734       0xb6 ./Core/Src/joystick.o
                0x0000000008001734                Joy_GetDeviationPercentCal
 *fill*         0x00000000080017ea        0x2 
 .text.Radio_Init
                0x00000000080017ec       0x30 ./Core/Src/klebot_radio.o
                0x00000000080017ec                Radio_Init
 .text.Radio_RxBufferPut
                0x000000000800181c       0x50 ./Core/Src/klebot_radio.o
                0x000000000800181c                Radio_RxBufferPut
 .text.Radio_RxBufferGet
                0x000000000800186c       0x70 ./Core/Src/klebot_radio.o
                0x000000000800186c                Radio_RxBufferGet
 .text.Radio_TxBufferPut
                0x00000000080018dc       0x60 ./Core/Src/klebot_radio.o
                0x00000000080018dc                Radio_TxBufferPut
 .text.Radio_TxBufferSend
                0x000000000800193c       0x8c ./Core/Src/klebot_radio.o
                0x000000000800193c                Radio_TxBufferSend
 .text.Radio_SendConnectionCheck
                0x00000000080019c8       0x2c ./Core/Src/klebot_radio.o
                0x00000000080019c8                Radio_SendConnectionCheck
 .text.Radio_Process
                0x00000000080019f4       0x98 ./Core/Src/klebot_radio.o
                0x00000000080019f4                Radio_Process
 .text.Radio_NoConnectionCallback
                0x0000000008001a8c        0xe ./Core/Src/klebot_radio.o
                0x0000000008001a8c                Radio_NoConnectionCallback
 *fill*         0x0000000008001a9a        0x2 
 .text.nRF24_EventTxCallback
                0x0000000008001a9c       0x24 ./Core/Src/klebot_radio.o
                0x0000000008001a9c                nRF24_EventTxCallback
 .text.nRF24_EventRxCallback
                0x0000000008001ac0       0x34 ./Core/Src/klebot_radio.o
                0x0000000008001ac0                nRF24_EventRxCallback
 .text.nRF24_EventMrCallback
                0x0000000008001af4       0x18 ./Core/Src/klebot_radio.o
                0x0000000008001af4                nRF24_EventMrCallback
 .text.ITM_SendChar
                0x0000000008001b0c       0x4e ./Core/Src/main.o
 *fill*         0x0000000008001b5a        0x2 
 .text.main     0x0000000008001b5c       0x5c ./Core/Src/main.o
                0x0000000008001b5c                main
 .text.SystemClock_Config
                0x0000000008001bb8       0xd0 ./Core/Src/main.o
                0x0000000008001bb8                SystemClock_Config
 .text.MX_NVIC_Init
                0x0000000008001c88       0x38 ./Core/Src/main.o
 .text.__io_putchar
                0x0000000008001cc0       0x1a ./Core/Src/main.o
                0x0000000008001cc0                __io_putchar
 .text.HAL_GPIO_EXTI_Callback
                0x0000000008001cda       0x1e ./Core/Src/main.o
                0x0000000008001cda                HAL_GPIO_EXTI_Callback
 .text.Error_Handler
                0x0000000008001cf8        0xa ./Core/Src/main.o
                0x0000000008001cf8                Error_Handler
 *fill*         0x0000000008001d02        0x2 
 .text.Menu_RefreshScreen
                0x0000000008001d04      0x16c ./Core/Src/menu.o
                0x0000000008001d04                Menu_RefreshScreen
 .text.Menu_Next
                0x0000000008001e70       0x60 ./Core/Src/menu.o
                0x0000000008001e70                Menu_Next
 .text.Menu_Prev
                0x0000000008001ed0       0x64 ./Core/Src/menu.o
                0x0000000008001ed0                Menu_Prev
 .text.Menu_Select
                0x0000000008001f34       0x54 ./Core/Src/menu.o
                0x0000000008001f34                Menu_Select
 .text.Menu_Back
                0x0000000008001f88       0x90 ./Core/Src/menu.o
                0x0000000008001f88                Menu_Back
 .text.nRF24_Delay_ms
                0x0000000008002018       0x1a ./Core/Src/nRF24.o
 *fill*         0x0000000008002032        0x2 
 .text.nRF24_SendSpi
                0x0000000008002034       0x2c ./Core/Src/nRF24.o
 .text.nRF24_ReadSpi
                0x0000000008002060       0x2c ./Core/Src/nRF24.o
 .text.nRF24_ReadRegister
                0x000000000800208c       0x48 ./Core/Src/nRF24.o
 .text.nRF24_ReadRegisters
                0x00000000080020d4       0x48 ./Core/Src/nRF24.o
 .text.nRF24_WriteRegister
                0x000000000800211c       0x4c ./Core/Src/nRF24.o
 .text.nRF24_WriteRegisters
                0x0000000008002168       0x50 ./Core/Src/nRF24.o
 .text.nRF24_TX_Mode
                0x00000000080021b8       0x50 ./Core/Src/nRF24.o
                0x00000000080021b8                nRF24_TX_Mode
 .text.nRF24_ReadConfig
                0x0000000008002208       0x10 ./Core/Src/nRF24.o
                0x0000000008002208                nRF24_ReadConfig
 .text.nRF24_WriteConfig
                0x0000000008002218       0x1c ./Core/Src/nRF24.o
                0x0000000008002218                nRF24_WriteConfig
 .text.nRF24_SetPALevel
                0x0000000008002234       0x3e ./Core/Src/nRF24.o
                0x0000000008002234                nRF24_SetPALevel
 .text.nRF24_SetDataRate
                0x0000000008002272       0x4c ./Core/Src/nRF24.o
                0x0000000008002272                nRF24_SetDataRate
 .text.nRF24_ReadStatus
                0x00000000080022be       0x10 ./Core/Src/nRF24.o
                0x00000000080022be                nRF24_ReadStatus
 .text.nRF24_WriteStatus
                0x00000000080022ce       0x1c ./Core/Src/nRF24.o
                0x00000000080022ce                nRF24_WriteStatus
 *fill*         0x00000000080022ea        0x2 
 .text.nRF24_FlushRX
                0x00000000080022ec       0x34 ./Core/Src/nRF24.o
                0x00000000080022ec                nRF24_FlushRX
 .text.nRF24_FlushTX
                0x0000000008002320       0x34 ./Core/Src/nRF24.o
                0x0000000008002320                nRF24_FlushTX
 .text.nRF24_EnableCRC
                0x0000000008002354       0x3a ./Core/Src/nRF24.o
                0x0000000008002354                nRF24_EnableCRC
 .text.nRF24_SetCRCLength
                0x000000000800238e       0x3a ./Core/Src/nRF24.o
                0x000000000800238e                nRF24_SetCRCLength
 .text.nRF24_SetRetries
                0x00000000080023c8       0x36 ./Core/Src/nRF24.o
                0x00000000080023c8                nRF24_SetRetries
 .text.nRF24_SetRFChannel
                0x00000000080023fe       0x22 ./Core/Src/nRF24.o
                0x00000000080023fe                nRF24_SetRFChannel
 .text.nRF24_EnablePipe
                0x0000000008002420       0x6a ./Core/Src/nRF24.o
                0x0000000008002420                nRF24_EnablePipe
 .text.nRF24_AutoACK
                0x000000000800248a       0x6a ./Core/Src/nRF24.o
                0x000000000800248a                nRF24_AutoACK
 .text.nRF24_SetAddressWidth
                0x00000000080024f4       0x3a ./Core/Src/nRF24.o
                0x00000000080024f4                nRF24_SetAddressWidth
 .text.nRF24_SetRXAddress
                0x000000000800252e       0x72 ./Core/Src/nRF24.o
                0x000000000800252e                nRF24_SetRXAddress
 .text.nRF24_SetTXAddress
                0x00000000080025a0       0x8c ./Core/Src/nRF24.o
                0x00000000080025a0                nRF24_SetTXAddress
 .text.nRF24_ClearInterrupts
                0x000000000800262c       0x26 ./Core/Src/nRF24.o
                0x000000000800262c                nRF24_ClearInterrupts
 .text.nRF24_GetDynamicPayloadSize
                0x0000000008002652       0x32 ./Core/Src/nRF24.o
                0x0000000008002652                nRF24_GetDynamicPayloadSize
 .text.nRF24_EnableRXDataReadyIRQ
                0x0000000008002684       0x3a ./Core/Src/nRF24.o
                0x0000000008002684                nRF24_EnableRXDataReadyIRQ
 .text.nRF24_EnableTXDataSentIRQ
                0x00000000080026be       0x3a ./Core/Src/nRF24.o
                0x00000000080026be                nRF24_EnableTXDataSentIRQ
 .text.nRF24_EnableMaxRetransmitIRQ
                0x00000000080026f8       0x3a ./Core/Src/nRF24.o
                0x00000000080026f8                nRF24_EnableMaxRetransmitIRQ
 .text.nRF24_WriteTXPayload
                0x0000000008002732       0x20 ./Core/Src/nRF24.o
                0x0000000008002732                nRF24_WriteTXPayload
 *fill*         0x0000000008002752        0x2 
 .text.nRF24_WaitTX
                0x0000000008002754       0x50 ./Core/Src/nRF24.o
                0x0000000008002754                nRF24_WaitTX
 .text.nRF24_ReadRXPaylaod
                0x00000000080027a4       0x2c ./Core/Src/nRF24.o
                0x00000000080027a4                nRF24_ReadRXPaylaod
 .text.nRF24_SendPacket
                0x00000000080027d0       0x2e ./Core/Src/nRF24.o
                0x00000000080027d0                nRF24_SendPacket
 *fill*         0x00000000080027fe        0x2 
 .text.nRF24_IRQ_Handler
                0x0000000008002800       0x18 ./Core/Src/nRF24.o
                0x0000000008002800                nRF24_IRQ_Handler
 .text.nRF24_IRQ_Read
                0x0000000008002818       0x8c ./Core/Src/nRF24.o
                0x0000000008002818                nRF24_IRQ_Read
 .text.nRF24_Event
                0x00000000080028a4       0x50 ./Core/Src/nRF24.o
                0x00000000080028a4                nRF24_Event
 .text.nRF24_Init
                0x00000000080028f4       0xcc ./Core/Src/nRF24.o
                0x00000000080028f4                nRF24_Init
 .text.MenuTaskInit
                0x00000000080029c0       0x34 ./Core/Src/simple_scheduler.o
 .text.MenuTask
                0x00000000080029f4       0x34 ./Core/Src/simple_scheduler.o
 .text.SimpleScheduler
                0x0000000008002a28       0x68 ./Core/Src/simple_scheduler.o
                0x0000000008002a28                SimpleScheduler
 .text.Radio_NewCommandReceivedCallback
                0x0000000008002a90       0x1e ./Core/Src/simple_scheduler.o
                0x0000000008002a90                Radio_NewCommandReceivedCallback
 *fill*         0x0000000008002aae        0x2 
 .text.MX_SPI2_Init
                0x0000000008002ab0       0x6c ./Core/Src/spi.o
                0x0000000008002ab0                MX_SPI2_Init
 .text.HAL_SPI_MspInit
                0x0000000008002b1c       0x90 ./Core/Src/spi.o
                0x0000000008002b1c                HAL_SPI_MspInit
 .text.OLED_SendCmdSequence
                0x0000000008002bac       0x38 ./Core/Src/ssd1106.o
 .text.OLED_SendData
                0x0000000008002be4       0x34 ./Core/Src/ssd1106.o
 .text.OLED_Init
                0x0000000008002c18       0x34 ./Core/Src/ssd1106.o
                0x0000000008002c18                OLED_Init
 .text.OLED_SetDeviceCursor
                0x0000000008002c4c       0x6c ./Core/Src/ssd1106.o
                0x0000000008002c4c                OLED_SetDeviceCursor
 .text.OLED_MoveCursor
                0x0000000008002cb8       0x4c ./Core/Src/ssd1106.o
                0x0000000008002cb8                OLED_MoveCursor
 .text.OLED_WriteToBuffer
                0x0000000008002d04       0xd0 ./Core/Src/ssd1106.o
                0x0000000008002d04                OLED_WriteToBuffer
 .text.OLED_SendBuffer
                0x0000000008002dd4       0x58 ./Core/Src/ssd1106.o
                0x0000000008002dd4                OLED_SendBuffer
 .text.OLED_ClearBuffer
                0x0000000008002e2c       0x2c ./Core/Src/ssd1106.o
                0x0000000008002e2c                OLED_ClearBuffer
 .text.OLED_ChangeFont
                0x0000000008002e58       0x58 ./Core/Src/ssd1106.o
                0x0000000008002e58                OLED_ChangeFont
 .text.OLED_WriteChar
                0x0000000008002eb0      0x110 ./Core/Src/ssd1106.o
                0x0000000008002eb0                OLED_WriteChar
 .text.OLED_WriteString
                0x0000000008002fc0       0x4a ./Core/Src/ssd1106.o
                0x0000000008002fc0                OLED_WriteString
 *fill*         0x000000000800300a        0x2 
 .text.OLED_WriteInt
                0x000000000800300c       0x40 ./Core/Src/ssd1106.o
                0x000000000800300c                OLED_WriteInt
 .text.HAL_MspInit
                0x000000000800304c       0x50 ./Core/Src/stm32f4xx_hal_msp.o
                0x000000000800304c                HAL_MspInit
 .text.NMI_Handler
                0x000000000800309c        0x6 ./Core/Src/stm32f4xx_it.o
                0x000000000800309c                NMI_Handler
 .text.HardFault_Handler
                0x00000000080030a2        0x6 ./Core/Src/stm32f4xx_it.o
                0x00000000080030a2                HardFault_Handler
 .text.MemManage_Handler
                0x00000000080030a8        0x6 ./Core/Src/stm32f4xx_it.o
                0x00000000080030a8                MemManage_Handler
 .text.BusFault_Handler
                0x00000000080030ae        0x6 ./Core/Src/stm32f4xx_it.o
                0x00000000080030ae                BusFault_Handler
 .text.UsageFault_Handler
                0x00000000080030b4        0x6 ./Core/Src/stm32f4xx_it.o
                0x00000000080030b4                UsageFault_Handler
 .text.SVC_Handler
                0x00000000080030ba        0xe ./Core/Src/stm32f4xx_it.o
                0x00000000080030ba                SVC_Handler
 .text.DebugMon_Handler
                0x00000000080030c8        0xe ./Core/Src/stm32f4xx_it.o
                0x00000000080030c8                DebugMon_Handler
 .text.PendSV_Handler
                0x00000000080030d6        0xe ./Core/Src/stm32f4xx_it.o
                0x00000000080030d6                PendSV_Handler
 .text.SysTick_Handler
                0x00000000080030e4        0xc ./Core/Src/stm32f4xx_it.o
                0x00000000080030e4                SysTick_Handler
 .text.ADC_IRQHandler
                0x00000000080030f0       0x14 ./Core/Src/stm32f4xx_it.o
                0x00000000080030f0                ADC_IRQHandler
 .text.TIM1_UP_TIM10_IRQHandler
                0x0000000008003104       0x14 ./Core/Src/stm32f4xx_it.o
                0x0000000008003104                TIM1_UP_TIM10_IRQHandler
 .text.SPI2_IRQHandler
                0x0000000008003118       0x14 ./Core/Src/stm32f4xx_it.o
                0x0000000008003118                SPI2_IRQHandler
 .text.EXTI15_10_IRQHandler
                0x000000000800312c       0x10 ./Core/Src/stm32f4xx_it.o
                0x000000000800312c                EXTI15_10_IRQHandler
 .text.DMA2_Stream0_IRQHandler
                0x000000000800313c       0x14 ./Core/Src/stm32f4xx_it.o
                0x000000000800313c                DMA2_Stream0_IRQHandler
 .text._read    0x0000000008003150       0x3a ./Core/Src/syscalls.o
                0x0000000008003150                _read
 .text._write   0x000000000800318a       0x38 ./Core/Src/syscalls.o
                0x000000000800318a                _write
 .text._close   0x00000000080031c2       0x18 ./Core/Src/syscalls.o
                0x00000000080031c2                _close
 .text._fstat   0x00000000080031da       0x20 ./Core/Src/syscalls.o
                0x00000000080031da                _fstat
 .text._isatty  0x00000000080031fa       0x16 ./Core/Src/syscalls.o
                0x00000000080031fa                _isatty
 .text._lseek   0x0000000008003210       0x1a ./Core/Src/syscalls.o
                0x0000000008003210                _lseek
 *fill*         0x000000000800322a        0x2 
 .text._sbrk    0x000000000800322c       0x6c ./Core/Src/sysmem.o
                0x000000000800322c                _sbrk
 .text.SystemInit
                0x0000000008003298       0x24 ./Core/Src/system_stm32f4xx.o
                0x0000000008003298                SystemInit
 .text.MX_TIM3_Init
                0x00000000080032bc       0xa8 ./Core/Src/tim.o
                0x00000000080032bc                MX_TIM3_Init
 .text.MX_TIM10_Init
                0x0000000008003364       0x48 ./Core/Src/tim.o
                0x0000000008003364                MX_TIM10_Init
 .text.HAL_TIM_Encoder_MspInit
                0x00000000080033ac       0x90 ./Core/Src/tim.o
                0x00000000080033ac                HAL_TIM_Encoder_MspInit
 .text.HAL_TIM_Base_MspInit
                0x000000000800343c       0x50 ./Core/Src/tim.o
                0x000000000800343c                HAL_TIM_Base_MspInit
 .text.Reset_Handler
                0x000000000800348c       0x50 ./Core/Startup/startup_stm32f411rctx.o
                0x000000000800348c                Reset_Handler
 .text.Default_Handler
                0x00000000080034dc        0x2 ./Core/Startup/startup_stm32f411rctx.o
                0x00000000080034dc                RTC_Alarm_IRQHandler
                0x00000000080034dc                EXTI2_IRQHandler
                0x00000000080034dc                SPI4_IRQHandler
                0x00000000080034dc                TIM1_CC_IRQHandler
                0x00000000080034dc                DMA2_Stream5_IRQHandler
                0x00000000080034dc                DMA1_Stream5_IRQHandler
                0x00000000080034dc                PVD_IRQHandler
                0x00000000080034dc                SDIO_IRQHandler
                0x00000000080034dc                TAMP_STAMP_IRQHandler
                0x00000000080034dc                EXTI3_IRQHandler
                0x00000000080034dc                I2C3_ER_IRQHandler
                0x00000000080034dc                EXTI0_IRQHandler
                0x00000000080034dc                I2C2_EV_IRQHandler
                0x00000000080034dc                DMA1_Stream2_IRQHandler
                0x00000000080034dc                FPU_IRQHandler
                0x00000000080034dc                DMA2_Stream2_IRQHandler
                0x00000000080034dc                SPI1_IRQHandler
                0x00000000080034dc                TIM1_BRK_TIM9_IRQHandler
                0x00000000080034dc                DMA2_Stream3_IRQHandler
                0x00000000080034dc                USART6_IRQHandler
                0x00000000080034dc                TIM4_IRQHandler
                0x00000000080034dc                I2C1_EV_IRQHandler
                0x00000000080034dc                DMA1_Stream6_IRQHandler
                0x00000000080034dc                DMA1_Stream1_IRQHandler
                0x00000000080034dc                TIM3_IRQHandler
                0x00000000080034dc                RCC_IRQHandler
                0x00000000080034dc                Default_Handler
                0x00000000080034dc                DMA1_Stream7_IRQHandler
                0x00000000080034dc                SPI5_IRQHandler
                0x00000000080034dc                TIM5_IRQHandler
                0x00000000080034dc                DMA2_Stream7_IRQHandler
                0x00000000080034dc                I2C3_EV_IRQHandler
                0x00000000080034dc                EXTI9_5_IRQHandler
                0x00000000080034dc                RTC_WKUP_IRQHandler
                0x00000000080034dc                DMA1_Stream0_IRQHandler
                0x00000000080034dc                EXTI4_IRQHandler
                0x00000000080034dc                WWDG_IRQHandler
                0x00000000080034dc                TIM2_IRQHandler
                0x00000000080034dc                OTG_FS_WKUP_IRQHandler
                0x00000000080034dc                TIM1_TRG_COM_TIM11_IRQHandler
                0x00000000080034dc                EXTI1_IRQHandler
                0x00000000080034dc                USART2_IRQHandler
                0x00000000080034dc                I2C2_ER_IRQHandler
                0x00000000080034dc                DMA2_Stream1_IRQHandler
                0x00000000080034dc                FLASH_IRQHandler
                0x00000000080034dc                DMA2_Stream4_IRQHandler
                0x00000000080034dc                USART1_IRQHandler
                0x00000000080034dc                OTG_FS_IRQHandler
                0x00000000080034dc                SPI3_IRQHandler
                0x00000000080034dc                DMA1_Stream4_IRQHandler
                0x00000000080034dc                I2C1_ER_IRQHandler
                0x00000000080034dc                DMA2_Stream6_IRQHandler
                0x00000000080034dc                DMA1_Stream3_IRQHandler
 *fill*         0x00000000080034de        0x2 
 .text.HAL_Init
                0x00000000080034e0       0x44 ./Drivers/STM32F4xx_HAL_Driver/Src/stm32f4xx_hal.o
                0x00000000080034e0                HAL_Init
 .text.HAL_InitTick
                0x0000000008003524       0x60 ./Drivers/STM32F4xx_HAL_Driver/Src/stm32f4xx_hal.o
                0x0000000008003524                HAL_InitTick
 .text.HAL_IncTick
                0x0000000008003584       0x28 ./Drivers/STM32F4xx_HAL_Driver/Src/stm32f4xx_hal.o
                0x0000000008003584                HAL_IncTick
 .text.HAL_GetTick
                0x00000000080035ac       0x18 ./Drivers/STM32F4xx_HAL_Driver/Src/stm32f4xx_hal.o
                0x00000000080035ac                HAL_GetTick
 .text.HAL_Delay
                0x00000000080035c4       0x48 ./Drivers/STM32F4xx_HAL_Driver/Src/stm32f4xx_hal.o
                0x00000000080035c4                HAL_Delay
 .text.HAL_ADC_Init
                0x000000000800360c       0x86 ./Drivers/STM32F4xx_HAL_Driver/Src/stm32f4xx_hal_adc.o
                0x000000000800360c                HAL_ADC_Init
 .text.HAL_ADC_IRQHandler
                0x0000000008003692      0x220 ./Drivers/STM32F4xx_HAL_Driver/Src/stm32f4xx_hal_adc.o
                0x0000000008003692                HAL_ADC_IRQHandler
 *fill*         0x00000000080038b2        0x2 
 .text.HAL_ADC_Start_DMA
                0x00000000080038b4      0x1e0 ./Drivers/STM32F4xx_HAL_Driver/Src/stm32f4xx_hal_adc.o
                0x00000000080038b4                HAL_ADC_Start_DMA
 .text.HAL_ADC_ConvHalfCpltCallback
                0x0000000008003a94       0x14 ./Drivers/STM32F4xx_HAL_Driver/Src/stm32f4xx_hal_adc.o
                0x0000000008003a94                HAL_ADC_ConvHalfCpltCallback
 .text.HAL_ADC_LevelOutOfWindowCallback
                0x0000000008003aa8       0x14 ./Drivers/STM32F4xx_HAL_Driver/Src/stm32f4xx_hal_adc.o
                0x0000000008003aa8                HAL_ADC_LevelOutOfWindowCallback
 .text.HAL_ADC_ErrorCallback
                0x0000000008003abc       0x14 ./Drivers/STM32F4xx_HAL_Driver/Src/stm32f4xx_hal_adc.o
                0x0000000008003abc                HAL_ADC_ErrorCallback
 .text.HAL_ADC_ConfigChannel
                0x0000000008003ad0      0x264 ./Drivers/STM32F4xx_HAL_Driver/Src/stm32f4xx_hal_adc.o
                0x0000000008003ad0                HAL_ADC_ConfigChannel
 .text.ADC_Init
                0x0000000008003d34      0x1f8 ./Drivers/STM32F4xx_HAL_Driver/Src/stm32f4xx_hal_adc.o
 .text.ADC_DMAConvCplt
                0x0000000008003f2c       0xba ./Drivers/STM32F4xx_HAL_Driver/Src/stm32f4xx_hal_adc.o
 .text.ADC_DMAHalfConvCplt
                0x0000000008003fe6       0x1c ./Drivers/STM32F4xx_HAL_Driver/Src/stm32f4xx_hal_adc.o
 .text.ADC_DMAError
                0x0000000008004002       0x2e ./Drivers/STM32F4xx_HAL_Driver/Src/stm32f4xx_hal_adc.o
 .text.HAL_ADCEx_InjectedConvCpltCallback
                0x0000000008004030       0x14 ./Drivers/STM32F4xx_HAL_Driver/Src/stm32f4xx_hal_adc_ex.o
                0x0000000008004030                HAL_ADCEx_InjectedConvCpltCallback
 .text.__NVIC_SetPriorityGrouping
                0x0000000008004044       0x48 ./Drivers/STM32F4xx_HAL_Driver/Src/stm32f4xx_hal_cortex.o
 .text.__NVIC_GetPriorityGrouping
                0x000000000800408c       0x1c ./Drivers/STM32F4xx_HAL_Driver/Src/stm32f4xx_hal_cortex.o
 .text.__NVIC_EnableIRQ
                0x00000000080040a8       0x3c ./Drivers/STM32F4xx_HAL_Driver/Src/stm32f4xx_hal_cortex.o
 .text.__NVIC_SetPriority
                0x00000000080040e4       0x54 ./Drivers/STM32F4xx_HAL_Driver/Src/stm32f4xx_hal_cortex.o
 .text.NVIC_EncodePriority
                0x0000000008004138       0x66 ./Drivers/STM32F4xx_HAL_Driver/Src/stm32f4xx_hal_cortex.o
 *fill*         0x000000000800419e        0x2 
 .text.SysTick_Config
                0x00000000080041a0       0x44 ./Drivers/STM32F4xx_HAL_Driver/Src/stm32f4xx_hal_cortex.o
 .text.HAL_NVIC_SetPriorityGrouping
                0x00000000080041e4       0x16 ./Drivers/STM32F4xx_HAL_Driver/Src/stm32f4xx_hal_cortex.o
                0x00000000080041e4                HAL_NVIC_SetPriorityGrouping
 .text.HAL_NVIC_SetPriority
                0x00000000080041fa       0x38 ./Drivers/STM32F4xx_HAL_Driver/Src/stm32f4xx_hal_cortex.o
                0x00000000080041fa                HAL_NVIC_SetPriority
 .text.HAL_NVIC_EnableIRQ
                0x0000000008004232       0x1c ./Drivers/STM32F4xx_HAL_Driver/Src/stm32f4xx_hal_cortex.o
                0x0000000008004232                HAL_NVIC_EnableIRQ
 .text.HAL_SYSTICK_Config
                0x000000000800424e       0x18 ./Drivers/STM32F4xx_HAL_Driver/Src/stm32f4xx_hal_cortex.o
                0x000000000800424e                HAL_SYSTICK_Config
 *fill*         0x0000000008004266        0x2 
 .text.HAL_DMA_Init
                0x0000000008004268      0x15c ./Drivers/STM32F4xx_HAL_Driver/Src/stm32f4xx_hal_dma.o
                0x0000000008004268                HAL_DMA_Init
 .text.HAL_DMA_Start_IT
                0x00000000080043c4       0xb0 ./Drivers/STM32F4xx_HAL_Driver/Src/stm32f4xx_hal_dma.o
                0x00000000080043c4                HAL_DMA_Start_IT
 .text.HAL_DMA_Abort_IT
                0x0000000008004474       0x44 ./Drivers/STM32F4xx_HAL_Driver/Src/stm32f4xx_hal_dma.o
                0x0000000008004474                HAL_DMA_Abort_IT
 .text.HAL_DMA_IRQHandler
                0x00000000080044b8      0x314 ./Drivers/STM32F4xx_HAL_Driver/Src/stm32f4xx_hal_dma.o
                0x00000000080044b8                HAL_DMA_IRQHandler
 .text.DMA_SetConfig
                0x00000000080047cc       0x5c ./Drivers/STM32F4xx_HAL_Driver/Src/stm32f4xx_hal_dma.o
 .text.DMA_CalcBaseAndBitshift
                0x0000000008004828       0x6c ./Drivers/STM32F4xx_HAL_Driver/Src/stm32f4xx_hal_dma.o
 .text.DMA_CheckFifoParam
                0x0000000008004894       0xf8 ./Drivers/STM32F4xx_HAL_Driver/Src/stm32f4xx_hal_dma.o
 .text.HAL_GPIO_Init
                0x000000000800498c      0x308 ./Drivers/STM32F4xx_HAL_Driver/Src/stm32f4xx_hal_gpio.o
                0x000000000800498c                HAL_GPIO_Init
 .text.HAL_GPIO_ReadPin
                0x0000000008004c94       0x30 ./Drivers/STM32F4xx_HAL_Driver/Src/stm32f4xx_hal_gpio.o
                0x0000000008004c94                HAL_GPIO_ReadPin
 .text.HAL_GPIO_WritePin
                0x0000000008004cc4       0x32 ./Drivers/STM32F4xx_HAL_Driver/Src/stm32f4xx_hal_gpio.o
                0x0000000008004cc4                HAL_GPIO_WritePin
 *fill*         0x0000000008004cf6        0x2 
 .text.HAL_GPIO_EXTI_IRQHandler
                0x0000000008004cf8       0x30 ./Drivers/STM32F4xx_HAL_Driver/Src/stm32f4xx_hal_gpio.o
                0x0000000008004cf8                HAL_GPIO_EXTI_IRQHandler
 .text.HAL_I2C_Init
                0x0000000008004d28      0x288 ./Drivers/STM32F4xx_HAL_Driver/Src/stm32f4xx_hal_i2c.o
                0x0000000008004d28                HAL_I2C_Init
 .text.HAL_I2C_Mem_Write
                0x0000000008004fb0      0x1f4 ./Drivers/STM32F4xx_HAL_Driver/Src/stm32f4xx_hal_i2c.o
                0x0000000008004fb0                HAL_I2C_Mem_Write
 .text.I2C_RequestMemoryWrite
                0x00000000080051a4      0x12c ./Drivers/STM32F4xx_HAL_Driver/Src/stm32f4xx_hal_i2c.o
 .text.I2C_WaitOnFlagUntilTimeout
                0x00000000080052d0       0xae ./Drivers/STM32F4xx_HAL_Driver/Src/stm32f4xx_hal_i2c.o
 .text.I2C_WaitOnMasterAddressFlagUntilTimeout
                0x000000000800537e       0xfe ./Drivers/STM32F4xx_HAL_Driver/Src/stm32f4xx_hal_i2c.o
 .text.I2C_WaitOnTXEFlagUntilTimeout
                0x000000000800547c       0x82 ./Drivers/STM32F4xx_HAL_Driver/Src/stm32f4xx_hal_i2c.o
 .text.I2C_WaitOnBTFFlagUntilTimeout
                0x00000000080054fe       0x82 ./Drivers/STM32F4xx_HAL_Driver/Src/stm32f4xx_hal_i2c.o
 .text.I2C_IsAcknowledgeFailed
                0x0000000008005580       0x5e ./Drivers/STM32F4xx_HAL_Driver/Src/stm32f4xx_hal_i2c.o
 *fill*         0x00000000080055de        0x2 
 .text.HAL_RCC_OscConfig
                0x00000000080055e0      0x4f0 ./Drivers/STM32F4xx_HAL_Driver/Src/stm32f4xx_hal_rcc.o
                0x00000000080055e0                HAL_RCC_OscConfig
 .text.HAL_RCC_ClockConfig
                0x0000000008005ad0      0x1cc ./Drivers/STM32F4xx_HAL_Driver/Src/stm32f4xx_hal_rcc.o
                0x0000000008005ad0                HAL_RCC_ClockConfig
 .text.HAL_RCC_GetSysClockFreq
                0x0000000008005c9c      0x208 ./Drivers/STM32F4xx_HAL_Driver/Src/stm32f4xx_hal_rcc.o
                0x0000000008005c9c                HAL_RCC_GetSysClockFreq
 .text.HAL_RCC_GetHCLKFreq
                0x0000000008005ea4       0x18 ./Drivers/STM32F4xx_HAL_Driver/Src/stm32f4xx_hal_rcc.o
                0x0000000008005ea4                HAL_RCC_GetHCLKFreq
 .text.HAL_RCC_GetPCLK1Freq
                0x0000000008005ebc       0x28 ./Drivers/STM32F4xx_HAL_Driver/Src/stm32f4xx_hal_rcc.o
                0x0000000008005ebc                HAL_RCC_GetPCLK1Freq
 .text.HAL_SPI_Init
                0x0000000008005ee4      0x112 ./Drivers/STM32F4xx_HAL_Driver/Src/stm32f4xx_hal_spi.o
                0x0000000008005ee4                HAL_SPI_Init
 .text.HAL_SPI_Transmit
                0x0000000008005ff6      0x278 ./Drivers/STM32F4xx_HAL_Driver/Src/stm32f4xx_hal_spi.o
                0x0000000008005ff6                HAL_SPI_Transmit
 .text.HAL_SPI_Receive
                0x000000000800626e      0x222 ./Drivers/STM32F4xx_HAL_Driver/Src/stm32f4xx_hal_spi.o
                0x000000000800626e                HAL_SPI_Receive
 .text.HAL_SPI_TransmitReceive
                0x0000000008006490      0x344 ./Drivers/STM32F4xx_HAL_Driver/Src/stm32f4xx_hal_spi.o
                0x0000000008006490                HAL_SPI_TransmitReceive
 .text.HAL_SPI_IRQHandler
                0x00000000080067d4      0x1e8 ./Drivers/STM32F4xx_HAL_Driver/Src/stm32f4xx_hal_spi.o
                0x00000000080067d4                HAL_SPI_IRQHandler
 .text.HAL_SPI_ErrorCallback
                0x00000000080069bc       0x14 ./Drivers/STM32F4xx_HAL_Driver/Src/stm32f4xx_hal_spi.o
                0x00000000080069bc                HAL_SPI_ErrorCallback
 .text.SPI_DMAAbortOnError
                0x00000000080069d0       0x28 ./Drivers/STM32F4xx_HAL_Driver/Src/stm32f4xx_hal_spi.o
 .text.SPI_WaitFlagStateUntilTimeout
                0x00000000080069f8      0x110 ./Drivers/STM32F4xx_HAL_Driver/Src/stm32f4xx_hal_spi.o
 .text.SPI_EndRxTransaction
                0x0000000008006b08       0xca ./Drivers/STM32F4xx_HAL_Driver/Src/stm32f4xx_hal_spi.o
 *fill*         0x0000000008006bd2        0x2 
 .text.SPI_EndRxTxTransaction
                0x0000000008006bd4       0x84 ./Drivers/STM32F4xx_HAL_Driver/Src/stm32f4xx_hal_spi.o
 .text.HAL_TIM_Base_Init
                0x0000000008006c58       0x9e ./Drivers/STM32F4xx_HAL_Driver/Src/stm32f4xx_hal_tim.o
                0x0000000008006c58                HAL_TIM_Base_Init
 *fill*         0x0000000008006cf6        0x2 
 .text.HAL_TIM_Base_Start
                0x0000000008006cf8       0xb4 ./Drivers/STM32F4xx_HAL_Driver/Src/stm32f4xx_hal_tim.o
                0x0000000008006cf8                HAL_TIM_Base_Start
 .text.HAL_TIM_Encoder_Init
                0x0000000008006dac      0x14c ./Drivers/STM32F4xx_HAL_Driver/Src/stm32f4xx_hal_tim.o
                0x0000000008006dac                HAL_TIM_Encoder_Init
 .text.HAL_TIM_Encoder_Start
                0x0000000008006ef8      0x11c ./Drivers/STM32F4xx_HAL_Driver/Src/stm32f4xx_hal_tim.o
                0x0000000008006ef8                HAL_TIM_Encoder_Start
 .text.HAL_TIM_IRQHandler
                0x0000000008007014      0x210 ./Drivers/STM32F4xx_HAL_Driver/Src/stm32f4xx_hal_tim.o
                0x0000000008007014                HAL_TIM_IRQHandler
 .text.HAL_TIM_PeriodElapsedCallback
                0x0000000008007224       0x14 ./Drivers/STM32F4xx_HAL_Driver/Src/stm32f4xx_hal_tim.o
                0x0000000008007224                HAL_TIM_PeriodElapsedCallback
 .text.HAL_TIM_OC_DelayElapsedCallback
                0x0000000008007238       0x14 ./Drivers/STM32F4xx_HAL_Driver/Src/stm32f4xx_hal_tim.o
                0x0000000008007238                HAL_TIM_OC_DelayElapsedCallback
 .text.HAL_TIM_IC_CaptureCallback
                0x000000000800724c       0x14 ./Drivers/STM32F4xx_HAL_Driver/Src/stm32f4xx_hal_tim.o
                0x000000000800724c                HAL_TIM_IC_CaptureCallback
 .text.HAL_TIM_PWM_PulseFinishedCallback
                0x0000000008007260       0x14 ./Drivers/STM32F4xx_HAL_Driver/Src/stm32f4xx_hal_tim.o
                0x0000000008007260                HAL_TIM_PWM_PulseFinishedCallback
 .text.HAL_TIM_TriggerCallback
                0x0000000008007274       0x14 ./Drivers/STM32F4xx_HAL_Driver/Src/stm32f4xx_hal_tim.o
                0x0000000008007274                HAL_TIM_TriggerCallback
 .text.TIM_Base_SetConfig
                0x0000000008007288      0x100 ./Drivers/STM32F4xx_HAL_Driver/Src/stm32f4xx_hal_tim.o
                0x0000000008007288                TIM_Base_SetConfig
 .text.TIM_CCxChannelCmd
                0x0000000008007388       0x4a ./Drivers/STM32F4xx_HAL_Driver/Src/stm32f4xx_hal_tim.o
                0x0000000008007388                TIM_CCxChannelCmd
 *fill*         0x00000000080073d2        0x2 
 .text.HAL_TIMEx_MasterConfigSynchronization
                0x00000000080073d4       0xdc ./Drivers/STM32F4xx_HAL_Driver/Src/stm32f4xx_hal_tim_ex.o
                0x00000000080073d4                HAL_TIMEx_MasterConfigSynchronization
 .text.HAL_TIMEx_CommutCallback
                0x00000000080074b0       0x14 ./Drivers/STM32F4xx_HAL_Driver/Src/stm32f4xx_hal_tim_ex.o
                0x00000000080074b0                HAL_TIMEx_CommutCallback
 .text.HAL_TIMEx_BreakCallback
                0x00000000080074c4       0x14 ./Drivers/STM32F4xx_HAL_Driver/Src/stm32f4xx_hal_tim_ex.o
                0x00000000080074c4                HAL_TIMEx_BreakCallback
 .text.std      0x00000000080074d8       0x6c D:/Program Files (x86)/STM32CubeIDE_1.11.2/STM32CubeIDE/plugins/com.st.stm32cube.ide.mcu.externaltools.gnu-tools-for-stm32.11.3.rel1.win32_1.1.1.202309131626/tools/bin/../lib/gcc/arm-none-eabi/11.3.1/../../../../arm-none-eabi/lib/thumb/v7e-m+fp/hard\libc_nano.a(libc_a-findfp.o)
 .text.stdio_exit_handler
                0x0000000008007544       0x18 D:/Program Files (x86)/STM32CubeIDE_1.11.2/STM32CubeIDE/plugins/com.st.stm32cube.ide.mcu.externaltools.gnu-tools-for-stm32.11.3.rel1.win32_1.1.1.202309131626/tools/bin/../lib/gcc/arm-none-eabi/11.3.1/../../../../arm-none-eabi/lib/thumb/v7e-m+fp/hard\libc_nano.a(libc_a-findfp.o)
 .text.cleanup_stdio
                0x000000000800755c       0x40 D:/Program Files (x86)/STM32CubeIDE_1.11.2/STM32CubeIDE/plugins/com.st.stm32cube.ide.mcu.externaltools.gnu-tools-for-stm32.11.3.rel1.win32_1.1.1.202309131626/tools/bin/../lib/gcc/arm-none-eabi/11.3.1/../../../../arm-none-eabi/lib/thumb/v7e-m+fp/hard\libc_nano.a(libc_a-findfp.o)
 .text.global_stdio_init.part.0
                0x000000000800759c       0x3c D:/Program Files (x86)/STM32CubeIDE_1.11.2/STM32CubeIDE/plugins/com.st.stm32cube.ide.mcu.externaltools.gnu-tools-for-stm32.11.3.rel1.win32_1.1.1.202309131626/tools/bin/../lib/gcc/arm-none-eabi/11.3.1/../../../../arm-none-eabi/lib/thumb/v7e-m+fp/hard\libc_nano.a(libc_a-findfp.o)
 .text.__sfp_lock_acquire
                0x00000000080075d8        0xc D:/Program Files (x86)/STM32CubeIDE_1.11.2/STM32CubeIDE/plugins/com.st.stm32cube.ide.mcu.externaltools.gnu-tools-for-stm32.11.3.rel1.win32_1.1.1.202309131626/tools/bin/../lib/gcc/arm-none-eabi/11.3.1/../../../../arm-none-eabi/lib/thumb/v7e-m+fp/hard\libc_nano.a(libc_a-findfp.o)
                0x00000000080075d8                __sfp_lock_acquire
 .text.__sfp_lock_release
                0x00000000080075e4        0xc D:/Program Files (x86)/STM32CubeIDE_1.11.2/STM32CubeIDE/plugins/com.st.stm32cube.ide.mcu.externaltools.gnu-tools-for-stm32.11.3.rel1.win32_1.1.1.202309131626/tools/bin/../lib/gcc/arm-none-eabi/11.3.1/../../../../arm-none-eabi/lib/thumb/v7e-m+fp/hard\libc_nano.a(libc_a-findfp.o)
                0x00000000080075e4                __sfp_lock_release
 .text.__sinit  0x00000000080075f0       0x30 D:/Program Files (x86)/STM32CubeIDE_1.11.2/STM32CubeIDE/plugins/com.st.stm32cube.ide.mcu.externaltools.gnu-tools-for-stm32.11.3.rel1.win32_1.1.1.202309131626/tools/bin/../lib/gcc/arm-none-eabi/11.3.1/../../../../arm-none-eabi/lib/thumb/v7e-m+fp/hard\libc_nano.a(libc_a-findfp.o)
                0x00000000080075f0                __sinit
 .text._fwalk_sglue
                0x0000000008007620       0x3c D:/Program Files (x86)/STM32CubeIDE_1.11.2/STM32CubeIDE/plugins/com.st.stm32cube.ide.mcu.externaltools.gnu-tools-for-stm32.11.3.rel1.win32_1.1.1.202309131626/tools/bin/../lib/gcc/arm-none-eabi/11.3.1/../../../../arm-none-eabi/lib/thumb/v7e-m+fp/hard\libc_nano.a(libc_a-fwalk.o)
                0x0000000008007620                _fwalk_sglue
 .text._puts_r  0x000000000800765c       0xa8 D:/Program Files (x86)/STM32CubeIDE_1.11.2/STM32CubeIDE/plugins/com.st.stm32cube.ide.mcu.externaltools.gnu-tools-for-stm32.11.3.rel1.win32_1.1.1.202309131626/tools/bin/../lib/gcc/arm-none-eabi/11.3.1/../../../../arm-none-eabi/lib/thumb/v7e-m+fp/hard\libc_nano.a(libc_a-puts.o)
                0x000000000800765c                _puts_r
 .text.puts     0x0000000008007704       0x10 D:/Program Files (x86)/STM32CubeIDE_1.11.2/STM32CubeIDE/plugins/com.st.stm32cube.ide.mcu.externaltools.gnu-tools-for-stm32.11.3.rel1.win32_1.1.1.202309131626/tools/bin/../lib/gcc/arm-none-eabi/11.3.1/../../../../arm-none-eabi/lib/thumb/v7e-m+fp/hard\libc_nano.a(libc_a-puts.o)
                0x0000000008007704                puts
 .text.sprintf  0x0000000008007714       0x40 D:/Program Files (x86)/STM32CubeIDE_1.11.2/STM32CubeIDE/plugins/com.st.stm32cube.ide.mcu.externaltools.gnu-tools-for-stm32.11.3.rel1.win32_1.1.1.202309131626/tools/bin/../lib/gcc/arm-none-eabi/11.3.1/../../../../arm-none-eabi/lib/thumb/v7e-m+fp/hard\libc_nano.a(libc_a-sprintf.o)
                0x0000000008007714                siprintf
                0x0000000008007714                sprintf
 .text.__sread  0x0000000008007754       0x22 D:/Program Files (x86)/STM32CubeIDE_1.11.2/STM32CubeIDE/plugins/com.st.stm32cube.ide.mcu.externaltools.gnu-tools-for-stm32.11.3.rel1.win32_1.1.1.202309131626/tools/bin/../lib/gcc/arm-none-eabi/11.3.1/../../../../arm-none-eabi/lib/thumb/v7e-m+fp/hard\libc_nano.a(libc_a-stdio.o)
                0x0000000008007754                __sread
 .text.__swrite
                0x0000000008007776       0x38 D:/Program Files (x86)/STM32CubeIDE_1.11.2/STM32CubeIDE/plugins/com.st.stm32cube.ide.mcu.externaltools.gnu-tools-for-stm32.11.3.rel1.win32_1.1.1.202309131626/tools/bin/../lib/gcc/arm-none-eabi/11.3.1/../../../../arm-none-eabi/lib/thumb/v7e-m+fp/hard\libc_nano.a(libc_a-stdio.o)
                0x0000000008007776                __swrite
 .text.__sseek  0x00000000080077ae       0x24 D:/Program Files (x86)/STM32CubeIDE_1.11.2/STM32CubeIDE/plugins/com.st.stm32cube.ide.mcu.externaltools.gnu-tools-for-stm32.11.3.rel1.win32_1.1.1.202309131626/tools/bin/../lib/gcc/arm-none-eabi/11.3.1/../../../../arm-none-eabi/lib/thumb/v7e-m+fp/hard\libc_nano.a(libc_a-stdio.o)
                0x00000000080077ae                __sseek
 .text.__sclose
                0x00000000080077d2        0x8 D:/Program Files (x86)/STM32CubeIDE_1.11.2/STM32CubeIDE/plugins/com.st.stm32cube.ide.mcu.externaltools.gnu-tools-for-stm32.11.3.rel1.win32_1.1.1.202309131626/tools/bin/../lib/gcc/arm-none-eabi/11.3.1/../../../../arm-none-eabi/lib/thumb/v7e-m+fp/hard\libc_nano.a(libc_a-stdio.o)
                0x00000000080077d2                __sclose
 .text.__swbuf_r
                0x00000000080077da       0x7a D:/Program Files (x86)/STM32CubeIDE_1.11.2/STM32CubeIDE/plugins/com.st.stm32cube.ide.mcu.externaltools.gnu-tools-for-stm32.11.3.rel1.win32_1.1.1.202309131626/tools/bin/../lib/gcc/arm-none-eabi/11.3.1/../../../../arm-none-eabi/lib/thumb/v7e-m+fp/hard\libc_nano.a(libc_a-wbuf.o)
                0x00000000080077da                __swbuf_r
 .text.__swsetup_r
                0x0000000008007854       0xb0 D:/Program Files (x86)/STM32CubeIDE_1.11.2/STM32CubeIDE/plugins/com.st.stm32cube.ide.mcu.externaltools.gnu-tools-for-stm32.11.3.rel1.win32_1.1.1.202309131626/tools/bin/../lib/gcc/arm-none-eabi/11.3.1/../../../../arm-none-eabi/lib/thumb/v7e-m+fp/hard\libc_nano.a(libc_a-wsetup.o)
                0x0000000008007854                __swsetup_r
 .text.memset   0x0000000008007904       0x10 D:/Program Files (x86)/STM32CubeIDE_1.11.2/STM32CubeIDE/plugins/com.st.stm32cube.ide.mcu.externaltools.gnu-tools-for-stm32.11.3.rel1.win32_1.1.1.202309131626/tools/bin/../lib/gcc/arm-none-eabi/11.3.1/../../../../arm-none-eabi/lib/thumb/v7e-m+fp/hard\libc_nano.a(libc_a-memset.o)
                0x0000000008007904                memset
 .text._close_r
                0x0000000008007914       0x20 D:/Program Files (x86)/STM32CubeIDE_1.11.2/STM32CubeIDE/plugins/com.st.stm32cube.ide.mcu.externaltools.gnu-tools-for-stm32.11.3.rel1.win32_1.1.1.202309131626/tools/bin/../lib/gcc/arm-none-eabi/11.3.1/../../../../arm-none-eabi/lib/thumb/v7e-m+fp/hard\libc_nano.a(libc_a-closer.o)
                0x0000000008007914                _close_r
 .text._lseek_r
                0x0000000008007934       0x24 D:/Program Files (x86)/STM32CubeIDE_1.11.2/STM32CubeIDE/plugins/com.st.stm32cube.ide.mcu.externaltools.gnu-tools-for-stm32.11.3.rel1.win32_1.1.1.202309131626/tools/bin/../lib/gcc/arm-none-eabi/11.3.1/../../../../arm-none-eabi/lib/thumb/v7e-m+fp/hard\libc_nano.a(libc_a-lseekr.o)
                0x0000000008007934                _lseek_r
 .text._read_r  0x0000000008007958       0x24 D:/Program Files (x86)/STM32CubeIDE_1.11.2/STM32CubeIDE/plugins/com.st.stm32cube.ide.mcu.externaltools.gnu-tools-for-stm32.11.3.rel1.win32_1.1.1.202309131626/tools/bin/../lib/gcc/arm-none-eabi/11.3.1/../../../../arm-none-eabi/lib/thumb/v7e-m+fp/hard\libc_nano.a(libc_a-readr.o)
                0x0000000008007958                _read_r
 .text._write_r
                0x000000000800797c       0x24 D:/Program Files (x86)/STM32CubeIDE_1.11.2/STM32CubeIDE/plugins/com.st.stm32cube.ide.mcu.externaltools.gnu-tools-for-stm32.11.3.rel1.win32_1.1.1.202309131626/tools/bin/../lib/gcc/arm-none-eabi/11.3.1/../../../../arm-none-eabi/lib/thumb/v7e-m+fp/hard\libc_nano.a(libc_a-writer.o)
                0x000000000800797c                _write_r
 .text.__errno  0x00000000080079a0        0xc D:/Program Files (x86)/STM32CubeIDE_1.11.2/STM32CubeIDE/plugins/com.st.stm32cube.ide.mcu.externaltools.gnu-tools-for-stm32.11.3.rel1.win32_1.1.1.202309131626/tools/bin/../lib/gcc/arm-none-eabi/11.3.1/../../../../arm-none-eabi/lib/thumb/v7e-m+fp/hard\libc_nano.a(libc_a-errno.o)
                0x00000000080079a0                __errno
 .text.__libc_init_array
                0x00000000080079ac       0x48 D:/Program Files (x86)/STM32CubeIDE_1.11.2/STM32CubeIDE/plugins/com.st.stm32cube.ide.mcu.externaltools.gnu-tools-for-stm32.11.3.rel1.win32_1.1.1.202309131626/tools/bin/../lib/gcc/arm-none-eabi/11.3.1/../../../../arm-none-eabi/lib/thumb/v7e-m+fp/hard\libc_nano.a(libc_a-init.o)
                0x00000000080079ac                __libc_init_array
 .text.__retarget_lock_init_recursive
                0x00000000080079f4        0x2 D:/Program Files (x86)/STM32CubeIDE_1.11.2/STM32CubeIDE/plugins/com.st.stm32cube.ide.mcu.externaltools.gnu-tools-for-stm32.11.3.rel1.win32_1.1.1.202309131626/tools/bin/../lib/gcc/arm-none-eabi/11.3.1/../../../../arm-none-eabi/lib/thumb/v7e-m+fp/hard\libc_nano.a(libc_a-lock.o)
                0x00000000080079f4                __retarget_lock_init_recursive
 .text.__retarget_lock_acquire_recursive
                0x00000000080079f6        0x2 D:/Program Files (x86)/STM32CubeIDE_1.11.2/STM32CubeIDE/plugins/com.st.stm32cube.ide.mcu.externaltools.gnu-tools-for-stm32.11.3.rel1.win32_1.1.1.202309131626/tools/bin/../lib/gcc/arm-none-eabi/11.3.1/../../../../arm-none-eabi/lib/thumb/v7e-m+fp/hard\libc_nano.a(libc_a-lock.o)
                0x00000000080079f6                __retarget_lock_acquire_recursive
 .text.__retarget_lock_release_recursive
                0x00000000080079f8        0x2 D:/Program Files (x86)/STM32CubeIDE_1.11.2/STM32CubeIDE/plugins/com.st.stm32cube.ide.mcu.externaltools.gnu-tools-for-stm32.11.3.rel1.win32_1.1.1.202309131626/tools/bin/../lib/gcc/arm-none-eabi/11.3.1/../../../../arm-none-eabi/lib/thumb/v7e-m+fp/hard\libc_nano.a(libc_a-lock.o)
                0x00000000080079f8                __retarget_lock_release_recursive
 *fill*         0x00000000080079fa        0x2 
 .text._free_r  0x00000000080079fc       0x98 D:/Program Files (x86)/STM32CubeIDE_1.11.2/STM32CubeIDE/plugins/com.st.stm32cube.ide.mcu.externaltools.gnu-tools-for-stm32.11.3.rel1.win32_1.1.1.202309131626/tools/bin/../lib/gcc/arm-none-eabi/11.3.1/../../../../arm-none-eabi/lib/thumb/v7e-m+fp/hard\libc_nano.a(libc_a-freer.o)
                0x00000000080079fc                _free_r
 .text.sbrk_aligned
                0x0000000008007a94       0x40 D:/Program Files (x86)/STM32CubeIDE_1.11.2/STM32CubeIDE/plugins/com.st.stm32cube.ide.mcu.externaltools.gnu-tools-for-stm32.11.3.rel1.win32_1.1.1.202309131626/tools/bin/../lib/gcc/arm-none-eabi/11.3.1/../../../../arm-none-eabi/lib/thumb/v7e-m+fp/hard\libc_nano.a(libc_a-mallocr.o)
 .text._malloc_r
                0x0000000008007ad4      0x100 D:/Program Files (x86)/STM32CubeIDE_1.11.2/STM32CubeIDE/plugins/com.st.stm32cube.ide.mcu.externaltools.gnu-tools-for-stm32.11.3.rel1.win32_1.1.1.202309131626/tools/bin/../lib/gcc/arm-none-eabi/11.3.1/../../../../arm-none-eabi/lib/thumb/v7e-m+fp/hard\libc_nano.a(libc_a-mallocr.o)
                0x0000000008007ad4                _malloc_r
 .text.__malloc_lock
                0x0000000008007bd4        0xc D:/Program Files (x86)/STM32CubeIDE_1.11.2/STM32CubeIDE/plugins/com.st.stm32cube.ide.mcu.externaltools.gnu-tools-for-stm32.11.3.rel1.win32_1.1.1.202309131626/tools/bin/../lib/gcc/arm-none-eabi/11.3.1/../../../../arm-none-eabi/lib/thumb/v7e-m+fp/hard\libc_nano.a(libc_a-mlock.o)
                0x0000000008007bd4                __malloc_lock
 .text.__malloc_unlock
                0x0000000008007be0        0xc D:/Program Files (x86)/STM32CubeIDE_1.11.2/STM32CubeIDE/plugins/com.st.stm32cube.ide.mcu.externaltools.gnu-tools-for-stm32.11.3.rel1.win32_1.1.1.202309131626/tools/bin/../lib/gcc/arm-none-eabi/11.3.1/../../../../arm-none-eabi/lib/thumb/v7e-m+fp/hard\libc_nano.a(libc_a-mlock.o)
                0x0000000008007be0                __malloc_unlock
 .text.__ssputs_r
                0x0000000008007bec       0xb4 D:/Program Files (x86)/STM32CubeIDE_1.11.2/STM32CubeIDE/plugins/com.st.stm32cube.ide.mcu.externaltools.gnu-tools-for-stm32.11.3.rel1.win32_1.1.1.202309131626/tools/bin/../lib/gcc/arm-none-eabi/11.3.1/../../../../arm-none-eabi/lib/thumb/v7e-m+fp/hard\libc_nano.a(libc_a-nano-svfprintf.o)
                0x0000000008007bec                __ssputs_r
 .text._svfprintf_r
                0x0000000008007ca0      0x1fc D:/Program Files (x86)/STM32CubeIDE_1.11.2/STM32CubeIDE/plugins/com.st.stm32cube.ide.mcu.externaltools.gnu-tools-for-stm32.11.3.rel1.win32_1.1.1.202309131626/tools/bin/../lib/gcc/arm-none-eabi/11.3.1/../../../../arm-none-eabi/lib/thumb/v7e-m+fp/hard\libc_nano.a(libc_a-nano-svfprintf.o)
                0x0000000008007ca0                _svfiprintf_r
                0x0000000008007ca0                _svfprintf_r
 .text._printf_common
                0x0000000008007e9c       0xda D:/Program Files (x86)/STM32CubeIDE_1.11.2/STM32CubeIDE/plugins/com.st.stm32cube.ide.mcu.externaltools.gnu-tools-for-stm32.11.3.rel1.win32_1.1.1.202309131626/tools/bin/../lib/gcc/arm-none-eabi/11.3.1/../../../../arm-none-eabi/lib/thumb/v7e-m+fp/hard\libc_nano.a(libc_a-nano-vfprintf_i.o)
                0x0000000008007e9c                _printf_common
 *fill*         0x0000000008007f76        0x2 
 .text._printf_i
                0x0000000008007f78      0x244 D:/Program Files (x86)/STM32CubeIDE_1.11.2/STM32CubeIDE/plugins/com.st.stm32cube.ide.mcu.externaltools.gnu-tools-for-stm32.11.3.rel1.win32_1.1.1.202309131626/tools/bin/../lib/gcc/arm-none-eabi/11.3.1/../../../../arm-none-eabi/lib/thumb/v7e-m+fp/hard\libc_nano.a(libc_a-nano-vfprintf_i.o)
                0x0000000008007f78                _printf_i
 .text.__sflush_r
                0x00000000080081bc      0x10c D:/Program Files (x86)/STM32CubeIDE_1.11.2/STM32CubeIDE/plugins/com.st.stm32cube.ide.mcu.externaltools.gnu-tools-for-stm32.11.3.rel1.win32_1.1.1.202309131626/tools/bin/../lib/gcc/arm-none-eabi/11.3.1/../../../../arm-none-eabi/lib/thumb/v7e-m+fp/hard\libc_nano.a(libc_a-fflush.o)
                0x00000000080081bc                __sflush_r
 .text._fflush_r
                0x00000000080082c8       0x50 D:/Program Files (x86)/STM32CubeIDE_1.11.2/STM32CubeIDE/plugins/com.st.stm32cube.ide.mcu.externaltools.gnu-tools-for-stm32.11.3.rel1.win32_1.1.1.202309131626/tools/bin/../lib/gcc/arm-none-eabi/11.3.1/../../../../arm-none-eabi/lib/thumb/v7e-m+fp/hard\libc_nano.a(libc_a-fflush.o)
                0x00000000080082c8                _fflush_r
 .text.__swhatbuf_r
                0x0000000008008318       0x4c D:/Program Files (x86)/STM32CubeIDE_1.11.2/STM32CubeIDE/plugins/com.st.stm32cube.ide.mcu.externaltools.gnu-tools-for-stm32.11.3.rel1.win32_1.1.1.202309131626/tools/bin/../lib/gcc/arm-none-eabi/11.3.1/../../../../arm-none-eabi/lib/thumb/v7e-m+fp/hard\libc_nano.a(libc_a-makebuf.o)
                0x0000000008008318                __swhatbuf_r
 .text.__smakebuf_r
                0x0000000008008364       0x78 D:/Program Files (x86)/STM32CubeIDE_1.11.2/STM32CubeIDE/plugins/com.st.stm32cube.ide.mcu.externaltools.gnu-tools-for-stm32.11.3.rel1.win32_1.1.1.202309131626/tools/bin/../lib/gcc/arm-none-eabi/11.3.1/../../../../arm-none-eabi/lib/thumb/v7e-m+fp/hard\libc_nano.a(libc_a-makebuf.o)
                0x0000000008008364                __smakebuf_r
 .text.memmove  0x00000000080083dc       0x34 D:/Program Files (x86)/STM32CubeIDE_1.11.2/STM32CubeIDE/plugins/com.st.stm32cube.ide.mcu.externaltools.gnu-tools-for-stm32.11.3.rel1.win32_1.1.1.202309131626/tools/bin/../lib/gcc/arm-none-eabi/11.3.1/../../../../arm-none-eabi/lib/thumb/v7e-m+fp/hard\libc_nano.a(libc_a-memmove.o)
                0x00000000080083dc                memmove
 .text._fstat_r
                0x0000000008008410       0x24 D:/Program Files (x86)/STM32CubeIDE_1.11.2/STM32CubeIDE/plugins/com.st.stm32cube.ide.mcu.externaltools.gnu-tools-for-stm32.11.3.rel1.win32_1.1.1.202309131626/tools/bin/../lib/gcc/arm-none-eabi/11.3.1/../../../../arm-none-eabi/lib/thumb/v7e-m+fp/hard\libc_nano.a(libc_a-fstatr.o)
                0x0000000008008410                _fstat_r
 .text._isatty_r
                0x0000000008008434       0x20 D:/Program Files (x86)/STM32CubeIDE_1.11.2/STM32CubeIDE/plugins/com.st.stm32cube.ide.mcu.externaltools.gnu-tools-for-stm32.11.3.rel1.win32_1.1.1.202309131626/tools/bin/../lib/gcc/arm-none-eabi/11.3.1/../../../../arm-none-eabi/lib/thumb/v7e-m+fp/hard\libc_nano.a(libc_a-isattyr.o)
                0x0000000008008434                _isatty_r
 .text._sbrk_r  0x0000000008008454       0x20 D:/Program Files (x86)/STM32CubeIDE_1.11.2/STM32CubeIDE/plugins/com.st.stm32cube.ide.mcu.externaltools.gnu-tools-for-stm32.11.3.rel1.win32_1.1.1.202309131626/tools/bin/../lib/gcc/arm-none-eabi/11.3.1/../../../../arm-none-eabi/lib/thumb/v7e-m+fp/hard\libc_nano.a(libc_a-sbrkr.o)
                0x0000000008008454                _sbrk_r
 .text.memcpy   0x0000000008008474       0x1c D:/Program Files (x86)/STM32CubeIDE_1.11.2/STM32CubeIDE/plugins/com.st.stm32cube.ide.mcu.externaltools.gnu-tools-for-stm32.11.3.rel1.win32_1.1.1.202309131626/tools/bin/../lib/gcc/arm-none-eabi/11.3.1/../../../../arm-none-eabi/lib/thumb/v7e-m+fp/hard\libc_nano.a(libc_a-memcpy-stub.o)
                0x0000000008008474                memcpy
 .text._realloc_r
                0x0000000008008490       0x5e D:/Program Files (x86)/STM32CubeIDE_1.11.2/STM32CubeIDE/plugins/com.st.stm32cube.ide.mcu.externaltools.gnu-tools-for-stm32.11.3.rel1.win32_1.1.1.202309131626/tools/bin/../lib/gcc/arm-none-eabi/11.3.1/../../../../arm-none-eabi/lib/thumb/v7e-m+fp/hard\libc_nano.a(libc_a-reallocr.o)
                0x0000000008008490                _realloc_r
 .text._malloc_usable_size_r
                0x00000000080084ee       0x10 D:/Program Files (x86)/STM32CubeIDE_1.11.2/STM32CubeIDE/plugins/com.st.stm32cube.ide.mcu.externaltools.gnu-tools-for-stm32.11.3.rel1.win32_1.1.1.202309131626/tools/bin/../lib/gcc/arm-none-eabi/11.3.1/../../../../arm-none-eabi/lib/thumb/v7e-m+fp/hard\libc_nano.a(libc_a-msizer.o)
                0x00000000080084ee                _malloc_usable_size_r
 *(.glue_7)
 .glue_7        0x00000000080084fe        0x0 linker stubs
 *(.glue_7t)
 .glue_7t       0x00000000080084fe        0x0 linker stubs
 *(.eh_frame)
 *fill*         0x00000000080084fe        0x2 
 .eh_frame      0x0000000008008500        0x0 D:/Program Files (x86)/STM32CubeIDE_1.11.2/STM32CubeIDE/plugins/com.st.stm32cube.ide.mcu.externaltools.gnu-tools-for-stm32.11.3.rel1.win32_1.1.1.202309131626/tools/bin/../lib/gcc/arm-none-eabi/11.3.1/thumb/v7e-m+fp/hard/crtbegin.o
 *(.init)
 .init          0x0000000008008500        0x4 D:/Program Files (x86)/STM32CubeIDE_1.11.2/STM32CubeIDE/plugins/com.st.stm32cube.ide.mcu.externaltools.gnu-tools-for-stm32.11.3.rel1.win32_1.1.1.202309131626/tools/bin/../lib/gcc/arm-none-eabi/11.3.1/thumb/v7e-m+fp/hard/crti.o
                0x0000000008008500                _init
 .init          0x0000000008008504        0x8 D:/Program Files (x86)/STM32CubeIDE_1.11.2/STM32CubeIDE/plugins/com.st.stm32cube.ide.mcu.externaltools.gnu-tools-for-stm32.11.3.rel1.win32_1.1.1.202309131626/tools/bin/../lib/gcc/arm-none-eabi/11.3.1/thumb/v7e-m+fp/hard/crtn.o
 *(.fini)
 .fini          0x000000000800850c        0x4 D:/Program Files (x86)/STM32CubeIDE_1.11.2/STM32CubeIDE/plugins/com.st.stm32cube.ide.mcu.externaltools.gnu-tools-for-stm32.11.3.rel1.win32_1.1.1.202309131626/tools/bin/../lib/gcc/arm-none-eabi/11.3.1/thumb/v7e-m+fp/hard/crti.o
                0x000000000800850c                _fini
 .fini          0x0000000008008510        0x8 D:/Program Files (x86)/STM32CubeIDE_1.11.2/STM32CubeIDE/plugins/com.st.stm32cube.ide.mcu.externaltools.gnu-tools-for-stm32.11.3.rel1.win32_1.1.1.202309131626/tools/bin/../lib/gcc/arm-none-eabi/11.3.1/thumb/v7e-m+fp/hard/crtn.o
                0x0000000008008518                . = ALIGN (0x4)
                0x0000000008008518                _etext = .

.vfp11_veneer   0x0000000008008518        0x0
 .vfp11_veneer  0x0000000008008518        0x0 linker stubs

.v4_bx          0x0000000008008518        0x0
 .v4_bx         0x0000000008008518        0x0 linker stubs

.iplt           0x0000000008008518        0x0
 .iplt          0x0000000008008518        0x0 D:/Program Files (x86)/STM32CubeIDE_1.11.2/STM32CubeIDE/plugins/com.st.stm32cube.ide.mcu.externaltools.gnu-tools-for-stm32.11.3.rel1.win32_1.1.1.202309131626/tools/bin/../lib/gcc/arm-none-eabi/11.3.1/thumb/v7e-m+fp/hard/crtbegin.o

.rodata         0x0000000008008518      0x3c8
                0x0000000008008518                . = ALIGN (0x4)
 *(.rodata)
 .rodata        0x0000000008008518       0x31 ./Core/Src/controller_programs.o
 *fill*         0x0000000008008549        0x3 
 .rodata        0x000000000800854c       0x51 ./Core/Src/debounce.o
 *fill*         0x000000000800859d        0x3 
 .rodata        0x00000000080085a0        0x8 ./Core/Src/klebot_radio.o
 .rodata        0x00000000080085a8       0x9c ./Core/Src/menu.o
 .rodata        0x0000000008008644        0x3 ./Core/Src/ssd1106.o
 *(.rodata*)
 *fill*         0x0000000008008647        0x1 
 .rodata.StandardASCII
                0x0000000008008648      0x244 ./Core/Src/fonts.o
                0x0000000008008648                StandardASCII
 .rodata.AHBPrescTable
                0x000000000800888c       0x10 ./Core/Src/system_stm32f4xx.o
                0x000000000800888c                AHBPrescTable
 .rodata.APBPrescTable
                0x000000000800889c        0x8 ./Core/Src/system_stm32f4xx.o
                0x000000000800889c                APBPrescTable
 .rodata.flagBitshiftOffset.0
                0x00000000080088a4        0x8 ./Drivers/STM32F4xx_HAL_Driver/Src/stm32f4xx_hal_dma.o
 .rodata._svfprintf_r.str1.1
                0x00000000080088ac       0x11 D:/Program Files (x86)/STM32CubeIDE_1.11.2/STM32CubeIDE/plugins/com.st.stm32cube.ide.mcu.externaltools.gnu-tools-for-stm32.11.3.rel1.win32_1.1.1.202309131626/tools/bin/../lib/gcc/arm-none-eabi/11.3.1/../../../../arm-none-eabi/lib/thumb/v7e-m+fp/hard\libc_nano.a(libc_a-nano-svfprintf.o)
 .rodata._printf_i.str1.1
                0x00000000080088bd       0x22 D:/Program Files (x86)/STM32CubeIDE_1.11.2/STM32CubeIDE/plugins/com.st.stm32cube.ide.mcu.externaltools.gnu-tools-for-stm32.11.3.rel1.win32_1.1.1.202309131626/tools/bin/../lib/gcc/arm-none-eabi/11.3.1/../../../../arm-none-eabi/lib/thumb/v7e-m+fp/hard\libc_nano.a(libc_a-nano-vfprintf_i.o)
                0x00000000080088e0                . = ALIGN (0x4)
 *fill*         0x00000000080088df        0x1 

.ARM.extab      0x00000000080088e0        0x0
                0x00000000080088e0                . = ALIGN (0x4)
 *(.ARM.extab* .gnu.linkonce.armextab.*)
                0x00000000080088e0                . = ALIGN (0x4)

.ARM            0x00000000080088e0        0x8
                0x00000000080088e0                . = ALIGN (0x4)
                0x00000000080088e0                __exidx_start = .
 *(.ARM.exidx*)
 .ARM.exidx     0x00000000080088e0        0x8 D:/Program Files (x86)/STM32CubeIDE_1.11.2/STM32CubeIDE/plugins/com.st.stm32cube.ide.mcu.externaltools.gnu-tools-for-stm32.11.3.rel1.win32_1.1.1.202309131626/tools/bin/../lib/gcc/arm-none-eabi/11.3.1/thumb/v7e-m+fp/hard\libgcc.a(_udivmoddi4.o)
                0x00000000080088e8                __exidx_end = .
                0x00000000080088e8                . = ALIGN (0x4)

.rel.dyn        0x00000000080088e8        0x0
 .rel.iplt      0x00000000080088e8        0x0 D:/Program Files (x86)/STM32CubeIDE_1.11.2/STM32CubeIDE/plugins/com.st.stm32cube.ide.mcu.externaltools.gnu-tools-for-stm32.11.3.rel1.win32_1.1.1.202309131626/tools/bin/../lib/gcc/arm-none-eabi/11.3.1/thumb/v7e-m+fp/hard/crtbegin.o

.preinit_array  0x00000000080088e8        0x0
                0x00000000080088e8                . = ALIGN (0x4)
                0x00000000080088e8                PROVIDE (__preinit_array_start = .)
 *(.preinit_array*)
                0x00000000080088e8                PROVIDE (__preinit_array_end = .)
                0x00000000080088e8                . = ALIGN (0x4)

.init_array     0x00000000080088e8        0x4
                0x00000000080088e8                . = ALIGN (0x4)
                0x00000000080088e8                PROVIDE (__init_array_start = .)
 *(SORT_BY_NAME(.init_array.*))
 *(.init_array*)
 .init_array    0x00000000080088e8        0x4 D:/Program Files (x86)/STM32CubeIDE_1.11.2/STM32CubeIDE/plugins/com.st.stm32cube.ide.mcu.externaltools.gnu-tools-for-stm32.11.3.rel1.win32_1.1.1.202309131626/tools/bin/../lib/gcc/arm-none-eabi/11.3.1/thumb/v7e-m+fp/hard/crtbegin.o
                0x00000000080088ec                PROVIDE (__init_array_end = .)
                0x00000000080088ec                . = ALIGN (0x4)

.fini_array     0x00000000080088ec        0x4
                0x00000000080088ec                . = ALIGN (0x4)
                [!provide]                        PROVIDE (__fini_array_start = .)
 *(SORT_BY_NAME(.fini_array.*))
 *(.fini_array*)
 .fini_array    0x00000000080088ec        0x4 D:/Program Files (x86)/STM32CubeIDE_1.11.2/STM32CubeIDE/plugins/com.st.stm32cube.ide.mcu.externaltools.gnu-tools-for-stm32.11.3.rel1.win32_1.1.1.202309131626/tools/bin/../lib/gcc/arm-none-eabi/11.3.1/thumb/v7e-m+fp/hard/crtbegin.o
                [!provide]                        PROVIDE (__fini_array_end = .)
                0x00000000080088f0                . = ALIGN (0x4)
                0x00000000080088f0                _sidata = LOADADDR (.data)

.data           0x0000000020000000      0x188 load address 0x00000000080088f0
                0x0000000020000000                . = ALIGN (0x4)
                0x0000000020000000                _sdata = .
 *(.data)
 *(.data*)
 .data.RobotModes
                0x0000000020000000       0x18 ./Core/Src/menu.o
                0x0000000020000000                RobotModes
 .data.FreeRide
                0x0000000020000018       0x18 ./Core/Src/menu.o
                0x0000000020000018                FreeRide
 .data.DebugTools
                0x0000000020000030       0x18 ./Core/Src/menu.o
                0x0000000020000030                DebugTools
 .data.DiodeBlink
                0x0000000020000048       0x18 ./Core/Src/menu.o
                0x0000000020000048                DiodeBlink
 .data.DiodeTest
                0x0000000020000060       0x18 ./Core/Src/menu.o
                0x0000000020000060                DiodeTest
 .data.Settings
                0x0000000020000078       0x18 ./Core/Src/menu.o
                0x0000000020000078                Settings
 .data.JoyCalib
                0x0000000020000090       0x18 ./Core/Src/menu.o
                0x0000000020000090                JoyCalib
 .data.JoyCalib1
                0x00000000200000a8       0x18 ./Core/Src/menu.o
                0x00000000200000a8                JoyCalib1
 .data.JoyCalib2
                0x00000000200000c0       0x18 ./Core/Src/menu.o
                0x00000000200000c0                JoyCalib2
 .data.JoyCalib3
                0x00000000200000d8       0x18 ./Core/Src/menu.o
                0x00000000200000d8                JoyCalib3
 .data.JoyCalib4
                0x00000000200000f0       0x18 ./Core/Src/menu.o
                0x00000000200000f0                JoyCalib4
 .data.MenuCurrentMember
                0x0000000020000108        0x4 ./Core/Src/menu.o
 .data.FirstMemberToDisplayPtr
                0x000000002000010c        0x4 ./Core/Src/menu.o
 .data.InitCommands
                0x0000000020000110       0x10 ./Core/Src/ssd1106.o
                0x0000000020000110                InitCommands
 .data.SystemCoreClock
                0x0000000020000120        0x4 ./Core/Src/system_stm32f4xx.o
                0x0000000020000120                SystemCoreClock
 .data.uwTickPrio
                0x0000000020000124        0x4 ./Drivers/STM32F4xx_HAL_Driver/Src/stm32f4xx_hal.o
                0x0000000020000124                uwTickPrio
 .data.uwTickFreq
                0x0000000020000128        0x1 ./Drivers/STM32F4xx_HAL_Driver/Src/stm32f4xx_hal.o
                0x0000000020000128                uwTickFreq
 *fill*         0x0000000020000129        0x3 
 .data.__sglue  0x000000002000012c        0xc D:/Program Files (x86)/STM32CubeIDE_1.11.2/STM32CubeIDE/plugins/com.st.stm32cube.ide.mcu.externaltools.gnu-tools-for-stm32.11.3.rel1.win32_1.1.1.202309131626/tools/bin/../lib/gcc/arm-none-eabi/11.3.1/../../../../arm-none-eabi/lib/thumb/v7e-m+fp/hard\libc_nano.a(libc_a-findfp.o)
                0x000000002000012c                __sglue
 .data._impure_data
                0x0000000020000138       0x4c D:/Program Files (x86)/STM32CubeIDE_1.11.2/STM32CubeIDE/plugins/com.st.stm32cube.ide.mcu.externaltools.gnu-tools-for-stm32.11.3.rel1.win32_1.1.1.202309131626/tools/bin/../lib/gcc/arm-none-eabi/11.3.1/../../../../arm-none-eabi/lib/thumb/v7e-m+fp/hard\libc_nano.a(libc_a-impure.o)
                0x0000000020000138                _impure_data
 .data._impure_ptr
                0x0000000020000184        0x4 D:/Program Files (x86)/STM32CubeIDE_1.11.2/STM32CubeIDE/plugins/com.st.stm32cube.ide.mcu.externaltools.gnu-tools-for-stm32.11.3.rel1.win32_1.1.1.202309131626/tools/bin/../lib/gcc/arm-none-eabi/11.3.1/../../../../arm-none-eabi/lib/thumb/v7e-m+fp/hard\libc_nano.a(libc_a-impure.o)
                0x0000000020000184                _impure_ptr
 *(.RamFunc)
 *(.RamFunc*)
                0x0000000020000188                . = ALIGN (0x4)
                0x0000000020000188                _edata = .

.igot.plt       0x0000000020000188        0x0 load address 0x0000000008008a78
 .igot.plt      0x0000000020000188        0x0 D:/Program Files (x86)/STM32CubeIDE_1.11.2/STM32CubeIDE/plugins/com.st.stm32cube.ide.mcu.externaltools.gnu-tools-for-stm32.11.3.rel1.win32_1.1.1.202309131626/tools/bin/../lib/gcc/arm-none-eabi/11.3.1/thumb/v7e-m+fp/hard/crtbegin.o
                0x0000000020000188                . = ALIGN (0x4)

.bss            0x0000000020000188      0x96c load address 0x0000000008008a78
                0x0000000020000188                _sbss = .
                0x0000000020000188                __bss_start__ = _sbss
 *(.bss)
 .bss           0x0000000020000188       0x1c D:/Program Files (x86)/STM32CubeIDE_1.11.2/STM32CubeIDE/plugins/com.st.stm32cube.ide.mcu.externaltools.gnu-tools-for-stm32.11.3.rel1.win32_1.1.1.202309131626/tools/bin/../lib/gcc/arm-none-eabi/11.3.1/thumb/v7e-m+fp/hard/crtbegin.o
 *(.bss*)
 .bss.hadc1     0x00000000200001a4       0x48 ./Core/Src/adc.o
                0x00000000200001a4                hadc1
 .bss.hdma_adc1
                0x00000000200001ec       0x60 ./Core/Src/adc.o
                0x00000000200001ec                hdma_adc1
 .bss.AdcSamples
                0x000000002000024c       0x50 ./Core/Src/controller_inputs.o
                0x000000002000024c                AdcSamples
 .bss.AdcSamplesMean
                0x000000002000029c        0x8 ./Core/Src/controller_inputs.o
                0x000000002000029c                AdcSamplesMean
 .bss.LeftJoystick
                0x00000000200002a4       0x18 ./Core/Src/controller_inputs.o
                0x00000000200002a4                LeftJoystick
 .bss.RightJoystick
                0x00000000200002bc       0x18 ./Core/Src/controller_inputs.o
                0x00000000200002bc                RightJoystick
 .bss.JoysitckCalibrationFlag
                0x00000000200002d4        0x1 ./Core/Src/controller_inputs.o
                0x00000000200002d4                JoysitckCalibrationFlag
 *fill*         0x00000000200002d5        0x3 
 .bss.ButtonUp  0x00000000200002d8       0x20 ./Core/Src/controller_inputs.o
                0x00000000200002d8                ButtonUp
 .bss.ButtonDown
                0x00000000200002f8       0x20 ./Core/Src/controller_inputs.o
                0x00000000200002f8                ButtonDown
 .bss.ButtonLeftJ
                0x0000000020000318       0x20 ./Core/Src/controller_inputs.o
                0x0000000020000318                ButtonLeftJ
 .bss.ButtonRightJ
                0x0000000020000338       0x20 ./Core/Src/controller_inputs.o
                0x0000000020000338                ButtonRightJ
 .bss.ButtonEncoder
                0x0000000020000358       0x20 ./Core/Src/controller_inputs.o
                0x0000000020000358                ButtonEncoder
 .bss.LastTimerCounter.0
                0x0000000020000378        0x2 ./Core/Src/controller_inputs.o
 *fill*         0x000000002000037a        0x2 
 .bss.ProgramToPerform
                0x000000002000037c        0x4 ./Core/Src/controller_programs.o
                0x000000002000037c                ProgramToPerform
 .bss.CurrentRobotProgramID
                0x0000000020000380        0x1 ./Core/Src/controller_programs.o
 *fill*         0x0000000020000381        0x3 
 .bss.DiodeTestDatabase
                0x0000000020000384        0x2 ./Core/Src/controller_programs.o
                0x0000000020000384                DiodeTestDatabase
 .bss.FirstEntry.6
                0x0000000020000386        0x1 ./Core/Src/controller_programs.o
 *fill*         0x0000000020000387        0x1 
 .bss.LaunchTimeoutStamp.5
                0x0000000020000388        0x4 ./Core/Src/controller_programs.o
 .bss.FirstEntry.4
                0x000000002000038c        0x1 ./Core/Src/controller_programs.o
 *fill*         0x000000002000038d        0x3 
 .bss.LastTick.3
                0x0000000020000390        0x4 ./Core/Src/controller_programs.o
 .bss.state.2   0x0000000020000394        0x1 ./Core/Src/controller_programs.o
 .bss.blinks.1  0x0000000020000395        0x1 ./Core/Src/controller_programs.o
 .bss.FirstEntry.0
                0x0000000020000396        0x1 ./Core/Src/controller_programs.o
 *fill*         0x0000000020000397        0x1 
 .bss.hi2c1     0x0000000020000398       0x54 ./Core/Src/i2c.o
                0x0000000020000398                hi2c1
 .bss.hi2c3     0x00000000200003ec       0x54 ./Core/Src/i2c.o
                0x00000000200003ec                hi2c3
 .bss.ConnectionStatus
                0x0000000020000440        0x1 ./Core/Src/klebot_radio.o
                0x0000000020000440                ConnectionStatus
 .bss.TxStatus  0x0000000020000441        0x1 ./Core/Src/klebot_radio.o
                0x0000000020000441                TxStatus
 .bss.RxStatus  0x0000000020000442        0x1 ./Core/Src/klebot_radio.o
                0x0000000020000442                RxStatus
 *fill*         0x0000000020000443        0x1 
 .bss.TxBuffer  0x0000000020000444       0x22 ./Core/Src/klebot_radio.o
                0x0000000020000444                TxBuffer
 *fill*         0x0000000020000466        0x2 
 .bss.RxBuffer  0x0000000020000468       0x22 ./Core/Src/klebot_radio.o
                0x0000000020000468                RxBuffer
 *fill*         0x000000002000048a        0x2 
 .bss.LastTick.0
                0x000000002000048c        0x4 ./Core/Src/klebot_radio.o
 .bss.LevelsIndexes
                0x0000000020000490        0x4 ./Core/Src/menu.o
 .bss.LevelsFirstMembersToDisplay
                0x0000000020000494        0x4 ./Core/Src/menu.o
 .bss.MenuLevel
                0x0000000020000498        0x1 ./Core/Src/menu.o
 *fill*         0x0000000020000499        0x3 
 .bss.hspi_nrf  0x000000002000049c        0x4 ./Core/Src/nRF24.o
 .bss.addr_p0_backup
                0x00000000200004a0        0x3 ./Core/Src/nRF24.o
 .bss.nrf24_rx_flag
                0x00000000200004a3        0x1 ./Core/Src/nRF24.o
 .bss.nrf24_tx_flag
                0x00000000200004a4        0x1 ./Core/Src/nRF24.o
 .bss.nrf24_mr_flag
                0x00000000200004a5        0x1 ./Core/Src/nRF24.o
 .bss.Nrf24InterruptFlag
                0x00000000200004a6        0x1 ./Core/Src/nRF24.o
 .bss.StartupInitFlag.0
                0x00000000200004a7        0x1 ./Core/Src/simple_scheduler.o
 .bss.hspi2     0x00000000200004a8       0x58 ./Core/Src/spi.o
                0x00000000200004a8                hspi2
 .bss.OledI2C   0x0000000020000500        0x4 ./Core/Src/ssd1106.o
                0x0000000020000500                OledI2C
 .bss.Cursor    0x0000000020000504        0x3 ./Core/Src/ssd1106.o
 *fill*         0x0000000020000507        0x1 
 .bss.CurrentFont
                0x0000000020000508        0x8 ./Core/Src/ssd1106.o
 .bss.BufferVRAM
                0x0000000020000510      0x400 ./Core/Src/ssd1106.o
 .bss.__sbrk_heap_end
                0x0000000020000910        0x4 ./Core/Src/sysmem.o
 .bss.htim3     0x0000000020000914       0x48 ./Core/Src/tim.o
                0x0000000020000914                htim3
 .bss.htim10    0x000000002000095c       0x48 ./Core/Src/tim.o
                0x000000002000095c                htim10
 .bss.uwTick    0x00000000200009a4        0x4 ./Drivers/STM32F4xx_HAL_Driver/Src/stm32f4xx_hal.o
                0x00000000200009a4                uwTick
 .bss.__sf      0x00000000200009a8      0x138 D:/Program Files (x86)/STM32CubeIDE_1.11.2/STM32CubeIDE/plugins/com.st.stm32cube.ide.mcu.externaltools.gnu-tools-for-stm32.11.3.rel1.win32_1.1.1.202309131626/tools/bin/../lib/gcc/arm-none-eabi/11.3.1/../../../../arm-none-eabi/lib/thumb/v7e-m+fp/hard\libc_nano.a(libc_a-findfp.o)
                0x00000000200009a8                __sf
 .bss.__stdio_exit_handler
                0x0000000020000ae0        0x4 D:/Program Files (x86)/STM32CubeIDE_1.11.2/STM32CubeIDE/plugins/com.st.stm32cube.ide.mcu.externaltools.gnu-tools-for-stm32.11.3.rel1.win32_1.1.1.202309131626/tools/bin/../lib/gcc/arm-none-eabi/11.3.1/../../../../arm-none-eabi/lib/thumb/v7e-m+fp/hard\libc_nano.a(libc_a-findfp.o)
                0x0000000020000ae0                __stdio_exit_handler
 .bss.errno     0x0000000020000ae4        0x4 D:/Program Files (x86)/STM32CubeIDE_1.11.2/STM32CubeIDE/plugins/com.st.stm32cube.ide.mcu.externaltools.gnu-tools-for-stm32.11.3.rel1.win32_1.1.1.202309131626/tools/bin/../lib/gcc/arm-none-eabi/11.3.1/../../../../arm-none-eabi/lib/thumb/v7e-m+fp/hard\libc_nano.a(libc_a-reent.o)
                0x0000000020000ae4                errno
 .bss.__lock___malloc_recursive_mutex
                0x0000000020000ae8        0x1 D:/Program Files (x86)/STM32CubeIDE_1.11.2/STM32CubeIDE/plugins/com.st.stm32cube.ide.mcu.externaltools.gnu-tools-for-stm32.11.3.rel1.win32_1.1.1.202309131626/tools/bin/../lib/gcc/arm-none-eabi/11.3.1/../../../../arm-none-eabi/lib/thumb/v7e-m+fp/hard\libc_nano.a(libc_a-lock.o)
                0x0000000020000ae8                __lock___malloc_recursive_mutex
 .bss.__lock___sfp_recursive_mutex
                0x0000000020000ae9        0x1 D:/Program Files (x86)/STM32CubeIDE_1.11.2/STM32CubeIDE/plugins/com.st.stm32cube.ide.mcu.externaltools.gnu-tools-for-stm32.11.3.rel1.win32_1.1.1.202309131626/tools/bin/../lib/gcc/arm-none-eabi/11.3.1/../../../../arm-none-eabi/lib/thumb/v7e-m+fp/hard\libc_nano.a(libc_a-lock.o)
                0x0000000020000ae9                __lock___sfp_recursive_mutex
 *fill*         0x0000000020000aea        0x2 
 .bss.__malloc_free_list
                0x0000000020000aec        0x4 D:/Program Files (x86)/STM32CubeIDE_1.11.2/STM32CubeIDE/plugins/com.st.stm32cube.ide.mcu.externaltools.gnu-tools-for-stm32.11.3.rel1.win32_1.1.1.202309131626/tools/bin/../lib/gcc/arm-none-eabi/11.3.1/../../../../arm-none-eabi/lib/thumb/v7e-m+fp/hard\libc_nano.a(libc_a-mallocr.o)
                0x0000000020000aec                __malloc_free_list
 .bss.__malloc_sbrk_start
                0x0000000020000af0        0x4 D:/Program Files (x86)/STM32CubeIDE_1.11.2/STM32CubeIDE/plugins/com.st.stm32cube.ide.mcu.externaltools.gnu-tools-for-stm32.11.3.rel1.win32_1.1.1.202309131626/tools/bin/../lib/gcc/arm-none-eabi/11.3.1/../../../../arm-none-eabi/lib/thumb/v7e-m+fp/hard\libc_nano.a(libc_a-mallocr.o)
                0x0000000020000af0                __malloc_sbrk_start
 *(COMMON)
                0x0000000020000af4                . = ALIGN (0x4)
                0x0000000020000af4                _ebss = .
                0x0000000020000af4                __bss_end__ = _ebss

._user_heap_stack
                0x0000000020000af4      0x604 load address 0x0000000008008a78
                0x0000000020000af8                . = ALIGN (0x8)
 *fill*         0x0000000020000af4        0x4 
                [!provide]                        PROVIDE (end = .)
                0x0000000020000af8                PROVIDE (_end = .)
                0x0000000020000cf8                . = (. + _Min_Heap_Size)
 *fill*         0x0000000020000af8      0x200 
                0x00000000200010f8                . = (. + _Min_Stack_Size)
 *fill*         0x0000000020000cf8      0x400 
                0x00000000200010f8                . = ALIGN (0x8)

/DISCARD/
 libc.a(*)
 libm.a(*)
 libgcc.a(*)

.ARM.attributes
                0x0000000000000000       0x30
 *(.ARM.attributes)
 .ARM.attributes
                0x0000000000000000       0x1e D:/Program Files (x86)/STM32CubeIDE_1.11.2/STM32CubeIDE/plugins/com.st.stm32cube.ide.mcu.externaltools.gnu-tools-for-stm32.11.3.rel1.win32_1.1.1.202309131626/tools/bin/../lib/gcc/arm-none-eabi/11.3.1/thumb/v7e-m+fp/hard/crti.o
 .ARM.attributes
                0x000000000000001e       0x34 D:/Program Files (x86)/STM32CubeIDE_1.11.2/STM32CubeIDE/plugins/com.st.stm32cube.ide.mcu.externaltools.gnu-tools-for-stm32.11.3.rel1.win32_1.1.1.202309131626/tools/bin/../lib/gcc/arm-none-eabi/11.3.1/thumb/v7e-m+fp/hard/crtbegin.o
 .ARM.attributes
                0x0000000000000052       0x34 ./Core/Src/RingBuffer.o
 .ARM.attributes
                0x0000000000000086       0x34 ./Core/Src/adc.o
 .ARM.attributes
                0x00000000000000ba       0x34 ./Core/Src/controller_inputs.o
 .ARM.attributes
                0x00000000000000ee       0x34 ./Core/Src/controller_parser.o
 .ARM.attributes
                0x0000000000000122       0x34 ./Core/Src/controller_programs.o
 .ARM.attributes
                0x0000000000000156       0x34 ./Core/Src/debounce.o
 .ARM.attributes
                0x000000000000018a       0x34 ./Core/Src/dma.o
 .ARM.attributes
                0x00000000000001be       0x34 ./Core/Src/fonts.o
 .ARM.attributes
                0x00000000000001f2       0x34 ./Core/Src/gpio.o
 .ARM.attributes
                0x0000000000000226       0x34 ./Core/Src/i2c.o
 .ARM.attributes
                0x000000000000025a       0x34 ./Core/Src/joystick.o
 .ARM.attributes
                0x000000000000028e       0x34 ./Core/Src/klebot_radio.o
 .ARM.attributes
                0x00000000000002c2       0x34 ./Core/Src/main.o
 .ARM.attributes
                0x00000000000002f6       0x34 ./Core/Src/menu.o
 .ARM.attributes
                0x000000000000032a       0x34 ./Core/Src/nRF24.o
 .ARM.attributes
                0x000000000000035e       0x34 ./Core/Src/simple_scheduler.o
 .ARM.attributes
                0x0000000000000392       0x34 ./Core/Src/spi.o
 .ARM.attributes