Archive member included to satisfy reference by file (symbol)

D:/Program Files (x86)/STM32CubeIDE_1.11.2/STM32CubeIDE/plugins/com.st.stm32cube.ide.mcu.externaltools.gnu-tools-for-stm32.11.3.rel1.win32_1.1.1.202309131626/tools/bin/../lib/gcc/arm-none-eabi/11.3.1/../../../../arm-none-eabi/lib/thumb/v7e-m+fp/hard\libc_nano.a(libc_a-exit.o)
                              D:/Program Files (x86)/STM32CubeIDE_1.11.2/STM32CubeIDE/plugins/com.st.stm32cube.ide.mcu.externaltools.gnu-tools-for-stm32.11.3.rel1.win32_1.1.1.202309131626/tools/bin/../lib/gcc/arm-none-eabi/11.3.1/../../../../arm-none-eabi/lib/thumb/v7e-m+fp/hard/crt0.o (exit)
D:/Program Files (x86)/STM32CubeIDE_1.11.2/STM32CubeIDE/plugins/com.st.stm32cube.ide.mcu.externaltools.gnu-tools-for-stm32.11.3.rel1.win32_1.1.1.202309131626/tools/bin/../lib/gcc/arm-none-eabi/11.3.1/../../../../arm-none-eabi/lib/thumb/v7e-m+fp/hard\libc_nano.a(libc_a-findfp.o)
                              D:/Program Files (x86)/STM32CubeIDE_1.11.2/STM32CubeIDE/plugins/com.st.stm32cube.ide.mcu.externaltools.gnu-tools-for-stm32.11.3.rel1.win32_1.1.1.202309131626/tools/bin/../lib/gcc/arm-none-eabi/11.3.1/../../../../arm-none-eabi/lib/thumb/v7e-m+fp/hard\libc_nano.a(libc_a-exit.o) (__stdio_exit_handler)
D:/Program Files (x86)/STM32CubeIDE_1.11.2/STM32CubeIDE/plugins/com.st.stm32cube.ide.mcu.externaltools.gnu-tools-for-stm32.11.3.rel1.win32_1.1.1.202309131626/tools/bin/../lib/gcc/arm-none-eabi/11.3.1/../../../../arm-none-eabi/lib/thumb/v7e-m+fp/hard\libc_nano.a(libc_a-fwalk.o)
                              D:/Program Files (x86)/STM32CubeIDE_1.11.2/STM32CubeIDE/plugins/com.st.stm32cube.ide.mcu.externaltools.gnu-tools-for-stm32.11.3.rel1.win32_1.1.1.202309131626/tools/bin/../lib/gcc/arm-none-eabi/11.3.1/../../../../arm-none-eabi/lib/thumb/v7e-m+fp/hard\libc_nano.a(libc_a-findfp.o) (_fwalk_sglue)
D:/Program Files (x86)/STM32CubeIDE_1.11.2/STM32CubeIDE/plugins/com.st.stm32cube.ide.mcu.externaltools.gnu-tools-for-stm32.11.3.rel1.win32_1.1.1.202309131626/tools/bin/../lib/gcc/arm-none-eabi/11.3.1/../../../../arm-none-eabi/lib/thumb/v7e-m+fp/hard\libc_nano.a(libc_a-puts.o)
                              ./Core/Src/debounce.o (puts)
D:/Program Files (x86)/STM32CubeIDE_1.11.2/STM32CubeIDE/plugins/com.st.stm32cube.ide.mcu.externaltools.gnu-tools-for-stm32.11.3.rel1.win32_1.1.1.202309131626/tools/bin/../lib/gcc/arm-none-eabi/11.3.1/../../../../arm-none-eabi/lib/thumb/v7e-m+fp/hard\libc_nano.a(libc_a-sprintf.o)
                              ./Core/Src/klebot_parser.o (sprintf)
D:/Program Files (x86)/STM32CubeIDE_1.11.2/STM32CubeIDE/plugins/com.st.stm32cube.ide.mcu.externaltools.gnu-tools-for-stm32.11.3.rel1.win32_1.1.1.202309131626/tools/bin/../lib/gcc/arm-none-eabi/11.3.1/../../../../arm-none-eabi/lib/thumb/v7e-m+fp/hard\libc_nano.a(libc_a-stdio.o)
                              D:/Program Files (x86)/STM32CubeIDE_1.11.2/STM32CubeIDE/plugins/com.st.stm32cube.ide.mcu.externaltools.gnu-tools-for-stm32.11.3.rel1.win32_1.1.1.202309131626/tools/bin/../lib/gcc/arm-none-eabi/11.3.1/../../../../arm-none-eabi/lib/thumb/v7e-m+fp/hard\libc_nano.a(libc_a-findfp.o) (__sread)
D:/Program Files (x86)/STM32CubeIDE_1.11.2/STM32CubeIDE/plugins/com.st.stm32cube.ide.mcu.externaltools.gnu-tools-for-stm32.11.3.rel1.win32_1.1.1.202309131626/tools/bin/../lib/gcc/arm-none-eabi/11.3.1/../../../../arm-none-eabi/lib/thumb/v7e-m+fp/hard\libc_nano.a(libc_a-wbuf.o)
                              D:/Program Files (x86)/STM32CubeIDE_1.11.2/STM32CubeIDE/plugins/com.st.stm32cube.ide.mcu.externaltools.gnu-tools-for-stm32.11.3.rel1.win32_1.1.1.202309131626/tools/bin/../lib/gcc/arm-none-eabi/11.3.1/../../../../arm-none-eabi/lib/thumb/v7e-m+fp/hard\libc_nano.a(libc_a-puts.o) (__swbuf_r)
D:/Program Files (x86)/STM32CubeIDE_1.11.2/STM32CubeIDE/plugins/com.st.stm32cube.ide.mcu.externaltools.gnu-tools-for-stm32.11.3.rel1.win32_1.1.1.202309131626/tools/bin/../lib/gcc/arm-none-eabi/11.3.1/../../../../arm-none-eabi/lib/thumb/v7e-m+fp/hard\libc_nano.a(libc_a-wsetup.o)
                              D:/Program Files (x86)/STM32CubeIDE_1.11.2/STM32CubeIDE/plugins/com.st.stm32cube.ide.mcu.externaltools.gnu-tools-for-stm32.11.3.rel1.win32_1.1.1.202309131626/tools/bin/../lib/gcc/arm-none-eabi/11.3.1/../../../../arm-none-eabi/lib/thumb/v7e-m+fp/hard\libc_nano.a(libc_a-puts.o) (__swsetup_r)
D:/Program Files (x86)/STM32CubeIDE_1.11.2/STM32CubeIDE/plugins/com.st.stm32cube.ide.mcu.externaltools.gnu-tools-for-stm32.11.3.rel1.win32_1.1.1.202309131626/tools/bin/../lib/gcc/arm-none-eabi/11.3.1/../../../../arm-none-eabi/lib/thumb/v7e-m+fp/hard\libc_nano.a(libc_a-memset.o)
                              D:/Program Files (x86)/STM32CubeIDE_1.11.2/STM32CubeIDE/plugins/com.st.stm32cube.ide.mcu.externaltools.gnu-tools-for-stm32.11.3.rel1.win32_1.1.1.202309131626/tools/bin/../lib/gcc/arm-none-eabi/11.3.1/../../../../arm-none-eabi/lib/thumb/v7e-m+fp/hard/crt0.o (memset)
[...]
Memory Configuration

Name             Origin             Length             Attributes
RAM              0x0000000020000000 0x0000000000020000 xrw
FLASH            0x0000000008000000 0x0000000000040000 xr
*default*        0x0000000000000000 0xffffffffffffffff

Linker script and memory map

LOAD D:/Program Files (x86)/STM32CubeIDE_1.11.2/STM32CubeIDE/plugins/com.st.stm32cube.ide.mcu.externaltools.gnu-tools-for-stm32.11.3.rel1.win32_1.1.1.202309131626/tools/bin/../lib/gcc/arm-none-eabi/11.3.1/thumb/v7e-m+fp/hard/crti.o
LOAD D:/Program Files (x86)/STM32CubeIDE_1.11.2/STM32CubeIDE/plugins/com.st.stm32cube.ide.mcu.externaltools.gnu-tools-for-stm32.11.3.rel1.win32_1.1.1.202309131626/tools/bin/../lib/gcc/arm-none-eabi/11.3.1/thumb/v7e-m+fp/hard/crtbegin.o
LOAD D:/Program Files (x86)/STM32CubeIDE_1.11.2/STM32CubeIDE/plugins/com.st.stm32cube.ide.mcu.externaltools.gnu-tools-for-stm32.11.3.rel1.win32_1.1.1.202309131626/tools/bin/../lib/gcc/arm-none-eabi/11.3.1/../../../../arm-none-eabi/lib/thumb/v7e-m+fp/hard/crt0.o
LOAD ./Core/Src/RingBuffer.o
LOAD ./Core/Src/adc.o
LOAD ./Core/Src/bitmaps.o
LOAD ./Core/Src/controller_inputs.o
LOAD ./Core/Src/controller_programs.o
LOAD ./Core/Src/debounce.o
LOAD ./Core/Src/dma.o
LOAD ./Core/Src/fonts.o
LOAD ./Core/Src/gpio.o
LOAD ./Core/Src/i2c.o
LOAD ./Core/Src/joystick.o
LOAD ./Core/Src/klebot_commands.o
LOAD ./Core/Src/klebot_parser.o
LOAD ./Core/Src/klebot_radio.o
LOAD ./Core/Src/main.o
LOAD ./Core/Src/menu.o
LOAD ./Core/Src/nRF24.o
LOAD ./Core/Src/simple_scheduler.o
LOAD ./Core/Src/spi.o
LOAD ./Core/Src/ssd1106.o
LOAD ./Core/Src/stm32f4xx_hal_msp.o
LOAD ./Core/Src/stm32f4xx_it.o
LOAD ./Core/Src/syscalls.o
LOAD ./Core/Src/sysmem.o
LOAD ./Core/Src/system_stm32f4xx.o
LOAD ./Core/Src/tim.o
LOAD ./Core/Startup/startup_stm32f411rctx.o
LOAD ./Drivers/STM32F4xx_HAL_Driver/Src/stm32f4xx_hal.o
LOAD ./Drivers/STM32F4xx_HAL_Driver/Src/stm32f4xx_hal_adc.o
LOAD ./Drivers/STM32F4xx_HAL_Driver/Src/stm32f4xx_hal_adc_ex.o
LOAD ./Drivers/STM32F4xx_HAL_Driver/Src/stm32f4xx_hal_cortex.o
LOAD ./Drivers/STM32F4xx_HAL_Driver/Src/stm32f4xx_hal_dma.o
LOAD ./Drivers/STM32F4xx_HAL_Driver/Src/stm32f4xx_hal_dma_ex.o
LOAD ./Drivers/STM32F4xx_HAL_Driver/Src/stm32f4xx_hal_exti.o
LOAD ./Drivers/STM32F4xx_HAL_Driver/Src/stm32f4xx_hal_flash.o
LOAD ./Drivers/STM32F4xx_HAL_Driver/Src/stm32f4xx_hal_flash_ex.o
LOAD ./Drivers/STM32F4xx_HAL_Driver/Src/stm32f4xx_hal_flash_ramfunc.o
LOAD ./Drivers/STM32F4xx_HAL_Driver/Src/stm32f4xx_hal_gpio.o
LOAD ./Drivers/STM32F4xx_HAL_Driver/Src/stm32f4xx_hal_i2c.o
LOAD ./Drivers/STM32F4xx_HAL_Driver/Src/stm32f4xx_hal_i2c_ex.o
LOAD ./Drivers/STM32F4xx_HAL_Driver/Src/stm32f4xx_hal_pwr.o
LOAD ./Drivers/STM32F4xx_HAL_Driver/Src/stm32f4xx_hal_pwr_ex.o
LOAD ./Drivers/STM32F4xx_HAL_Driver/Src/stm32f4xx_hal_rcc.o
LOAD ./Drivers/STM32F4xx_HAL_Driver/Src/stm32f4xx_hal_rcc_ex.o
LOAD ./Drivers/STM32F4xx_HAL_Driver/Src/stm32f4xx_hal_spi.o
LOAD ./Drivers/STM32F4xx_HAL_Driver/Src/stm32f4xx_hal_tim.o
LOAD ./Drivers/STM32F4xx_HAL_Driver/Src/stm32f4xx_hal_tim_ex.o
LOAD ./Drivers/STM32F4xx_HAL_Driver/Src/stm32f4xx_ll_adc.o
START GROUP
LOAD D:/Program Files (x86)/STM32CubeIDE_1.11.2/STM32CubeIDE/plugins/com.st.stm32cube.ide.mcu.externaltools.gnu-tools-for-stm32.11.3.rel1.win32_1.1.1.202309131626/tools/bin/../lib/gcc/arm-none-eabi/11.3.1/../../../../arm-none-eabi/lib/thumb/v7e-m+fp/hard\libc_nano.a
LOAD D:/Program Files (x86)/STM32CubeIDE_1.11.2/STM32CubeIDE/plugins/com.st.stm32cube.ide.mcu.externaltools.gnu-tools-for-stm32.11.3.rel1.win32_1.1.1.202309131626/tools/bin/../lib/gcc/arm-none-eabi/11.3.1/../../../../arm-none-eabi/lib/thumb/v7e-m+fp/hard\libm.a
END GROUP
START GROUP
LOAD D:/Program Files (x86)/STM32CubeIDE_1.11.2/STM32CubeIDE/plugins/com.st.stm32cube.ide.mcu.externaltools.gnu-tools-for-stm32.11.3.rel1.win32_1.1.1.202309131626/tools/bin/../lib/gcc/arm-none-eabi/11.3.1/thumb/v7e-m+fp/hard\libgcc.a
LOAD D:/Program Files (x86)/STM32CubeIDE_1.11.2/STM32CubeIDE/plugins/com.st.stm32cube.ide.mcu.externaltools.gnu-tools-for-stm32.11.3.rel1.win32_1.1.1.202309131626/tools/bin/../lib/gcc/arm-none-eabi/11.3.1/../../../../arm-none-eabi/lib/thumb/v7e-m+fp/hard\libc_nano.a
END GROUP
START GROUP
LOAD D:/Program Files (x86)/STM32CubeIDE_1.11.2/STM32CubeIDE/plugins/com.st.stm32cube.ide.mcu.externaltools.gnu-tools-for-stm32.11.3.rel1.win32_1.1.1.202309131626/tools/bin/../lib/gcc/arm-none-eabi/11.3.1/thumb/v7e-m+fp/hard\libgcc.a
LOAD D:/Program Files (x86)/STM32CubeIDE_1.11.2/STM32CubeIDE/plugins/com.st.stm32cube.ide.mcu.externaltools.gnu-tools-for-stm32.11.3.rel1.win32_1.1.1.202309131626/tools/bin/../lib/gcc/arm-none-eabi/11.3.1/../../../../arm-none-eabi/lib/thumb/v7e-m+fp/hard\libc_nano.a
LOAD D:/Program Files (x86)/STM32CubeIDE_1.11.2/STM32CubeIDE/plugins/com.st.stm32cube.ide.mcu.externaltools.gnu-tools-for-stm32.11.3.rel1.win32_1.1.1.202309131626/tools/bin/../lib/gcc/arm-none-eabi/11.3.1/../../../../arm-none-eabi/lib/thumb/v7e-m+fp/hard\libnosys.a
END GROUP
START GROUP
LOAD D:/Program Files (x86)/STM32CubeIDE_1.11.2/STM32CubeIDE/plugins/com.st.stm32cube.ide.mcu.externaltools.gnu-tools-for-stm32.11.3.rel1.win32_1.1.1.202309131626/tools/bin/../lib/gcc/arm-none-eabi/11.3.1/thumb/v7e-m+fp/hard\libgcc.a
LOAD D:/Program Files (x86)/STM32CubeIDE_1.11.2/STM32CubeIDE/plugins/com.st.stm32cube.ide.mcu.externaltools.gnu-tools-for-stm32.11.3.rel1.win32_1.1.1.202309131626/tools/bin/../lib/gcc/arm-none-eabi/11.3.1/../../../../arm-none-eabi/lib/thumb/v7e-m+fp/hard\libc_nano.a
LOAD D:/Program Files (x86)/STM32CubeIDE_1.11.2/STM32CubeIDE/plugins/com.st.stm32cube.ide.mcu.externaltools.gnu-tools-for-stm32.11.3.rel1.win32_1.1.1.202309131626/tools/bin/../lib/gcc/arm-none-eabi/11.3.1/../../../../arm-none-eabi/lib/thumb/v7e-m+fp/hard\libnosys.a
END GROUP
LOAD D:/Program Files (x86)/STM32CubeIDE_1.11.2/STM32CubeIDE/plugins/com.st.stm32cube.ide.mcu.externaltools.gnu-tools-for-stm32.11.3.rel1.win32_1.1.1.202309131626/tools/bin/../lib/gcc/arm-none-eabi/11.3.1/thumb/v7e-m+fp/hard/crtend.o
LOAD D:/Program Files (x86)/STM32CubeIDE_1.11.2/STM32CubeIDE/plugins/com.st.stm32cube.ide.mcu.externaltools.gnu-tools-for-stm32.11.3.rel1.win32_1.1.1.202309131626/tools/bin/../lib/gcc/arm-none-eabi/11.3.1/thumb/v7e-m+fp/hard/crtn.o
                0x0000000020020000                _estack = (ORIGIN (RAM) + LENGTH (RAM))
                0x0000000000000200                _Min_Heap_Size = 0x200
                0x0000000000000400                _Min_Stack_Size = 0x400

.isr_vector     0x0000000008000000      0x198
                0x0000000008000000                . = ALIGN (0x4)
 *(.isr_vector)
 .isr_vector    0x0000000008000000      0x198 ./Core/Startup/startup_stm32f411rctx.o
                0x0000000008000000                g_pfnVectors
                0x0000000008000198                . = ALIGN (0x4)

.text           0x00000000080001a0     0x7dc8
                0x00000000080001a0                . = ALIGN (0x4)
 *(.text)
 .text          0x00000000080001a0       0x40 D:/Program Files (x86)/STM32CubeIDE_1.11.2/STM32CubeIDE/plugins/com.st.stm32cube.ide.mcu.externaltools.gnu-tools-for-stm32.11.3.rel1.win32_1.1.1.202309131626/tools/bin/../lib/gcc/arm-none-eabi/11.3.1/thumb/v7e-m+fp/hard/crtbegin.o
 .text          0x00000000080001e0       0x10 D:/Program Files (x86)/STM32CubeIDE_1.11.2/STM32CubeIDE/plugins/com.st.stm32cube.ide.mcu.externaltools.gnu-tools-for-stm32.11.3.rel1.win32_1.1.1.202309131626/tools/bin/../lib/gcc/arm-none-eabi/11.3.1/../../../../arm-none-eabi/lib/thumb/v7e-m+fp/hard\libc_nano.a(libc_a-strlen.o)
                0x00000000080001e0                strlen
 .text          0x00000000080001f0       0xa0 D:/Program Files (x86)/STM32CubeIDE_1.11.2/STM32CubeIDE/plugins/com.st.stm32cube.ide.mcu.externaltools.gnu-tools-for-stm32.11.3.rel1.win32_1.1.1.202309131626/tools/bin/../lib/gcc/arm-none-eabi/11.3.1/../../../../arm-none-eabi/lib/thumb/v7e-m+fp/hard\libc_nano.a(libc_a-memchr.o)
                0x00000000080001f0                memchr
 .text          0x0000000008000290       0x30 D:/Program Files (x86)/STM32CubeIDE_1.11.2/STM32CubeIDE/plugins/com.st.stm32cube.ide.mcu.externaltools.gnu-tools-for-stm32.11.3.rel1.win32_1.1.1.202309131626/tools/bin/../lib/gcc/arm-none-eabi/11.3.1/thumb/v7e-m+fp/hard\libgcc.a(_aeabi_uldivmod.o)
                0x0000000008000290                __aeabi_uldivmod
 .text          0x00000000080002c0      0x2c8 D:/Program Files (x86)/STM32CubeIDE_1.11.2/STM32CubeIDE/plugins/com.st.stm32cube.ide.mcu.externaltools.gnu-tools-for-stm32.11.3.rel1.win32_1.1.1.202309131626/tools/bin/../lib/gcc/arm-none-eabi/11.3.1/thumb/v7e-m+fp/hard\libgcc.a(_udivmoddi4.o)
                0x00000000080002c0                __udivmoddi4
 .text          0x0000000008000588        0x4 D:/Program Files (x86)/STM32CubeIDE_1.11.2/STM32CubeIDE/plugins/com.st.stm32cube.ide.mcu.externaltools.gnu-tools-for-stm32.11.3.rel1.win32_1.1.1.202309131626/tools/bin/../lib/gcc/arm-none-eabi/11.3.1/thumb/v7e-m+fp/hard\libgcc.a(_dvmd_tls.o)
                0x0000000008000588                __aeabi_idiv0
                0x0000000008000588                __aeabi_ldiv0
 *(.text*)
 .text.RBuffer_Write
                0x000000000800058c       0x58 ./Core/Src/RingBuffer.o
                0x000000000800058c                RBuffer_Write
 .text.RBuffer_Read
                0x00000000080005e4       0x5c ./Core/Src/RingBuffer.o
                0x00000000080005e4                RBuffer_Read
 .text.MX_ADC1_Init
                0x0000000008000640       0xf8 ./Core/Src/adc.o
                0x0000000008000640                MX_ADC1_Init
 .text.HAL_ADC_MspInit
                0x0000000008000738      0x128 ./Core/Src/adc.o
                0x0000000008000738                HAL_ADC_MspInit
 .text.Inputs_Init
                0x0000000008000860       0xec ./Core/Src/controller_inputs.o
                0x0000000008000860                Inputs_Init
 .text.HAL_ADC_ConvCpltCallback
                0x000000000800094c       0xc0 ./Core/Src/controller_inputs.o
                0x000000000800094c                HAL_ADC_ConvCpltCallback
 .text.Inputs_GetEncoderCount
                0x0000000008000a0c       0x54 ./Core/Src/controller_inputs.o
                0x0000000008000a0c                Inputs_GetEncoderCount
 .text.Inputs_ButtonsRoutine
                0x0000000008000a60       0x3c ./Core/Src/controller_inputs.o
                0x0000000008000a60                Inputs_ButtonsRoutine
 .text.Inputs_ButtonsRegisterCallback
                0x0000000008000a9c       0x8c ./Core/Src/controller_inputs.o
                0x0000000008000a9c                Inputs_ButtonsRegisterCallback
 .text.Inputs_ClearButtonsCallbacks
                0x0000000008000b28       0x50 ./Core/Src/controller_inputs.o
                0x0000000008000b28                Inputs_ClearButtonsCallbacks
 .text.Programs_ClearProgram
                0x0000000008000b78       0x18 ./Core/Src/controller_programs.o
                0x0000000008000b78                Programs_ClearProgram
 .text.Programs_PerformProgram
                0x0000000008000b90       0x2c ./Core/Src/controller_programs.o
                0x0000000008000b90                Programs_PerformProgram
 .text.TestBlinkProgram
                0x0000000008000bbc       0xdc ./Core/Src/controller_programs.o
                0x0000000008000bbc                TestBlinkProgram
 .text.SetTestBlink
                0x0000000008000c98       0x1c ./Core/Src/controller_programs.o
                0x0000000008000c98                SetTestBlink
 .text.DB_ButtonInit
                0x0000000008000cb4       0x46 ./Core/Src/debounce.o
                0x0000000008000cb4                DB_ButtonInit
 .text.DB_ButtonPressCallbackRegister
                0x0000000008000cfa       0x24 ./Core/Src/debounce.o
                0x0000000008000cfa                DB_ButtonPressCallbackRegister
 .text.DB_IsButtonPressed
                0x0000000008000d1e       0x2c ./Core/Src/debounce.o
 *fill*         0x0000000008000d4a        0x2 
 .text.DB_ButtonProcess
                0x0000000008000d4c      0x120 ./Core/Src/debounce.o
                0x0000000008000d4c                DB_ButtonProcess
 .text.MX_DMA_Init
                0x0000000008000e6c       0x40 ./Core/Src/dma.o
                0x0000000008000e6c                MX_DMA_Init
 .text.MX_GPIO_Init
                0x0000000008000eac      0x18c ./Core/Src/gpio.o
                0x0000000008000eac                MX_GPIO_Init
 .text.MX_I2C1_Init
                0x0000000008001038       0x5c ./Core/Src/i2c.o
                0x0000000008001038                MX_I2C1_Init
 .text.MX_I2C3_Init
                0x0000000008001094       0x5c ./Core/Src/i2c.o
                0x0000000008001094                MX_I2C3_Init
 .text.HAL_I2C_MspInit
                0x00000000080010f0      0x140 ./Core/Src/i2c.o
                0x00000000080010f0                HAL_I2C_MspInit
 .text.JoyS_Init
                0x0000000008001230       0x36 ./Core/Src/joystick.o
                0x0000000008001230                JoyS_Init
 .text.JoyS_SetIdleValues
                0x0000000008001266       0x54 ./Core/Src/joystick.o
                0x0000000008001266                JoyS_SetIdleValues
 *fill*         0x00000000080012ba        0x2 
 .text.Radio_Init
                0x00000000080012bc       0x30 ./Core/Src/klebot_radio.o
                0x00000000080012bc                Radio_Init
 .text.Radio_RxBufferPut
                0x00000000080012ec       0x50 ./Core/Src/klebot_radio.o
                0x00000000080012ec                Radio_RxBufferPut
 .text.Radio_RxBufferGet
                0x000000000800133c       0x70 ./Core/Src/klebot_radio.o
                0x000000000800133c                Radio_RxBufferGet
 .text.Radio_TxBufferSend
                0x00000000080013ac       0x8c ./Core/Src/klebot_radio.o
                0x00000000080013ac                Radio_TxBufferSend
 .text.Radio_SendConnectionCheck
                0x0000000008001438       0x2c ./Core/Src/klebot_radio.o
                0x0000000008001438                Radio_SendConnectionCheck
 .text.Radio_Process
                0x0000000008001464       0xa0 ./Core/Src/klebot_radio.o
                0x0000000008001464                Radio_Process
 .text.nRF24_EventTxCallback
                0x0000000008001504       0x24 ./Core/Src/klebot_radio.o
                0x0000000008001504                nRF24_EventTxCallback
 .text.nRF24_EventRxCallback
                0x0000000008001528       0x34 ./Core/Src/klebot_radio.o
                0x0000000008001528                nRF24_EventRxCallback
 .text.nRF24_EventMrCallback
                0x000000000800155c       0x18 ./Core/Src/klebot_radio.o
                0x000000000800155c                nRF24_EventMrCallback
 .text.Radio_NoConnectionCallback
                0x0000000008001574        0xe ./Core/Src/klebot_radio.o
                0x0000000008001574                Radio_NoConnectionCallback
 .text.ITM_SendChar
                0x0000000008001582       0x4e ./Core/Src/main.o
 .text.main     0x00000000080015d0       0x64 ./Core/Src/main.o
                0x00000000080015d0                main
 .text.SystemClock_Config
                0x0000000008001634       0xd0 ./Core/Src/main.o
                0x0000000008001634                SystemClock_Config
 .text.MX_NVIC_Init
                0x0000000008001704       0x38 ./Core/Src/main.o
 .text.__io_putchar
                0x000000000800173c       0x1a ./Core/Src/main.o
                0x000000000800173c                __io_putchar
 .text.HAL_GPIO_EXTI_Callback
                0x0000000008001756       0x1e ./Core/Src/main.o
                0x0000000008001756                HAL_GPIO_EXTI_Callback
 .text.Error_Handler
                0x0000000008001774        0xa ./Core/Src/main.o
                0x0000000008001774                Error_Handler
 *fill*         0x000000000800177e        0x2 
 .text.Menu_RefreshScreen
                0x0000000008001780      0x178 ./Core/Src/menu.o
                0x0000000008001780                Menu_RefreshScreen
 .text.Menu_Next
                0x00000000080018f8       0x60 ./Core/Src/menu.o
                0x00000000080018f8                Menu_Next
 .text.Menu_Prev
                0x0000000008001958       0x64 ./Core/Src/menu.o
                0x0000000008001958                Menu_Prev
 .text.Menu_Select
                0x00000000080019bc       0x54 ./Core/Src/menu.o
                0x00000000080019bc                Menu_Select
 .text.Menu_Back
                0x0000000008001a10       0x90 ./Core/Src/menu.o
                0x0000000008001a10                Menu_Back
 .text.nRF24_Delay_ms
                0x0000000008001aa0       0x1a ./Core/Src/nRF24.o
 *fill*         0x0000000008001aba        0x2 
 .text.nRF24_SendSpi
                0x0000000008001abc       0x2c ./Core/Src/nRF24.o
 .text.nRF24_ReadSpi
                0x0000000008001ae8       0x2c ./Core/Src/nRF24.o
 .text.nRF24_ReadRegister
                0x0000000008001b14       0x48 ./Core/Src/nRF24.o
 .text.nRF24_ReadRegisters
                0x0000000008001b5c       0x48 ./Core/Src/nRF24.o
 .text.nRF24_WriteRegister
                0x0000000008001ba4       0x4c ./Core/Src/nRF24.o
 .text.nRF24_WriteRegisters
                0x0000000008001bf0       0x50 ./Core/Src/nRF24.o
 .text.nRF24_TX_Mode
                0x0000000008001c40       0x50 ./Core/Src/nRF24.o
                0x0000000008001c40                nRF24_TX_Mode
 .text.nRF24_ReadConfig
                0x0000000008001c90       0x10 ./Core/Src/nRF24.o
                0x0000000008001c90                nRF24_ReadConfig
 .text.nRF24_WriteConfig
                0x0000000008001ca0       0x1c ./Core/Src/nRF24.o
                0x0000000008001ca0                nRF24_WriteConfig
 .text.nRF24_SetPALevel
                0x0000000008001cbc       0x3e ./Core/Src/nRF24.o
                0x0000000008001cbc                nRF24_SetPALevel
 .text.nRF24_SetDataRate
                0x0000000008001cfa       0x4c ./Core/Src/nRF24.o
                0x0000000008001cfa                nRF24_SetDataRate
 .text.nRF24_ReadStatus
                0x0000000008001d46       0x10 ./Core/Src/nRF24.o
                0x0000000008001d46                nRF24_ReadStatus
 .text.nRF24_WriteStatus
                0x0000000008001d56       0x1c ./Core/Src/nRF24.o
                0x0000000008001d56                nRF24_WriteStatus
 *fill*         0x0000000008001d72        0x2 
 .text.nRF24_FlushRX
                0x0000000008001d74       0x34 ./Core/Src/nRF24.o
                0x0000000008001d74                nRF24_FlushRX
 .text.nRF24_FlushTX
                0x0000000008001da8       0x34 ./Core/Src/nRF24.o
                0x0000000008001da8                nRF24_FlushTX
 .text.nRF24_EnableCRC
                0x0000000008001ddc       0x3a ./Core/Src/nRF24.o
                0x0000000008001ddc                nRF24_EnableCRC
 .text.nRF24_SetCRCLength
                0x0000000008001e16       0x3a ./Core/Src/nRF24.o
                0x0000000008001e16                nRF24_SetCRCLength
 .text.nRF24_SetRetries
                0x0000000008001e50       0x36 ./Core/Src/nRF24.o
                0x0000000008001e50                nRF24_SetRetries
 .text.nRF24_SetRFChannel
                0x0000000008001e86       0x22 ./Core/Src/nRF24.o
                0x0000000008001e86                nRF24_SetRFChannel
 .text.nRF24_EnablePipe
                0x0000000008001ea8       0x6a ./Core/Src/nRF24.o
                0x0000000008001ea8                nRF24_EnablePipe
 .text.nRF24_AutoACK
                0x0000000008001f12       0x6a ./Core/Src/nRF24.o
                0x0000000008001f12                nRF24_AutoACK
 .text.nRF24_SetAddressWidth
                0x0000000008001f7c       0x3a ./Core/Src/nRF24.o
                0x0000000008001f7c                nRF24_SetAddressWidth
 .text.nRF24_SetRXAddress
                0x0000000008001fb6       0x72 ./Core/Src/nRF24.o
                0x0000000008001fb6                nRF24_SetRXAddress
 .text.nRF24_SetTXAddress
                0x0000000008002028       0x8c ./Core/Src/nRF24.o
                0x0000000008002028                nRF24_SetTXAddress
 .text.nRF24_ClearInterrupts
                0x00000000080020b4       0x26 ./Core/Src/nRF24.o
                0x00000000080020b4                nRF24_ClearInterrupts
 .text.nRF24_GetDynamicPayloadSize
                0x00000000080020da       0x32 ./Core/Src/nRF24.o
                0x00000000080020da                nRF24_GetDynamicPayloadSize
 .text.nRF24_EnableRXDataReadyIRQ
                0x000000000800210c       0x3a ./Core/Src/nRF24.o
                0x000000000800210c                nRF24_EnableRXDataReadyIRQ
 .text.nRF24_EnableTXDataSentIRQ
                0x0000000008002146       0x3a ./Core/Src/nRF24.o
                0x0000000008002146                nRF24_EnableTXDataSentIRQ
 .text.nRF24_EnableMaxRetransmitIRQ
                0x0000000008002180       0x3a ./Core/Src/nRF24.o
                0x0000000008002180                nRF24_EnableMaxRetransmitIRQ
 .text.nRF24_WriteTXPayload
                0x00000000080021ba       0x20 ./Core/Src/nRF24.o
                0x00000000080021ba                nRF24_WriteTXPayload
 *fill*         0x00000000080021da        0x2 
 .text.nRF24_WaitTX
                0x00000000080021dc       0x50 ./Core/Src/nRF24.o
                0x00000000080021dc                nRF24_WaitTX
 .text.nRF24_ReadRXPaylaod
                0x000000000800222c       0x2c ./Core/Src/nRF24.o
                0x000000000800222c                nRF24_ReadRXPaylaod
 .text.nRF24_SendPacket
                0x0000000008002258       0x2e ./Core/Src/nRF24.o
                0x0000000008002258                nRF24_SendPacket
 *fill*         0x0000000008002286        0x2 
 .text.nRF24_IRQ_Handler
                0x0000000008002288       0x18 ./Core/Src/nRF24.o
                0x0000000008002288                nRF24_IRQ_Handler
 .text.nRF24_IRQ_Read
                0x00000000080022a0       0x8c ./Core/Src/nRF24.o
                0x00000000080022a0                nRF24_IRQ_Read
 .text.nRF24_Event
                0x000000000800232c       0x50 ./Core/Src/nRF24.o
                0x000000000800232c                nRF24_Event
 .text.nRF24_Init
                0x000000000800237c       0xcc ./Core/Src/nRF24.o
                0x000000000800237c                nRF24_Init
 .text.MenuTaskInit
                0x0000000008002448       0x34 ./Core/Src/simple_scheduler.o
 .text.MenuTask
                0x000000000800247c       0x34 ./Core/Src/simple_scheduler.o
 .text.SimpleScheduler
                0x00000000080024b0       0x50 ./Core/Src/simple_scheduler.o
                0x00000000080024b0                SimpleScheduler
 .text.MX_SPI2_Init
                0x0000000008002500       0x6c ./Core/Src/spi.o
                0x0000000008002500                MX_SPI2_Init
 .text.HAL_SPI_MspInit
                0x000000000800256c       0x90 ./Core/Src/spi.o
                0x000000000800256c                HAL_SPI_MspInit
 .text.OLED_SendCmdSequence
                0x00000000080025fc       0x38 ./Core/Src/ssd1106.o
 .text.OLED_SendData
                0x0000000008002634       0x34 ./Core/Src/ssd1106.o
 .text.OLED_Init
                0x0000000008002668       0x34 ./Core/Src/ssd1106.o
                0x0000000008002668                OLED_Init
 .text.OLED_SetDeviceCursor
                0x000000000800269c       0x6c ./Core/Src/ssd1106.o
                0x000000000800269c                OLED_SetDeviceCursor
 .text.OLED_MoveCursor
                0x0000000008002708       0x4c ./Core/Src/ssd1106.o
                0x0000000008002708                OLED_MoveCursor
 .text.OLED_WriteToBuffer
                0x0000000008002754       0xd0 ./Core/Src/ssd1106.o
                0x0000000008002754                OLED_WriteToBuffer
 .text.OLED_SendBuffer
                0x0000000008002824       0x58 ./Core/Src/ssd1106.o
                0x0000000008002824                OLED_SendBuffer
 .text.OLED_ClearBuffer
                0x000000000800287c       0x2c ./Core/Src/ssd1106.o
                0x000000000800287c                OLED_ClearBuffer
 .text.OLED_ChangeFont
                0x00000000080028a8       0x58 ./Core/Src/ssd1106.o
                0x00000000080028a8                OLED_ChangeFont
 .text.OLED_WriteChar
                0x0000000008002900      0x110 ./Core/Src/ssd1106.o
                0x0000000008002900                OLED_WriteChar
 .text.OLED_WriteString
                0x0000000008002a10       0x4a ./Core/Src/ssd1106.o
                0x0000000008002a10                OLED_WriteString
 *fill*         0x0000000008002a5a        0x2 
 .text.OLED_WriteInt
                0x0000000008002a5c       0x40 ./Core/Src/ssd1106.o
                0x0000000008002a5c                OLED_WriteInt
 .text.HAL_MspInit
                0x0000000008002a9c       0x50 ./Core/Src/stm32f4xx_hal_msp.o
                0x0000000008002a9c                HAL_MspInit
 .text.NMI_Handler
                0x0000000008002aec        0x6 ./Core/Src/stm32f4xx_it.o
                0x0000000008002aec                NMI_Handler
 .text.HardFault_Handler
                0x0000000008002af2        0x6 ./Core/Src/stm32f4xx_it.o
                0x0000000008002af2                HardFault_Handler
 .text.MemManage_Handler
                0x0000000008002af8        0x6 ./Core/Src/stm32f4xx_it.o
                0x0000000008002af8                MemManage_Handler
 .text.BusFault_Handler
                0x0000000008002afe        0x6 ./Core/Src/stm32f4xx_it.o
                0x0000000008002afe                BusFault_Handler
 .text.UsageFault_Handler
                0x0000000008002b04        0x6 ./Core/Src/stm32f4xx_it.o
                0x0000000008002b04                UsageFault_Handler
 .text.SVC_Handler
                0x0000000008002b0a        0xe ./Core/Src/stm32f4xx_it.o
                0x0000000008002b0a                SVC_Handler
 .text.DebugMon_Handler
                0x0000000008002b18        0xe ./Core/Src/stm32f4xx_it.o
                0x0000000008002b18                DebugMon_Handler
 .text.PendSV_Handler
                0x0000000008002b26        0xe ./Core/Src/stm32f4xx_it.o
                0x0000000008002b26                PendSV_Handler
 .text.SysTick_Handler
                0x0000000008002b34        0xc ./Core/Src/stm32f4xx_it.o
                0x0000000008002b34                SysTick_Handler
 .text.ADC_IRQHandler
                0x0000000008002b40       0x14 ./Core/Src/stm32f4xx_it.o
                0x0000000008002b40                ADC_IRQHandler
 .text.TIM1_UP_TIM10_IRQHandler
                0x0000000008002b54       0x14 ./Core/Src/stm32f4xx_it.o
                0x0000000008002b54                TIM1_UP_TIM10_IRQHandler
 .text.SPI2_IRQHandler
                0x0000000008002b68       0x14 ./Core/Src/stm32f4xx_it.o
                0x0000000008002b68                SPI2_IRQHandler
 .text.EXTI15_10_IRQHandler
                0x0000000008002b7c       0x10 ./Core/Src/stm32f4xx_it.o
                0x0000000008002b7c                EXTI15_10_IRQHandler
 .text.DMA2_Stream0_IRQHandler
                0x0000000008002b8c       0x14 ./Core/Src/stm32f4xx_it.o
                0x0000000008002b8c                DMA2_Stream0_IRQHandler
 .text._read    0x0000000008002ba0       0x3a ./Core/Src/syscalls.o
                0x0000000008002ba0                _read
 .text._write   0x0000000008002bda       0x38 ./Core/Src/syscalls.o
                0x0000000008002bda                _write
 .text._close   0x0000000008002c12       0x18 ./Core/Src/syscalls.o
                0x0000000008002c12                _close
 .text._fstat   0x0000000008002c2a       0x20 ./Core/Src/syscalls.o
                0x0000000008002c2a                _fstat
 .text._isatty  0x0000000008002c4a       0x16 ./Core/Src/syscalls.o
                0x0000000008002c4a                _isatty
 .text._lseek   0x0000000008002c60       0x1a ./Core/Src/syscalls.o
                0x0000000008002c60                _lseek
 *fill*         0x0000000008002c7a        0x2 
 .text._sbrk    0x0000000008002c7c       0x6c ./Core/Src/sysmem.o
                0x0000000008002c7c                _sbrk
 .text.SystemInit
                0x0000000008002ce8       0x24 ./Core/Src/system_stm32f4xx.o
                0x0000000008002ce8                SystemInit
 .text.MX_TIM3_Init
                0x0000000008002d0c       0xa8 ./Core/Src/tim.o
                0x0000000008002d0c                MX_TIM3_Init
 .text.MX_TIM10_Init
                0x0000000008002db4       0x48 ./Core/Src/tim.o
                0x0000000008002db4                MX_TIM10_Init
 .text.HAL_TIM_Encoder_MspInit
                0x0000000008002dfc       0x90 ./Core/Src/tim.o
                0x0000000008002dfc                HAL_TIM_Encoder_MspInit
 .text.HAL_TIM_Base_MspInit
                0x0000000008002e8c       0x50 ./Core/Src/tim.o
                0x0000000008002e8c                HAL_TIM_Base_MspInit
 .text.Reset_Handler
                0x0000000008002edc       0x50 ./Core/Startup/startup_stm32f411rctx.o
                0x0000000008002edc                Reset_Handler
 .text.Default_Handler
                0x0000000008002f2c        0x2 ./Core/Startup/startup_stm32f411rctx.o
                0x0000000008002f2c                RTC_Alarm_IRQHandler
                0x0000000008002f2c                EXTI2_IRQHandler
                0x0000000008002f2c                SPI4_IRQHandler
                0x0000000008002f2c                TIM1_CC_IRQHandler
                0x0000000008002f2c                DMA2_Stream5_IRQHandler
                0x0000000008002f2c                DMA1_Stream5_IRQHandler
                0x0000000008002f2c                PVD_IRQHandler
                0x0000000008002f2c                SDIO_IRQHandler
                0x0000000008002f2c                TAMP_STAMP_IRQHandler
                0x0000000008002f2c                EXTI3_IRQHandler
                0x0000000008002f2c                I2C3_ER_IRQHandler
                0x0000000008002f2c                EXTI0_IRQHandler
                0x0000000008002f2c                I2C2_EV_IRQHandler
                0x0000000008002f2c                DMA1_Stream2_IRQHandler
                0x0000000008002f2c                FPU_IRQHandler
                0x0000000008002f2c                DMA2_Stream2_IRQHandler
                0x0000000008002f2c                SPI1_IRQHandler
                0x0000000008002f2c                TIM1_BRK_TIM9_IRQHandler
                0x0000000008002f2c                DMA2_Stream3_IRQHandler
                0x0000000008002f2c                USART6_IRQHandler
                0x0000000008002f2c                TIM4_IRQHandler
                0x0000000008002f2c                I2C1_EV_IRQHandler
                0x0000000008002f2c                DMA1_Stream6_IRQHandler
                0x0000000008002f2c                DMA1_Stream1_IRQHandler
                0x0000000008002f2c                TIM3_IRQHandler
                0x0000000008002f2c                RCC_IRQHandler
                0x0000000008002f2c                Default_Handler
                0x0000000008002f2c                DMA1_Stream7_IRQHandler
                0x0000000008002f2c                SPI5_IRQHandler
                0x0000000008002f2c                TIM5_IRQHandler
                0x0000000008002f2c                DMA2_Stream7_IRQHandler
                0x0000000008002f2c                I2C3_EV_IRQHandler
                0x0000000008002f2c                EXTI9_5_IRQHandler
                0x0000000008002f2c                RTC_WKUP_IRQHandler
                0x0000000008002f2c                DMA1_Stream0_IRQHandler
                0x0000000008002f2c                EXTI4_IRQHandler
                0x0000000008002f2c                WWDG_IRQHandler
                0x0000000008002f2c                TIM2_IRQHandler
                0x0000000008002f2c                OTG_FS_WKUP_IRQHandler
                0x0000000008002f2c                TIM1_TRG_COM_TIM11_IRQHandler
                0x0000000008002f2c                EXTI1_IRQHandler
                0x0000000008002f2c                USART2_IRQHandler
                0x0000000008002f2c                I2C2_ER_IRQHandler
                0x0000000008002f2c                DMA2_Stream1_IRQHandler
                0x0000000008002f2c                FLASH_IRQHandler
                0x0000000008002f2c                DMA2_Stream4_IRQHandler
                0x0000000008002f2c                USART1_IRQHandler
                0x0000000008002f2c                OTG_FS_IRQHandler
                0x0000000008002f2c                SPI3_IRQHandler
                0x0000000008002f2c                DMA1_Stream4_IRQHandler
                0x0000000008002f2c                I2C1_ER_IRQHandler
                0x0000000008002f2c                DMA2_Stream6_IRQHandler
                0x0000000008002f2c                DMA1_Stream3_IRQHandler
 *fill*         0x0000000008002f2e        0x2 
 .text.HAL_Init
                0x0000000008002f30       0x44 ./Drivers/STM32F4xx_HAL_Driver/Src/stm32f4xx_hal.o
                0x0000000008002f30                HAL_Init
 .text.HAL_InitTick
                0x0000000008002f74       0x60 ./Drivers/STM32F4xx_HAL_Driver/Src/stm32f4xx_hal.o
                0x0000000008002f74                HAL_InitTick
 .text.HAL_IncTick
                0x0000000008002fd4       0x28 ./Drivers/STM32F4xx_HAL_Driver/Src/stm32f4xx_hal.o
                0x0000000008002fd4                HAL_IncTick
 .text.HAL_GetTick
                0x0000000008002ffc       0x18 ./Drivers/STM32F4xx_HAL_Driver/Src/stm32f4xx_hal.o
                0x0000000008002ffc                HAL_GetTick
 .text.HAL_Delay
                0x0000000008003014       0x48 ./Drivers/STM32F4xx_HAL_Driver/Src/stm32f4xx_hal.o
                0x0000000008003014                HAL_Delay
 .text.HAL_ADC_Init
                0x000000000800305c       0x86 ./Drivers/STM32F4xx_HAL_Driver/Src/stm32f4xx_hal_adc.o
                0x000000000800305c                HAL_ADC_Init
 .text.HAL_ADC_IRQHandler
                0x00000000080030e2      0x220 ./Drivers/STM32F4xx_HAL_Driver/Src/stm32f4xx_hal_adc.o
                0x00000000080030e2                HAL_ADC_IRQHandler
 *fill*         0x0000000008003302        0x2 
 .text.HAL_ADC_Start_DMA
                0x0000000008003304      0x1e0 ./Drivers/STM32F4xx_HAL_Driver/Src/stm32f4xx_hal_adc.o
                0x0000000008003304                HAL_ADC_Start_DMA
 .text.HAL_ADC_ConvHalfCpltCallback
                0x00000000080034e4       0x14 ./Drivers/STM32F4xx_HAL_Driver/Src/stm32f4xx_hal_adc.o
                0x00000000080034e4                HAL_ADC_ConvHalfCpltCallback
 .text.HAL_ADC_LevelOutOfWindowCallback
                0x00000000080034f8       0x14 ./Drivers/STM32F4xx_HAL_Driver/Src/stm32f4xx_hal_adc.o
                0x00000000080034f8                HAL_ADC_LevelOutOfWindowCallback
 .text.HAL_ADC_ErrorCallback
                0x000000000800350c       0x14 ./Drivers/STM32F4xx_HAL_Driver/Src/stm32f4xx_hal_adc.o
                0x000000000800350c                HAL_ADC_ErrorCallback
 .text.HAL_ADC_ConfigChannel
                0x0000000008003520      0x264 ./Drivers/STM32F4xx_HAL_Driver/Src/stm32f4xx_hal_adc.o
                0x0000000008003520                HAL_ADC_ConfigChannel
 .text.ADC_Init
                0x0000000008003784      0x1f8 ./Drivers/STM32F4xx_HAL_Driver/Src/stm32f4xx_hal_adc.o
 .text.ADC_DMAConvCplt
                0x000000000800397c       0xba ./Drivers/STM32F4xx_HAL_Driver/Src/stm32f4xx_hal_adc.o
 .text.ADC_DMAHalfConvCplt
                0x0000000008003a36       0x1c ./Drivers/STM32F4xx_HAL_Driver/Src/stm32f4xx_hal_adc.o
 .text.ADC_DMAError
                0x0000000008003a52       0x2e ./Drivers/STM32F4xx_HAL_Driver/Src/stm32f4xx_hal_adc.o
 .text.HAL_ADCEx_InjectedConvCpltCallback
                0x0000000008003a80       0x14 ./Drivers/STM32F4xx_HAL_Driver/Src/stm32f4xx_hal_adc_ex.o
                0x0000000008003a80                HAL_ADCEx_InjectedConvCpltCallback
 .text.__NVIC_SetPriorityGrouping
                0x0000000008003a94       0x48 ./Drivers/STM32F4xx_HAL_Driver/Src/stm32f4xx_hal_cortex.o
 .text.__NVIC_GetPriorityGrouping
                0x0000000008003adc       0x1c ./Drivers/STM32F4xx_HAL_Driver/Src/stm32f4xx_hal_cortex.o
 .text.__NVIC_EnableIRQ
                0x0000000008003af8       0x3c ./Drivers/STM32F4xx_HAL_Driver/Src/stm32f4xx_hal_cortex.o
 .text.__NVIC_SetPriority
                0x0000000008003b34       0x54 ./Drivers/STM32F4xx_HAL_Driver/Src/stm32f4xx_hal_cortex.o
 .text.NVIC_EncodePriority
                0x0000000008003b88       0x66 ./Drivers/STM32F4xx_HAL_Driver/Src/stm32f4xx_hal_cortex.o
 *fill*         0x0000000008003bee        0x2 
 .text.SysTick_Config
                0x0000000008003bf0       0x44 ./Drivers/STM32F4xx_HAL_Driver/Src/stm32f4xx_hal_cortex.o
 .text.HAL_NVIC_SetPriorityGrouping
                0x0000000008003c34       0x16 ./Drivers/STM32F4xx_HAL_Driver/Src/stm32f4xx_hal_cortex.o
                0x0000000008003c34                HAL_NVIC_SetPriorityGrouping
 .text.HAL_NVIC_SetPriority
                0x0000000008003c4a       0x38 ./Drivers/STM32F4xx_HAL_Driver/Src/stm32f4xx_hal_cortex.o
                0x0000000008003c4a                HAL_NVIC_SetPriority
 .text.HAL_NVIC_EnableIRQ
                0x0000000008003c82       0x1c ./Drivers/STM32F4xx_HAL_Driver/Src/stm32f4xx_hal_cortex.o
                0x0000000008003c82                HAL_NVIC_EnableIRQ
 .text.HAL_SYSTICK_Config
                0x0000000008003c9e       0x18 ./Drivers/STM32F4xx_HAL_Driver/Src/stm32f4xx_hal_cortex.o
                0x0000000008003c9e                HAL_SYSTICK_Config
 *fill*         0x0000000008003cb6        0x2 
 .text.HAL_DMA_Init
                0x0000000008003cb8      0x15c ./Drivers/STM32F4xx_HAL_Driver/Src/stm32f4xx_hal_dma.o
                0x0000000008003cb8                HAL_DMA_Init
 .text.HAL_DMA_Start_IT
                0x0000000008003e14       0xb0 ./Drivers/STM32F4xx_HAL_Driver/Src/stm32f4xx_hal_dma.o
                0x0000000008003e14                HAL_DMA_Start_IT
 .text.HAL_DMA_Abort_IT
                0x0000000008003ec4       0x44 ./Drivers/STM32F4xx_HAL_Driver/Src/stm32f4xx_hal_dma.o
                0x0000000008003ec4                HAL_DMA_Abort_IT
 .text.HAL_DMA_IRQHandler
                0x0000000008003f08      0x314 ./Drivers/STM32F4xx_HAL_Driver/Src/stm32f4xx_hal_dma.o
                0x0000000008003f08                HAL_DMA_IRQHandler
 .text.DMA_SetConfig
                0x000000000800421c       0x5c ./Drivers/STM32F4xx_HAL_Driver/Src/stm32f4xx_hal_dma.o
 .text.DMA_CalcBaseAndBitshift
                0x0000000008004278       0x6c ./Drivers/STM32F4xx_HAL_Driver/Src/stm32f4xx_hal_dma.o
 .text.DMA_CheckFifoParam
                0x00000000080042e4       0xf8 ./Drivers/STM32F4xx_HAL_Driver/Src/stm32f4xx_hal_dma.o
 .text.HAL_GPIO_Init
                0x00000000080043dc      0x308 ./Drivers/STM32F4xx_HAL_Driver/Src/stm32f4xx_hal_gpio.o
                0x00000000080043dc                HAL_GPIO_Init
 .text.HAL_GPIO_ReadPin
                0x00000000080046e4       0x30 ./Drivers/STM32F4xx_HAL_Driver/Src/stm32f4xx_hal_gpio.o
                0x00000000080046e4                HAL_GPIO_ReadPin
 .text.HAL_GPIO_WritePin
                0x0000000008004714       0x32 ./Drivers/STM32F4xx_HAL_Driver/Src/stm32f4xx_hal_gpio.o
                0x0000000008004714                HAL_GPIO_WritePin
 *fill*         0x0000000008004746        0x2 
 .text.HAL_GPIO_EXTI_IRQHandler
                0x0000000008004748       0x30 ./Drivers/STM32F4xx_HAL_Driver/Src/stm32f4xx_hal_gpio.o
                0x0000000008004748                HAL_GPIO_EXTI_IRQHandler
 .text.HAL_I2C_Init
                0x0000000008004778      0x288 ./Drivers/STM32F4xx_HAL_Driver/Src/stm32f4xx_hal_i2c.o
                0x0000000008004778                HAL_I2C_Init
 .text.HAL_I2C_Mem_Write
                0x0000000008004a00      0x1f4 ./Drivers/STM32F4xx_HAL_Driver/Src/stm32f4xx_hal_i2c.o
                0x0000000008004a00                HAL_I2C_Mem_Write
 .text.I2C_RequestMemoryWrite
                0x0000000008004bf4      0x12c ./Drivers/STM32F4xx_HAL_Driver/Src/stm32f4xx_hal_i2c.o
 .text.I2C_WaitOnFlagUntilTimeout
                0x0000000008004d20       0xae ./Drivers/STM32F4xx_HAL_Driver/Src/stm32f4xx_hal_i2c.o
 .text.I2C_WaitOnMasterAddressFlagUntilTimeout
                0x0000000008004dce       0xfe ./Drivers/STM32F4xx_HAL_Driver/Src/stm32f4xx_hal_i2c.o
 .text.I2C_WaitOnTXEFlagUntilTimeout
                0x0000000008004ecc       0x82 ./Drivers/STM32F4xx_HAL_Driver/Src/stm32f4xx_hal_i2c.o
 .text.I2C_WaitOnBTFFlagUntilTimeout
                0x0000000008004f4e       0x82 ./Drivers/STM32F4xx_HAL_Driver/Src/stm32f4xx_hal_i2c.o
 .text.I2C_IsAcknowledgeFailed
                0x0000000008004fd0       0x5e ./Drivers/STM32F4xx_HAL_Driver/Src/stm32f4xx_hal_i2c.o
 *fill*         0x000000000800502e        0x2 
 .text.HAL_RCC_OscConfig
                0x0000000008005030      0x4f0 ./Drivers/STM32F4xx_HAL_Driver/Src/stm32f4xx_hal_rcc.o
                0x0000000008005030                HAL_RCC_OscConfig
 .text.HAL_RCC_ClockConfig
                0x0000000008005520      0x1cc ./Drivers/STM32F4xx_HAL_Driver/Src/stm32f4xx_hal_rcc.o
                0x0000000008005520                HAL_RCC_ClockConfig
 .text.HAL_RCC_GetSysClockFreq
                0x00000000080056ec      0x208 ./Drivers/STM32F4xx_HAL_Driver/Src/stm32f4xx_hal_rcc.o
                0x00000000080056ec                HAL_RCC_GetSysClockFreq
 .text.HAL_RCC_GetHCLKFreq
                0x00000000080058f4       0x18 ./Drivers/STM32F4xx_HAL_Driver/Src/stm32f4xx_hal_rcc.o
                0x00000000080058f4                HAL_RCC_GetHCLKFreq
 .text.HAL_RCC_GetPCLK1Freq
                0x000000000800590c       0x28 ./Drivers/STM32F4xx_HAL_Driver/Src/stm32f4xx_hal_rcc.o
                0x000000000800590c                HAL_RCC_GetPCLK1Freq
 .text.HAL_SPI_Init
                0x0000000008005934      0x112 ./Drivers/STM32F4xx_HAL_Driver/Src/stm32f4xx_hal_spi.o
                0x0000000008005934                HAL_SPI_Init
 .text.HAL_SPI_Transmit
                0x0000000008005a46      0x278 ./Drivers/STM32F4xx_HAL_Driver/Src/stm32f4xx_hal_spi.o
                0x0000000008005a46                HAL_SPI_Transmit
 .text.HAL_SPI_Receive
                0x0000000008005cbe      0x222 ./Drivers/STM32F4xx_HAL_Driver/Src/stm32f4xx_hal_spi.o
                0x0000000008005cbe                HAL_SPI_Receive
 .text.HAL_SPI_TransmitReceive
                0x0000000008005ee0      0x344 ./Drivers/STM32F4xx_HAL_Driver/Src/stm32f4xx_hal_spi.o
                0x0000000008005ee0                HAL_SPI_TransmitReceive
 .text.HAL_SPI_IRQHandler
                0x0000000008006224      0x1e8 ./Drivers/STM32F4xx_HAL_Driver/Src/stm32f4xx_hal_spi.o
                0x0000000008006224                HAL_SPI_IRQHandler
 .text.HAL_SPI_ErrorCallback
                0x000000000800640c       0x14 ./Drivers/STM32F4xx_HAL_Driver/Src/stm32f4xx_hal_spi.o
                0x000000000800640c                HAL_SPI_ErrorCallback
 .text.SPI_DMAAbortOnError
                0x0000000008006420       0x28 ./Drivers/STM32F4xx_HAL_Driver/Src/stm32f4xx_hal_spi.o
 .text.SPI_WaitFlagStateUntilTimeout
                0x0000000008006448      0x110 ./Drivers/STM32F4xx_HAL_Driver/Src/stm32f4xx_hal_spi.o
 .text.SPI_EndRxTransaction
                0x0000000008006558       0xca ./Drivers/STM32F4xx_HAL_Driver/Src/stm32f4xx_hal_spi.o
 *fill*         0x0000000008006622        0x2 
 .text.SPI_EndRxTxTransaction
                0x0000000008006624       0x84 ./Drivers/STM32F4xx_HAL_Driver/Src/stm32f4xx_hal_spi.o
 .text.HAL_TIM_Base_Init
                0x00000000080066a8       0x9e ./Drivers/STM32F4xx_HAL_Driver/Src/stm32f4xx_hal_tim.o
                0x00000000080066a8                HAL_TIM_Base_Init
 *fill*         0x0000000008006746        0x2 
 .text.HAL_TIM_Base_Start
                0x0000000008006748       0xb4 ./Drivers/STM32F4xx_HAL_Driver/Src/stm32f4xx_hal_tim.o
                0x0000000008006748                HAL_TIM_Base_Start
 .text.HAL_TIM_Encoder_Init
                0x00000000080067fc      0x14c ./Drivers/STM32F4xx_HAL_Driver/Src/stm32f4xx_hal_tim.o
                0x00000000080067fc                HAL_TIM_Encoder_Init
 .text.HAL_TIM_Encoder_Start
                0x0000000008006948      0x11c ./Drivers/STM32F4xx_HAL_Driver/Src/stm32f4xx_hal_tim.o
                0x0000000008006948                HAL_TIM_Encoder_Start
 .text.HAL_TIM_IRQHandler
                0x0000000008006a64      0x210 ./Drivers/STM32F4xx_HAL_Driver/Src/stm32f4xx_hal_tim.o
                0x0000000008006a64                HAL_TIM_IRQHandler
 .text.HAL_TIM_PeriodElapsedCallback
                0x0000000008006c74       0x14 ./Drivers/STM32F4xx_HAL_Driver/Src/stm32f4xx_hal_tim.o
                0x0000000008006c74                HAL_TIM_PeriodElapsedCallback
 .text.HAL_TIM_OC_DelayElapsedCallback
                0x0000000008006c88       0x14 ./Drivers/STM32F4xx_HAL_Driver/Src/stm32f4xx_hal_tim.o
                0x0000000008006c88                HAL_TIM_OC_DelayElapsedCallback
 .text.HAL_TIM_IC_CaptureCallback
                0x0000000008006c9c       0x14 ./Drivers/STM32F4xx_HAL_Driver/Src/stm32f4xx_hal_tim.o
                0x0000000008006c9c                HAL_TIM_IC_CaptureCallback
 .text.HAL_TIM_PWM_PulseFinishedCallback
                0x0000000008006cb0       0x14 ./Drivers/STM32F4xx_HAL_Driver/Src/stm32f4xx_hal_tim.o
                0x0000000008006cb0                HAL_TIM_PWM_PulseFinishedCallback
 .text.HAL_TIM_TriggerCallback
                0x0000000008006cc4       0x14 ./Drivers/STM32F4xx_HAL_Driver/Src/stm32f4xx_hal_tim.o
                0x0000000008006cc4                HAL_TIM_TriggerCallback
 .text.TIM_Base_SetConfig
                0x0000000008006cd8      0x100 ./Drivers/STM32F4xx_HAL_Driver/Src/stm32f4xx_hal_tim.o
                0x0000000008006cd8                TIM_Base_SetConfig
 .text.TIM_CCxChannelCmd
                0x0000000008006dd8       0x4a ./Drivers/STM32F4xx_HAL_Driver/Src/stm32f4xx_hal_tim.o
                0x0000000008006dd8                TIM_CCxChannelCmd
 *fill*         0x0000000008006e22        0x2 
 .text.HAL_TIMEx_MasterConfigSynchronization
                0x0000000008006e24       0xdc ./Drivers/STM32F4xx_HAL_Driver/Src/stm32f4xx_hal_tim_ex.o
                0x0000000008006e24                HAL_TIMEx_MasterConfigSynchronization
 .text.HAL_TIMEx_CommutCallback
                0x0000000008006f00       0x14 ./Drivers/STM32F4xx_HAL_Driver/Src/stm32f4xx_hal_tim_ex.o
                0x0000000008006f00                HAL_TIMEx_CommutCallback
 .text.HAL_TIMEx_BreakCallback
                0x0000000008006f14       0x14 ./Drivers/STM32F4xx_HAL_Driver/Src/stm32f4xx_hal_tim_ex.o
                0x0000000008006f14                HAL_TIMEx_BreakCallback
 .text.std      0x0000000008006f28       0x6c D:/Program Files (x86)/STM32CubeIDE_1.11.2/STM32CubeIDE/plugins/com.st.stm32cube.ide.mcu.externaltools.gnu-tools-for-stm32.11.3.rel1.win32_1.1.1.202309131626/tools/bin/../lib/gcc/arm-none-eabi/11.3.1/../../../../arm-none-eabi/lib/thumb/v7e-m+fp/hard\libc_nano.a(libc_a-findfp.o)
 .text.stdio_exit_handler
                0x0000000008006f94       0x18 D:/Program Files (x86)/STM32CubeIDE_1.11.2/STM32CubeIDE/plugins/com.st.stm32cube.ide.mcu.externaltools.gnu-tools-for-stm32.11.3.rel1.win32_1.1.1.202309131626/tools/bin/../lib/gcc/arm-none-eabi/11.3.1/../../../../arm-none-eabi/lib/thumb/v7e-m+fp/hard\libc_nano.a(libc_a-findfp.o)
 .text.cleanup_stdio
                0x0000000008006fac       0x40 D:/Program Files (x86)/STM32CubeIDE_1.11.2/STM32CubeIDE/plugins/com.st.stm32cube.ide.mcu.externaltools.gnu-tools-for-stm32.11.3.rel1.win32_1.1.1.202309131626/tools/bin/../lib/gcc/arm-none-eabi/11.3.1/../../../../arm-none-eabi/lib/thumb/v7e-m+fp/hard\libc_nano.a(libc_a-findfp.o)
 .text.global_stdio_init.part.0
                0x0000000008006fec       0x3c D:/Program Files (x86)/STM32CubeIDE_1.11.2/STM32CubeIDE/plugins/com.st.stm32cube.ide.mcu.externaltools.gnu-tools-for-stm32.11.3.rel1.win32_1.1.1.202309131626/tools/bin/../lib/gcc/arm-none-eabi/11.3.1/../../../../arm-none-eabi/lib/thumb/v7e-m+fp/hard\libc_nano.a(libc_a-findfp.o)
 .text.__sfp_lock_acquire
                0x0000000008007028        0xc D:/Program Files (x86)/STM32CubeIDE_1.11.2/STM32CubeIDE/plugins/com.st.stm32cube.ide.mcu.externaltools.gnu-tools-for-stm32.11.3.rel1.win32_1.1.1.202309131626/tools/bin/../lib/gcc/arm-none-eabi/11.3.1/../../../../arm-none-eabi/lib/thumb/v7e-m+fp/hard\libc_nano.a(libc_a-findfp.o)
                0x0000000008007028                __sfp_lock_acquire
 .text.__sfp_lock_release
                0x0000000008007034        0xc D:/Program Files (x86)/STM32CubeIDE_1.11.2/STM32CubeIDE/plugins/com.st.stm32cube.ide.mcu.externaltools.gnu-tools-for-stm32.11.3.rel1.win32_1.1.1.202309131626/tools/bin/../lib/gcc/arm-none-eabi/11.3.1/../../../../arm-none-eabi/lib/thumb/v7e-m+fp/hard\libc_nano.a(libc_a-findfp.o)
                0x0000000008007034                __sfp_lock_release
 .text.__sinit  0x0000000008007040       0x30 D:/Program Files (x86)/STM32CubeIDE_1.11.2/STM32CubeIDE/plugins/com.st.stm32cube.ide.mcu.externaltools.gnu-tools-for-stm32.11.3.rel1.win32_1.1.1.202309131626/tools/bin/../lib/gcc/arm-none-eabi/11.3.1/../../../../arm-none-eabi/lib/thumb/v7e-m+fp/hard\libc_nano.a(libc_a-findfp.o)
                0x0000000008007040                __sinit
 .text._fwalk_sglue
                0x0000000008007070       0x3c D:/Program Files (x86)/STM32CubeIDE_1.11.2/STM32CubeIDE/plugins/com.st.stm32cube.ide.mcu.externaltools.gnu-tools-for-stm32.11.3.rel1.win32_1.1.1.202309131626/tools/bin/../lib/gcc/arm-none-eabi/11.3.1/../../../../arm-none-eabi/lib/thumb/v7e-m+fp/hard\libc_nano.a(libc_a-fwalk.o)
                0x0000000008007070                _fwalk_sglue
 .text._puts_r  0x00000000080070ac       0xa8 D:/Program Files (x86)/STM32CubeIDE_1.11.2/STM32CubeIDE/plugins/com.st.stm32cube.ide.mcu.externaltools.gnu-tools-for-stm32.11.3.rel1.win32_1.1.1.202309131626/tools/bin/../lib/gcc/arm-none-eabi/11.3.1/../../../../arm-none-eabi/lib/thumb/v7e-m+fp/hard\libc_nano.a(libc_a-puts.o)
                0x00000000080070ac                _puts_r
 .text.puts     0x0000000008007154       0x10 D:/Program Files (x86)/STM32CubeIDE_1.11.2/STM32CubeIDE/plugins/com.st.stm32cube.ide.mcu.externaltools.gnu-tools-for-stm32.11.3.rel1.win32_1.1.1.202309131626/tools/bin/../lib/gcc/arm-none-eabi/11.3.1/../../../../arm-none-eabi/lib/thumb/v7e-m+fp/hard\libc_nano.a(libc_a-puts.o)
                0x0000000008007154                puts
 .text.sprintf  0x0000000008007164       0x40 D:/Program Files (x86)/STM32CubeIDE_1.11.2/STM32CubeIDE/plugins/com.st.stm32cube.ide.mcu.externaltools.gnu-tools-for-stm32.11.3.rel1.win32_1.1.1.202309131626/tools/bin/../lib/gcc/arm-none-eabi/11.3.1/../../../../arm-none-eabi/lib/thumb/v7e-m+fp/hard\libc_nano.a(libc_a-sprintf.o)
                0x0000000008007164                siprintf
                0x0000000008007164                sprintf
 .text.__sread  0x00000000080071a4       0x22 D:/Program Files (x86)/STM32CubeIDE_1.11.2/STM32CubeIDE/plugins/com.st.stm32cube.ide.mcu.externaltools.gnu-tools-for-stm32.11.3.rel1.win32_1.1.1.202309131626/tools/bin/../lib/gcc/arm-none-eabi/11.3.1/../../../../arm-none-eabi/lib/thumb/v7e-m+fp/hard\libc_nano.a(libc_a-stdio.o)
                0x00000000080071a4                __sread
 .text.__swrite
                0x00000000080071c6       0x38 D:/Program Files (x86)/STM32CubeIDE_1.11.2/STM32CubeIDE/plugins/com.st.stm32cube.ide.mcu.externaltools.gnu-tools-for-stm32.11.3.rel1.win32_1.1.1.202309131626/tools/bin/../lib/gcc/arm-none-eabi/11.3.1/../../../../arm-none-eabi/lib/thumb/v7e-m+fp/hard\libc_nano.a(libc_a-stdio.o)
                0x00000000080071c6                __swrite
 .text.__sseek  0x00000000080071fe       0x24 D:/Program Files (x86)/STM32CubeIDE_1.11.2/STM32CubeIDE/plugins/com.st.stm32cube.ide.mcu.externaltools.gnu-tools-for-stm32.11.3.rel1.win32_1.1.1.202309131626/tools/bin/../lib/gcc/arm-none-eabi/11.3.1/../../../../arm-none-eabi/lib/thumb/v7e-m+fp/hard\libc_nano.a(libc_a-stdio.o)
                0x00000000080071fe                __sseek
 .text.__sclose
                0x0000000008007222        0x8 D:/Program Files (x86)/STM32CubeIDE_1.11.2/STM32CubeIDE/plugins/com.st.stm32cube.ide.mcu.externaltools.gnu-tools-for-stm32.11.3.rel1.win32_1.1.1.202309131626/tools/bin/../lib/gcc/arm-none-eabi/11.3.1/../../../../arm-none-eabi/lib/thumb/v7e-m+fp/hard\libc_nano.a(libc_a-stdio.o)
                0x0000000008007222                __sclose
 .text.__swbuf_r
                0x000000000800722a       0x7a D:/Program Files (x86)/STM32CubeIDE_1.11.2/STM32CubeIDE/plugins/com.st.stm32cube.ide.mcu.externaltools.gnu-tools-for-stm32.11.3.rel1.win32_1.1.1.202309131626/tools/bin/../lib/gcc/arm-none-eabi/11.3.1/../../../../arm-none-eabi/lib/thumb/v7e-m+fp/hard\libc_nano.a(libc_a-wbuf.o)
                0x000000000800722a                __swbuf_r
 .text.__swsetup_r
                0x00000000080072a4       0xb0 D:/Program Files (x86)/STM32CubeIDE_1.11.2/STM32CubeIDE/plugins/com.st.stm32cube.ide.mcu.externaltools.gnu-tools-for-stm32.11.3.rel1.win32_1.1.1.202309131626/tools/bin/../lib/gcc/arm-none-eabi/11.3.1/../../../../arm-none-eabi/lib/thumb/v7e-m+fp/hard\libc_nano.a(libc_a-wsetup.o)
                0x00000000080072a4                __swsetup_r
 .text.memset   0x0000000008007354       0x10 D:/Program Files (x86)/STM32CubeIDE_1.11.2/STM32CubeIDE/plugins/com.st.stm32cube.ide.mcu.externaltools.gnu-tools-for-stm32.11.3.rel1.win32_1.1.1.202309131626/tools/bin/../lib/gcc/arm-none-eabi/11.3.1/../../../../arm-none-eabi/lib/thumb/v7e-m+fp/hard\libc_nano.a(libc_a-memset.o)
                0x0000000008007354                memset
 .text._close_r
                0x0000000008007364       0x20 D:/Program Files (x86)/STM32CubeIDE_1.11.2/STM32CubeIDE/plugins/com.st.stm32cube.ide.mcu.externaltools.gnu-tools-for-stm32.11.3.rel1.win32_1.1.1.202309131626/tools/bin/../lib/gcc/arm-none-eabi/11.3.1/../../../../arm-none-eabi/lib/thumb/v7e-m+fp/hard\libc_nano.a(libc_a-closer.o)
                0x0000000008007364                _close_r
 .text._lseek_r
                0x0000000008007384       0x24 D:/Program Files (x86)/STM32CubeIDE_1.11.2/STM32CubeIDE/plugins/com.st.stm32cube.ide.mcu.externaltools.gnu-tools-for-stm32.11.3.rel1.win32_1.1.1.202309131626/tools/bin/../lib/gcc/arm-none-eabi/11.3.1/../../../../arm-none-eabi/lib/thumb/v7e-m+fp/hard\libc_nano.a(libc_a-lseekr.o)
                0x0000000008007384                _lseek_r
 .text._read_r  0x00000000080073a8       0x24 D:/Program Files (x86)/STM32CubeIDE_1.11.2/STM32CubeIDE/plugins/com.st.stm32cube.ide.mcu.externaltools.gnu-tools-for-stm32.11.3.rel1.win32_1.1.1.202309131626/tools/bin/../lib/gcc/arm-none-eabi/11.3.1/../../../../arm-none-eabi/lib/thumb/v7e-m+fp/hard\libc_nano.a(libc_a-readr.o)
                0x00000000080073a8                _read_r
 .text._write_r
                0x00000000080073cc       0x24 D:/Program Files (x86)/STM32CubeIDE_1.11.2/STM32CubeIDE/plugins/com.st.stm32cube.ide.mcu.externaltools.gnu-tools-for-stm32.11.3.rel1.win32_1.1.1.202309131626/tools/bin/../lib/gcc/arm-none-eabi/11.3.1/../../../../arm-none-eabi/lib/thumb/v7e-m+fp/hard\libc_nano.a(libc_a-writer.o)
                0x00000000080073cc                _write_r
 .text.__errno  0x00000000080073f0        0xc D:/Program Files (x86)/STM32CubeIDE_1.11.2/STM32CubeIDE/plugins/com.st.stm32cube.ide.mcu.externaltools.gnu-tools-for-stm32.11.3.rel1.win32_1.1.1.202309131626/tools/bin/../lib/gcc/arm-none-eabi/11.3.1/../../../../arm-none-eabi/lib/thumb/v7e-m+fp/hard\libc_nano.a(libc_a-errno.o)
                0x00000000080073f0                __errno
 .text.__libc_init_array
                0x00000000080073fc       0x48 D:/Program Files (x86)/STM32CubeIDE_1.11.2/STM32CubeIDE/plugins/com.st.stm32cube.ide.mcu.externaltools.gnu-tools-for-stm32.11.3.rel1.win32_1.1.1.202309131626/tools/bin/../lib/gcc/arm-none-eabi/11.3.1/../../../../arm-none-eabi/lib/thumb/v7e-m+fp/hard\libc_nano.a(libc_a-init.o)
                0x00000000080073fc                __libc_init_array
 .text.__retarget_lock_init_recursive
                0x0000000008007444        0x2 D:/Program Files (x86)/STM32CubeIDE_1.11.2/STM32CubeIDE/plugins/com.st.stm32cube.ide.mcu.externaltools.gnu-tools-for-stm32.11.3.rel1.win32_1.1.1.202309131626/tools/bin/../lib/gcc/arm-none-eabi/11.3.1/../../../../arm-none-eabi/lib/thumb/v7e-m+fp/hard\libc_nano.a(libc_a-lock.o)
                0x0000000008007444                __retarget_lock_init_recursive
 .text.__retarget_lock_acquire_recursive
                0x0000000008007446        0x2 D:/Program Files (x86)/STM32CubeIDE_1.11.2/STM32CubeIDE/plugins/com.st.stm32cube.ide.mcu.externaltools.gnu-tools-for-stm32.11.3.rel1.win32_1.1.1.202309131626/tools/bin/../lib/gcc/arm-none-eabi/11.3.1/../../../../arm-none-eabi/lib/thumb/v7e-m+fp/hard\libc_nano.a(libc_a-lock.o)
                0x0000000008007446                __retarget_lock_acquire_recursive
 .text.__retarget_lock_release_recursive
                0x0000000008007448        0x2 D:/Program Files (x86)/STM32CubeIDE_1.11.2/STM32CubeIDE/plugins/com.st.stm32cube.ide.mcu.externaltools.gnu-tools-for-stm32.11.3.rel1.win32_1.1.1.202309131626/tools/bin/../lib/gcc/arm-none-eabi/11.3.1/../../../../arm-none-eabi/lib/thumb/v7e-m+fp/hard\libc_nano.a(libc_a-lock.o)
                0x0000000008007448                __retarget_lock_release_recursive
 *fill*         0x000000000800744a        0x2 
 .text._free_r  0x000000000800744c       0x98 D:/Program Files (x86)/STM32CubeIDE_1.11.2/STM32CubeIDE/plugins/com.st.stm32cube.ide.mcu.externaltools.gnu-tools-for-stm32.11.3.rel1.win32_1.1.1.202309131626/tools/bin/../lib/gcc/arm-none-eabi/11.3.1/../../../../arm-none-eabi/lib/thumb/v7e-m+fp/hard\libc_nano.a(libc_a-freer.o)
                0x000000000800744c                _free_r
 .text.sbrk_aligned
                0x00000000080074e4       0x40 D:/Program Files (x86)/STM32CubeIDE_1.11.2/STM32CubeIDE/plugins/com.st.stm32cube.ide.mcu.externaltools.gnu-tools-for-stm32.11.3.rel1.win32_1.1.1.202309131626/tools/bin/../lib/gcc/arm-none-eabi/11.3.1/../../../../arm-none-eabi/lib/thumb/v7e-m+fp/hard\libc_nano.a(libc_a-mallocr.o)
 .text._malloc_r
                0x0000000008007524      0x100 D:/Program Files (x86)/STM32CubeIDE_1.11.2/STM32CubeIDE/plugins/com.st.stm32cube.ide.mcu.externaltools.gnu-tools-for-stm32.11.3.rel1.win32_1.1.1.202309131626/tools/bin/../lib/gcc/arm-none-eabi/11.3.1/../../../../arm-none-eabi/lib/thumb/v7e-m+fp/hard\libc_nano.a(libc_a-mallocr.o)
                0x0000000008007524                _malloc_r
 .text.__malloc_lock
                0x0000000008007624        0xc D:/Program Files (x86)/STM32CubeIDE_1.11.2/STM32CubeIDE/plugins/com.st.stm32cube.ide.mcu.externaltools.gnu-tools-for-stm32.11.3.rel1.win32_1.1.1.202309131626/tools/bin/../lib/gcc/arm-none-eabi/11.3.1/../../../../arm-none-eabi/lib/thumb/v7e-m+fp/hard\libc_nano.a(libc_a-mlock.o)
                0x0000000008007624                __malloc_lock
 .text.__malloc_unlock
                0x0000000008007630        0xc D:/Program Files (x86)/STM32CubeIDE_1.11.2/STM32CubeIDE/plugins/com.st.stm32cube.ide.mcu.externaltools.gnu-tools-for-stm32.11.3.rel1.win32_1.1.1.202309131626/tools/bin/../lib/gcc/arm-none-eabi/11.3.1/../../../../arm-none-eabi/lib/thumb/v7e-m+fp/hard\libc_nano.a(libc_a-mlock.o)
                0x0000000008007630                __malloc_unlock
 .text.__ssputs_r
                0x000000000800763c       0xb4 D:/Program Files (x86)/STM32CubeIDE_1.11.2/STM32CubeIDE/plugins/com.st.stm32cube.ide.mcu.externaltools.gnu-tools-for-stm32.11.3.rel1.win32_1.1.1.202309131626/tools/bin/../lib/gcc/arm-none-eabi/11.3.1/../../../../arm-none-eabi/lib/thumb/v7e-m+fp/hard\libc_nano.a(libc_a-nano-svfprintf.o)
                0x000000000800763c                __ssputs_r
 .text._svfprintf_r
                0x00000000080076f0      0x1fc D:/Program Files (x86)/STM32CubeIDE_1.11.2/STM32CubeIDE/plugins/com.st.stm32cube.ide.mcu.externaltools.gnu-tools-for-stm32.11.3.rel1.win32_1.1.1.202309131626/tools/bin/../lib/gcc/arm-none-eabi/11.3.1/../../../../arm-none-eabi/lib/thumb/v7e-m+fp/hard\libc_nano.a(libc_a-nano-svfprintf.o)
                0x00000000080076f0                _svfiprintf_r
                0x00000000080076f0                _svfprintf_r
 .text._printf_common
                0x00000000080078ec       0xda D:/Program Files (x86)/STM32CubeIDE_1.11.2/STM32CubeIDE/plugins/com.st.stm32cube.ide.mcu.externaltools.gnu-tools-for-stm32.11.3.rel1.win32_1.1.1.202309131626/tools/bin/../lib/gcc/arm-none-eabi/11.3.1/../../../../arm-none-eabi/lib/thumb/v7e-m+fp/hard\libc_nano.a(libc_a-nano-vfprintf_i.o)
                0x00000000080078ec                _printf_common
 *fill*         0x00000000080079c6        0x2 
 .text._printf_i
                0x00000000080079c8      0x244 D:/Program Files (x86)/STM32CubeIDE_1.11.2/STM32CubeIDE/plugins/com.st.stm32cube.ide.mcu.externaltools.gnu-tools-for-stm32.11.3.rel1.win32_1.1.1.202309131626/tools/bin/../lib/gcc/arm-none-eabi/11.3.1/../../../../arm-none-eabi/lib/thumb/v7e-m+fp/hard\libc_nano.a(libc_a-nano-vfprintf_i.o)
                0x00000000080079c8                _printf_i
 .text.__sflush_r
                0x0000000008007c0c      0x10c D:/Program Files (x86)/STM32CubeIDE_1.11.2/STM32CubeIDE/plugins/com.st.stm32cube.ide.mcu.externaltools.gnu-tools-for-stm32.11.3.rel1.win32_1.1.1.202309131626/tools/bin/../lib/gcc/arm-none-eabi/11.3.1/../../../../arm-none-eabi/lib/thumb/v7e-m+fp/hard\libc_nano.a(libc_a-fflush.o)
                0x0000000008007c0c                __sflush_r
 .text._fflush_r
                0x0000000008007d18       0x50 D:/Program Files (x86)/STM32CubeIDE_1.11.2/STM32CubeIDE/plugins/com.st.stm32cube.ide.mcu.externaltools.gnu-tools-for-stm32.11.3.rel1.win32_1.1.1.202309131626/tools/bin/../lib/gcc/arm-none-eabi/11.3.1/../../../../arm-none-eabi/lib/thumb/v7e-m+fp/hard\libc_nano.a(libc_a-fflush.o)
                0x0000000008007d18                _fflush_r
 .text.__swhatbuf_r
                0x0000000008007d68       0x4c D:/Program Files (x86)/STM32CubeIDE_1.11.2/STM32CubeIDE/plugins/com.st.stm32cube.ide.mcu.externaltools.gnu-tools-for-stm32.11.3.rel1.win32_1.1.1.202309131626/tools/bin/../lib/gcc/arm-none-eabi/11.3.1/../../../../arm-none-eabi/lib/thumb/v7e-m+fp/hard\libc_nano.a(libc_a-makebuf.o)
                0x0000000008007d68                __swhatbuf_r
 .text.__smakebuf_r
                0x0000000008007db4       0x78 D:/Program Files (x86)/STM32CubeIDE_1.11.2/STM32CubeIDE/plugins/com.st.stm32cube.ide.mcu.externaltools.gnu-tools-for-stm32.11.3.rel1.win32_1.1.1.202309131626/tools/bin/../lib/gcc/arm-none-eabi/11.3.1/../../../../arm-none-eabi/lib/thumb/v7e-m+fp/hard\libc_nano.a(libc_a-makebuf.o)
                0x0000000008007db4                __smakebuf_r
 .text.memmove  0x0000000008007e2c       0x34 D:/Program Files (x86)/STM32CubeIDE_1.11.2/STM32CubeIDE/plugins/com.st.stm32cube.ide.mcu.externaltools.gnu-tools-for-stm32.11.3.rel1.win32_1.1.1.202309131626/tools/bin/../lib/gcc/arm-none-eabi/11.3.1/../../../../arm-none-eabi/lib/thumb/v7e-m+fp/hard\libc_nano.a(libc_a-memmove.o)
                0x0000000008007e2c                memmove
 .text._fstat_r
                0x0000000008007e60       0x24 D:/Program Files (x86)/STM32CubeIDE_1.11.2/STM32CubeIDE/plugins/com.st.stm32cube.ide.mcu.externaltools.gnu-tools-for-stm32.11.3.rel1.win32_1.1.1.202309131626/tools/bin/../lib/gcc/arm-none-eabi/11.3.1/../../../../arm-none-eabi/lib/thumb/v7e-m+fp/hard\libc_nano.a(libc_a-fstatr.o)
                0x0000000008007e60                _fstat_r
 .text._isatty_r
                0x0000000008007e84       0x20 D:/Program Files (x86)/STM32CubeIDE_1.11.2/STM32CubeIDE/plugins/com.st.stm32cube.ide.mcu.externaltools.gnu-tools-for-stm32.11.3.rel1.win32_1.1.1.202309131626/tools/bin/../lib/gcc/arm-none-eabi/11.3.1/../../../../arm-none-eabi/lib/thumb/v7e-m+fp/hard\libc_nano.a(libc_a-isattyr.o)
                0x0000000008007e84                _isatty_r
 .text._sbrk_r  0x0000000008007ea4       0x20 D:/Program Files (x86)/STM32CubeIDE_1.11.2/STM32CubeIDE/plugins/com.st.stm32cube.ide.mcu.externaltools.gnu-tools-for-stm32.11.3.rel1.win32_1.1.1.202309131626/tools/bin/../lib/gcc/arm-none-eabi/11.3.1/../../../../arm-none-eabi/lib/thumb/v7e-m+fp/hard\libc_nano.a(libc_a-sbrkr.o)
                0x0000000008007ea4                _sbrk_r
 .text.memcpy   0x0000000008007ec4       0x1c D:/Program Files (x86)/STM32CubeIDE_1.11.2/STM32CubeIDE/plugins/com.st.stm32cube.ide.mcu.externaltools.gnu-tools-for-stm32.11.3.rel1.win32_1.1.1.202309131626/tools/bin/../lib/gcc/arm-none-eabi/11.3.1/../../../../arm-none-eabi/lib/thumb/v7e-m+fp/hard\libc_nano.a(libc_a-memcpy-stub.o)
                0x0000000008007ec4                memcpy
 .text._realloc_r
                0x0000000008007ee0       0x5e D:/Program Files (x86)/STM32CubeIDE_1.11.2/STM32CubeIDE/plugins/com.st.stm32cube.ide.mcu.externaltools.gnu-tools-for-stm32.11.3.rel1.win32_1.1.1.202309131626/tools/bin/../lib/gcc/arm-none-eabi/11.3.1/../../../../arm-none-eabi/lib/thumb/v7e-m+fp/hard\libc_nano.a(libc_a-reallocr.o)
                0x0000000008007ee0                _realloc_r
 .text._malloc_usable_size_r
                0x0000000008007f3e       0x10 D:/Program Files (x86)/STM32CubeIDE_1.11.2/STM32CubeIDE/plugins/com.st.stm32cube.ide.mcu.externaltools.gnu-tools-for-stm32.11.3.rel1.win32_1.1.1.202309131626/tools/bin/../lib/gcc/arm-none-eabi/11.3.1/../../../../arm-none-eabi/lib/thumb/v7e-m+fp/hard\libc_nano.a(libc_a-msizer.o)
                0x0000000008007f3e                _malloc_usable_size_r
 *(.glue_7)
 .glue_7        0x0000000008007f4e        0x0 linker stubs
 *(.glue_7t)
 .glue_7t       0x0000000008007f4e        0x0 linker stubs
 *(.eh_frame)
 *fill*         0x0000000008007f4e        0x2 
 .eh_frame      0x0000000008007f50        0x0 D:/Program Files (x86)/STM32CubeIDE_1.11.2/STM32CubeIDE/plugins/com.st.stm32cube.ide.mcu.externaltools.gnu-tools-for-stm32.11.3.rel1.win32_1.1.1.202309131626/tools/bin/../lib/gcc/arm-none-eabi/11.3.1/thumb/v7e-m+fp/hard/crtbegin.o
 *(.init)
 .init          0x0000000008007f50        0x4 D:/Program Files (x86)/STM32CubeIDE_1.11.2/STM32CubeIDE/plugins/com.st.stm32cube.ide.mcu.externaltools.gnu-tools-for-stm32.11.3.rel1.win32_1.1.1.202309131626/tools/bin/../lib/gcc/arm-none-eabi/11.3.1/thumb/v7e-m+fp/hard/crti.o
                0x0000000008007f50                _init
 .init          0x0000000008007f54        0x8 D:/Program Files (x86)/STM32CubeIDE_1.11.2/STM32CubeIDE/plugins/com.st.stm32cube.ide.mcu.externaltools.gnu-tools-for-stm32.11.3.rel1.win32_1.1.1.202309131626/tools/bin/../lib/gcc/arm-none-eabi/11.3.1/thumb/v7e-m+fp/hard/crtn.o
 *(.fini)
 .fini          0x0000000008007f5c        0x4 D:/Program Files (x86)/STM32CubeIDE_1.11.2/STM32CubeIDE/plugins/com.st.stm32cube.ide.mcu.externaltools.gnu-tools-for-stm32.11.3.rel1.win32_1.1.1.202309131626/tools/bin/../lib/gcc/arm-none-eabi/11.3.1/thumb/v7e-m+fp/hard/crti.o
                0x0000000008007f5c                _fini
 .fini          0x0000000008007f60        0x8 D:/Program Files (x86)/STM32CubeIDE_1.11.2/STM32CubeIDE/plugins/com.st.stm32cube.ide.mcu.externaltools.gnu-tools-for-stm32.11.3.rel1.win32_1.1.1.202309131626/tools/bin/../lib/gcc/arm-none-eabi/11.3.1/thumb/v7e-m+fp/hard/crtn.o
                0x0000000008007f68                . = ALIGN (0x4)
                0x0000000008007f68                _etext = .

.vfp11_veneer   0x0000000008007f68        0x0
 .vfp11_veneer  0x0000000008007f68        0x0 linker stubs

.v4_bx          0x0000000008007f68        0x0
 .v4_bx         0x0000000008007f68        0x0 linker stubs

.iplt           0x0000000008007f68        0x0
 .iplt          0x0000000008007f68        0x0 D:/Program Files (x86)/STM32CubeIDE_1.11.2/STM32CubeIDE/plugins/com.st.stm32cube.ide.mcu.externaltools.gnu-tools-for-stm32.11.3.rel1.win32_1.1.1.202309131626/tools/bin/../lib/gcc/arm-none-eabi/11.3.1/thumb/v7e-m+fp/hard/crtbegin.o

.rodata         0x0000000008007f68      0x340
                0x0000000008007f68                . = ALIGN (0x4)
 *(.rodata)
 .rodata        0x0000000008007f68        0x8 ./Core/Src/controller_programs.o
 .rodata        0x0000000008007f70       0x35 ./Core/Src/debounce.o
 *fill*         0x0000000008007fa5        0x3 
 .rodata        0x0000000008007fa8        0x8 ./Core/Src/klebot_radio.o
 .rodata        0x0000000008007fb0       0x5c ./Core/Src/menu.o
 .rodata        0x000000000800800c        0x3 ./Core/Src/ssd1106.o
 *(.rodata*)
 *fill*         0x000000000800800f        0x1 
 .rodata.StandardASCII
                0x0000000008008010      0x244 ./Core/Src/fonts.o
                0x0000000008008010                StandardASCII
 .rodata.AHBPrescTable
                0x0000000008008254       0x10 ./Core/Src/system_stm32f4xx.o
                0x0000000008008254                AHBPrescTable
 .rodata.APBPrescTable
                0x0000000008008264        0x8 ./Core/Src/system_stm32f4xx.o
                0x0000000008008264                APBPrescTable
 .rodata.flagBitshiftOffset.0
                0x000000000800826c        0x8 ./Drivers/STM32F4xx_HAL_Driver/Src/stm32f4xx_hal_dma.o
 .rodata._svfprintf_r.str1.1
                0x0000000008008274       0x11 D:/Program Files (x86)/STM32CubeIDE_1.11.2/STM32CubeIDE/plugins/com.st.stm32cube.ide.mcu.externaltools.gnu-tools-for-stm32.11.3.rel1.win32_1.1.1.202309131626/tools/bin/../lib/gcc/arm-none-eabi/11.3.1/../../../../arm-none-eabi/lib/thumb/v7e-m+fp/hard\libc_nano.a(libc_a-nano-svfprintf.o)
 .rodata._printf_i.str1.1
                0x0000000008008285       0x22 D:/Program Files (x86)/STM32CubeIDE_1.11.2/STM32CubeIDE/plugins/com.st.stm32cube.ide.mcu.externaltools.gnu-tools-for-stm32.11.3.rel1.win32_1.1.1.202309131626/tools/bin/../lib/gcc/arm-none-eabi/11.3.1/../../../../arm-none-eabi/lib/thumb/v7e-m+fp/hard\libc_nano.a(libc_a-nano-vfprintf_i.o)
                0x00000000080082a8                . = ALIGN (0x4)
 *fill*         0x00000000080082a7        0x1 

.ARM.extab      0x00000000080082a8        0x0
                0x00000000080082a8                . = ALIGN (0x4)
 *(.ARM.extab* .gnu.linkonce.armextab.*)
                0x00000000080082a8                . = ALIGN (0x4)

.ARM            0x00000000080082a8        0x8
                0x00000000080082a8                . = ALIGN (0x4)
                0x00000000080082a8                __exidx_start = .
 *(.ARM.exidx*)
 .ARM.exidx     0x00000000080082a8        0x8 D:/Program Files (x86)/STM32CubeIDE_1.11.2/STM32CubeIDE/plugins/com.st.stm32cube.ide.mcu.externaltools.gnu-tools-for-stm32.11.3.rel1.win32_1.1.1.202309131626/tools/bin/../lib/gcc/arm-none-eabi/11.3.1/thumb/v7e-m+fp/hard\libgcc.a(_udivmoddi4.o)
                0x00000000080082b0                __exidx_end = .
                0x00000000080082b0                . = ALIGN (0x4)

.rel.dyn        0x00000000080082b0        0x0
 .rel.iplt      0x00000000080082b0        0x0 D:/Program Files (x86)/STM32CubeIDE_1.11.2/STM32CubeIDE/plugins/com.st.stm32cube.ide.mcu.externaltools.gnu-tools-for-stm32.11.3.rel1.win32_1.1.1.202309131626/tools/bin/../lib/gcc/arm-none-eabi/11.3.1/thumb/v7e-m+fp/hard/crtbegin.o

.preinit_array  0x00000000080082b0        0x0
                0x00000000080082b0                . = ALIGN (0x4)
                0x00000000080082b0                PROVIDE (__preinit_array_start = .)
 *(.preinit_array*)
                0x00000000080082b0                PROVIDE (__preinit_array_end = .)
                0x00000000080082b0                . = ALIGN (0x4)

.init_array     0x00000000080082b0        0x4
                0x00000000080082b0                . = ALIGN (0x4)
                0x00000000080082b0                PROVIDE (__init_array_start = .)
 *(SORT_BY_NAME(.init_array.*))
 *(.init_array*)
 .init_array    0x00000000080082b0        0x4 D:/Program Files (x86)/STM32CubeIDE_1.11.2/STM32CubeIDE/plugins/com.st.stm32cube.ide.mcu.externaltools.gnu-tools-for-stm32.11.3.rel1.win32_1.1.1.202309131626/tools/bin/../lib/gcc/arm-none-eabi/11.3.1/thumb/v7e-m+fp/hard/crtbegin.o
                0x00000000080082b4                PROVIDE (__init_array_end = .)
                0x00000000080082b4                . = ALIGN (0x4)

.fini_array     0x00000000080082b4        0x4
                0x00000000080082b4                . = ALIGN (0x4)
                [!provide]                        PROVIDE (__fini_array_start = .)
 *(SORT_BY_NAME(.fini_array.*))
 *(.fini_array*)
 .fini_array    0x00000000080082b4        0x4 D:/Program Files (x86)/STM32CubeIDE_1.11.2/STM32CubeIDE/plugins/com.st.stm32cube.ide.mcu.externaltools.gnu-tools-for-stm32.11.3.rel1.win32_1.1.1.202309131626/tools/bin/../lib/gcc/arm-none-eabi/11.3.1/thumb/v7e-m+fp/hard/crtbegin.o
                [!provide]                        PROVIDE (__fini_array_end = .)
                0x00000000080082b8                . = ALIGN (0x4)
                0x00000000080082b8                _sidata = LOADADDR (.data)

.data           0x0000000020000000      0x110 load address 0x00000000080082b8
                0x0000000020000000                . = ALIGN (0x4)
                0x0000000020000000                _sdata = .
 *(.data)
 *(.data*)
 .data.JoyCalib
                0x0000000020000000       0x18 ./Core/Src/menu.o
                0x0000000020000000                JoyCalib
 .data.JoyCalib1
                0x0000000020000018       0x18 ./Core/Src/menu.o
                0x0000000020000018                JoyCalib1
 .data.JoyCalib2
                0x0000000020000030       0x18 ./Core/Src/menu.o
                0x0000000020000030                JoyCalib2
 .data.JoyCalib3
                0x0000000020000048       0x18 ./Core/Src/menu.o
                0x0000000020000048                JoyCalib3
 .data.JoyCalib4
                0x0000000020000060       0x18 ./Core/Src/menu.o
                0x0000000020000060                JoyCalib4
 .data.DiodeBlink
                0x0000000020000078       0x18 ./Core/Src/menu.o
                0x0000000020000078                DiodeBlink
 .data.MenuCurrentMember
                0x0000000020000090        0x4 ./Core/Src/menu.o
 .data.FirstMemberToDisplayPtr
                0x0000000020000094        0x4 ./Core/Src/menu.o
 .data.InitCommands
                0x0000000020000098       0x10 ./Core/Src/ssd1106.o
                0x0000000020000098                InitCommands
 .data.SystemCoreClock
                0x00000000200000a8        0x4 ./Core/Src/system_stm32f4xx.o
                0x00000000200000a8                SystemCoreClock
 .data.uwTickPrio
                0x00000000200000ac        0x4 ./Drivers/STM32F4xx_HAL_Driver/Src/stm32f4xx_hal.o
                0x00000000200000ac                uwTickPrio
 .data.uwTickFreq
                0x00000000200000b0        0x1 ./Drivers/STM32F4xx_HAL_Driver/Src/stm32f4xx_hal.o
                0x00000000200000b0                uwTickFreq
 *fill*         0x00000000200000b1        0x3 
 .data.__sglue  0x00000000200000b4        0xc D:/Program Files (x86)/STM32CubeIDE_1.11.2/STM32CubeIDE/plugins/com.st.stm32cube.ide.mcu.externaltools.gnu-tools-for-stm32.11.3.rel1.win32_1.1.1.202309131626/tools/bin/../lib/gcc/arm-none-eabi/11.3.1/../../../../arm-none-eabi/lib/thumb/v7e-m+fp/hard\libc_nano.a(libc_a-findfp.o)
                0x00000000200000b4                __sglue
 .data._impure_data
                0x00000000200000c0       0x4c D:/Program Files (x86)/STM32CubeIDE_1.11.2/STM32CubeIDE/plugins/com.st.stm32cube.ide.mcu.externaltools.gnu-tools-for-stm32.11.3.rel1.win32_1.1.1.202309131626/tools/bin/../lib/gcc/arm-none-eabi/11.3.1/../../../../arm-none-eabi/lib/thumb/v7e-m+fp/hard\libc_nano.a(libc_a-impure.o)
                0x00000000200000c0                _impure_data
 .data._impure_ptr
                0x000000002000010c        0x4 D:/Program Files (x86)/STM32CubeIDE_1.11.2/STM32CubeIDE/plugins/com.st.stm32cube.ide.mcu.externaltools.gnu-tools-for-stm32.11.3.rel1.win32_1.1.1.202309131626/tools/bin/../lib/gcc/arm-none-eabi/11.3.1/../../../../arm-none-eabi/lib/thumb/v7e-m+fp/hard\libc_nano.a(libc_a-impure.o)
                0x000000002000010c                _impure_ptr
 *(.RamFunc)
 *(.RamFunc*)
                0x0000000020000110                . = ALIGN (0x4)
                0x0000000020000110                _edata = .

.igot.plt       0x0000000020000110        0x0 load address 0x00000000080083c8
 .igot.plt      0x0000000020000110        0x0 D:/Program Files (x86)/STM32CubeIDE_1.11.2/STM32CubeIDE/plugins/com.st.stm32cube.ide.mcu.externaltools.gnu-tools-for-stm32.11.3.rel1.win32_1.1.1.202309131626/tools/bin/../lib/gcc/arm-none-eabi/11.3.1/thumb/v7e-m+fp/hard/crtbegin.o
                0x0000000020000110                . = ALIGN (0x4)

.bss            0x0000000020000110      0x960 load address 0x00000000080083c8
                0x0000000020000110                _sbss = .
                0x0000000020000110                __bss_start__ = _sbss
 *(.bss)
 .bss           0x0000000020000110       0x1c D:/Program Files (x86)/STM32CubeIDE_1.11.2/STM32CubeIDE/plugins/com.st.stm32cube.ide.mcu.externaltools.gnu-tools-for-stm32.11.3.rel1.win32_1.1.1.202309131626/tools/bin/../lib/gcc/arm-none-eabi/11.3.1/thumb/v7e-m+fp/hard/crtbegin.o
 *(.bss*)
 .bss.hadc1     0x000000002000012c       0x48 ./Core/Src/adc.o
                0x000000002000012c                hadc1
 .bss.hdma_adc1
                0x0000000020000174       0x60 ./Core/Src/adc.o
                0x0000000020000174                hdma_adc1
 .bss.AdcSamples
                0x00000000200001d4       0x50 ./Core/Src/controller_inputs.o
                0x00000000200001d4                AdcSamples
 .bss.AdcSamplesMean
                0x0000000020000224        0x8 ./Core/Src/controller_inputs.o
                0x0000000020000224                AdcSamplesMean
 .bss.LeftJoystick
                0x000000002000022c       0x18 ./Core/Src/controller_inputs.o
                0x000000002000022c                LeftJoystick
 .bss.RightJoystick
                0x0000000020000244       0x18 ./Core/Src/controller_inputs.o
                0x0000000020000244                RightJoystick
 .bss.ButtonUp  0x000000002000025c       0x20 ./Core/Src/controller_inputs.o
                0x000000002000025c                ButtonUp
 .bss.ButtonDown
                0x000000002000027c       0x20 ./Core/Src/controller_inputs.o
                0x000000002000027c                ButtonDown
 .bss.ButtonLeftJ
                0x000000002000029c       0x20 ./Core/Src/controller_inputs.o
                0x000000002000029c                ButtonLeftJ
 .bss.ButtonRightJ
                0x00000000200002bc       0x20 ./Core/Src/controller_inputs.o
                0x00000000200002bc                ButtonRightJ
 .bss.ButtonEncoder
                0x00000000200002dc       0x20 ./Core/Src/controller_inputs.o
                0x00000000200002dc                ButtonEncoder
 .bss.LastTimerCounter.0
                0x00000000200002fc        0x2 ./Core/Src/controller_inputs.o
 *fill*         0x00000000200002fe        0x2 
 .bss.ProgramToPerform
                0x0000000020000300        0x4 ./Core/Src/controller_programs.o
                0x0000000020000300                ProgramToPerform
 .bss.FirstEntry.3
                0x0000000020000304        0x1 ./Core/Src/controller_programs.o
 *fill*         0x0000000020000305        0x3 
 .bss.LastTick.2
                0x0000000020000308        0x4 ./Core/Src/controller_programs.o
 .bss.state.1   0x000000002000030c        0x1 ./Core/Src/controller_programs.o
 .bss.blinks.0  0x000000002000030d        0x1 ./Core/Src/controller_programs.o
 *fill*         0x000000002000030e        0x2 
 .bss.hi2c1     0x0000000020000310       0x54 ./Core/Src/i2c.o
                0x0000000020000310                hi2c1
 .bss.hi2c3     0x0000000020000364       0x54 ./Core/Src/i2c.o
                0x0000000020000364                hi2c3
 .bss.ConnectionStatus
                0x00000000200003b8        0x1 ./Core/Src/klebot_radio.o
                0x00000000200003b8                ConnectionStatus
 .bss.TxStatus  0x00000000200003b9        0x1 ./Core/Src/klebot_radio.o
                0x00000000200003b9                TxStatus
 .bss.RxStatus  0x00000000200003ba        0x1 ./Core/Src/klebot_radio.o
                0x00000000200003ba                RxStatus
 *fill*         0x00000000200003bb        0x1 
 .bss.TxBuffer  0x00000000200003bc       0x22 ./Core/Src/klebot_radio.o
                0x00000000200003bc                TxBuffer
 *fill*         0x00000000200003de        0x2 
 .bss.RxBuffer  0x00000000200003e0       0x22 ./Core/Src/klebot_radio.o
                0x00000000200003e0                RxBuffer
 *fill*         0x0000000020000402        0x2 
 .bss.LastTick.0
                0x0000000020000404        0x4 ./Core/Src/klebot_radio.o
 .bss.LevelsIndexes
                0x0000000020000408        0x4 ./Core/Src/menu.o
 .bss.LevelsFirstMembersToDisplay
                0x000000002000040c        0x4 ./Core/Src/menu.o
 .bss.MenuLevel
                0x0000000020000410        0x1 ./Core/Src/menu.o
 *fill*         0x0000000020000411        0x3 
 .bss.LastMenuPtr.0
                0x0000000020000414        0x4 ./Core/Src/menu.o
 .bss.hspi_nrf  0x0000000020000418        0x4 ./Core/Src/nRF24.o
 .bss.addr_p0_backup
                0x000000002000041c        0x3 ./Core/Src/nRF24.o
 .bss.nrf24_rx_flag
                0x000000002000041f        0x1 ./Core/Src/nRF24.o
 .bss.nrf24_tx_flag
                0x0000000020000420        0x1 ./Core/Src/nRF24.o
 .bss.nrf24_mr_flag
                0x0000000020000421        0x1 ./Core/Src/nRF24.o
 .bss.Nrf24InterruptFlag
                0x0000000020000422        0x1 ./Core/Src/nRF24.o
 .bss.StartupInitFlag.0
                0x0000000020000423        0x1 ./Core/Src/simple_scheduler.o
 .bss.hspi2     0x0000000020000424       0x58 ./Core/Src/spi.o
                0x0000000020000424                hspi2
 .bss.OledI2C   0x000000002000047c        0x4 ./Core/Src/ssd1106.o
                0x000000002000047c                OledI2C
 .bss.Cursor    0x0000000020000480        0x3 ./Core/Src/ssd1106.o
 *fill*         0x0000000020000483        0x1 
 .bss.CurrentFont
                0x0000000020000484        0x8 ./Core/Src/ssd1106.o
 .bss.BufferVRAM
                0x000000002000048c      0x400 ./Core/Src/ssd1106.o
 .bss.__sbrk_heap_end
                0x000000002000088c        0x4 ./Core/Src/sysmem.o
 .bss.htim3     0x0000000020000890       0x48 ./Core/Src/tim.o
                0x0000000020000890                htim3
 .bss.htim10    0x00000000200008d8       0x48 ./Core/Src/tim.o
                0x00000000200008d8                htim10
 .bss.uwTick    0x0000000020000920        0x4 ./Drivers/STM32F4xx_HAL_Driver/Src/stm32f4xx_hal.o
                0x0000000020000920                uwTick
 .bss.__sf      0x0000000020000924      0x138 D:/Program Files (x86)/STM32CubeIDE_1.11.2/STM32CubeIDE/plugins/com.st.stm32cube.ide.mcu.externaltools.gnu-tools-for-stm32.11.3.rel1.win32_1.1.1.202309131626/tools/bin/../lib/gcc/arm-none-eabi/11.3.1/../../../../arm-none-eabi/lib/thumb/v7e-m+fp/hard\libc_nano.a(libc_a-findfp.o)
                0x0000000020000924                __sf
 .bss.__stdio_exit_handler
                0x0000000020000a5c        0x4 D:/Program Files (x86)/STM32CubeIDE_1.11.2/STM32CubeIDE/plugins/com.st.stm32cube.ide.mcu.externaltools.gnu-tools-for-stm32.11.3.rel1.win32_1.1.1.202309131626/tools/bin/../lib/gcc/arm-none-eabi/11.3.1/../../../../arm-none-eabi/lib/thumb/v7e-m+fp/hard\libc_nano.a(libc_a-findfp.o)
                0x0000000020000a5c                __stdio_exit_handler
 .bss.errno     0x0000000020000a60        0x4 D:/Program Files (x86)/STM32CubeIDE_1.11.2/STM32CubeIDE/plugins/com.st.stm32cube.ide.mcu.externaltools.gnu-tools-for-stm32.11.3.rel1.win32_1.1.1.202309131626/tools/bin/../lib/gcc/arm-none-eabi/11.3.1/../../../../arm-none-eabi/lib/thumb/v7e-m+fp/hard\libc_nano.a(libc_a-reent.o)
                0x0000000020000a60                errno
 .bss.__lock___malloc_recursive_mutex
                0x0000000020000a64        0x1 D:/Program Files (x86)/STM32CubeIDE_1.11.2/STM32CubeIDE/plugins/com.st.stm32cube.ide.mcu.externaltools.gnu-tools-for-stm32.11.3.rel1.win32_1.1.1.202309131626/tools/bin/../lib/gcc/arm-none-eabi/11.3.1/../../../../arm-none-eabi/lib/thumb/v7e-m+fp/hard\libc_nano.a(libc_a-lock.o)
                0x0000000020000a64                __lock___malloc_recursive_mutex
 .bss.__lock___sfp_recursive_mutex
                0x0000000020000a65        0x1 D:/Program Files (x86)/STM32CubeIDE_1.11.2/STM32CubeIDE/plugins/com.st.stm32cube.ide.mcu.externaltools.gnu-tools-for-stm32.11.3.rel1.win32_1.1.1.202309131626/tools/bin/../lib/gcc/arm-none-eabi/11.3.1/../../../../arm-none-eabi/lib/thumb/v7e-m+fp/hard\libc_nano.a(libc_a-lock.o)
                0x0000000020000a65                __lock___sfp_recursive_mutex
 *fill*         0x0000000020000a66        0x2 
 .bss.__malloc_free_list
                0x0000000020000a68        0x4 D:/Program Files (x86)/STM32CubeIDE_1.11.2/STM32CubeIDE/plugins/com.st.stm32cube.ide.mcu.externaltools.gnu-tools-for-stm32.11.3.rel1.win32_1.1.1.202309131626/tools/bin/../lib/gcc/arm-none-eabi/11.3.1/../../../../arm-none-eabi/lib/thumb/v7e-m+fp/hard\libc_nano.a(libc_a-mallocr.o)
                0x0000000020000a68                __malloc_free_list
 .bss.__malloc_sbrk_start
                0x0000000020000a6c        0x4 D:/Program Files (x86)/STM32CubeIDE_1.11.2/STM32CubeIDE/plugins/com.st.stm32cube.ide.mcu.externaltools.gnu-tools-for-stm32.11.3.rel1.win32_1.1.1.202309131626/tools/bin/../lib/gcc/arm-none-eabi/11.3.1/../../../../arm-none-eabi/lib/thumb/v7e-m+fp/hard\libc_nano.a(libc_a-mallocr.o)
                0x0000000020000a6c                __malloc_sbrk_start
 *(COMMON)
                0x0000000020000a70                . = ALIGN (0x4)
                0x0000000020000a70                _ebss = .
                0x0000000020000a70                __bss_end__ = _ebss

._user_heap_stack
                0x0000000020000a70      0x600 load address 0x00000000080083c8
                0x0000000020000a70                . = ALIGN (0x8)
                [!provide]                        PROVIDE (end = .)
                0x0000000020000a70                PROVIDE (_end = .)
                0x0000000020000c70                . = (. + _Min_Heap_Size)
 *fill*         0x0000000020000a70      0x200 
                0x0000000020001070                . = (. + _Min_Stack_Size)
 *fill*         0x0000000020000c70      0x400 
                0x0000000020001070                . = ALIGN (0x8)

/DISCARD/
 libc.a(*)
 libm.a(*)
 libgcc.a(*)

.ARM.attributes
                0x0000000000000000       0x30
 *(.ARM.attributes)
 .ARM.attributes
                0x0000000000000000       0x1e D:/Program Files (x86)/STM32CubeIDE_1.11.2/STM32CubeIDE/plugins/com.st.stm32cube.ide.mcu.externaltools.gnu-tools-for-stm32.11.3.rel1.win32_1.1.1.202309131626/tools/bin/../lib/gcc/arm-none-eabi/11.3.1/thumb/v7e-m+fp/hard/crti.o
 .ARM.attributes
                0x000000000000001e       0x34 D:/Program Files (x86)/STM32CubeIDE_1.11.2/STM32CubeIDE/plugins/com.st.stm32cube.ide.mcu.externaltools.gnu-tools-for-stm32.11.3.rel1.win32_1.1.1.202309131626/tools/bin/../lib/gcc/arm-none-eabi/11.3.1/thumb/v7e-m+fp/hard/crtbegin.o
 .ARM.attributes
                0x0000000000000052       0x34 ./Core/Src/RingBuffer.o
 .ARM.attributes
                0x0000000000000086       0x34 ./Core/Src/adc.o
 .ARM.attributes
                0x00000000000000ba       0x34 ./Core/Src/controller_inputs.o
 .ARM.attributes
                0x00000000000000ee       0x34 ./Core/Src/controller_programs.o
 .ARM.attributes
                0x0000000000000122       0x34 ./Core/Src/debounce.o
 .ARM.attributes
                0x0000000000000156       0x34 ./Core/Src/dma.o
 .ARM.attributes
                0x000000000000018a       0x34 ./Core/Src/fonts.o
 .ARM.attributes
                0x00000000000001be       0x34 ./Core/Src/gpio.o
 .ARM.attributes
                0x00000000000001f2       0x34 ./Core/Src/i2c.o
 .ARM.attributes
                0x0000000000000226       0x34 ./Core/Src/joystick.o
 .ARM.attributes
                0x000000000000025a       0x34 ./Core/Src/klebot_radio.o
 .ARM.attributes
                0x000000000000028e       0x34 ./Core/Src/main.o
 .ARM.attributes
                0x00000000000002c2       0x34 ./Core/Src/menu.o
 .ARM.attributes
                0x00000000000002f6       0x34 ./Core/Src/nRF24.o
 .ARM.attributes
                0x000000000000032a       0x34 ./Core/Src/simple_scheduler.o
 .ARM.attributes
                0x000000000000035e       0x34 ./Core/Src/spi.o
 .ARM.attributes
                0x0000000000000392       0x34 ./Core/Src/ssd1106.o
 .ARM.attributes
                0x00000000000003c6       0x34 ./Core/Src/stm32f4xx_hal_msp.o
 .ARM.attributes
                0x00000000000003fa       0x34 ./Core/Src/stm32f4xx_it.o
 .ARM.attributes
                0x000000000000042e       0x34 ./Core/Src/syscalls.o
 .ARM.attributes
                0x0000000000000462       0x34 ./Core/Src/sysmem.o
 .ARM.attributes
                0x0000000000000496       0x34 ./Core/Src/system_stm32f4xx.o
 .ARM.attributes
                0x00000000000004ca       0x34 ./Core/Src/tim.o
 .ARM.attributes
                0x00000000000004fe       0x21 ./Core/Startup/startup_stm32f411rctx.o
 .ARM.attributes
                0x000000000000051f       0x34 ./Drivers/STM32F4xx_HAL_Driver/Src/stm32f4xx_hal.o
 .ARM.attributes
                0x0000000000000553       0x34 ./Drivers/STM32F4xx_HAL_Driver/Src/stm32f4xx_hal_adc.o
 .ARM.attributes
                0x0000000000000587       0x34 ./Drivers/STM32F4xx_HAL_Driver/Src/stm32f4xx_hal_adc_ex.o
 .ARM.attributes
                0x00000000000005bb       0x34 ./Drivers/STM32F4xx_HAL_Driver/Src/stm32f4xx_hal_cortex.o
 .ARM.attributes
                0x00000000000005ef       0x34 ./Drivers/STM32F4xx_HAL_Driver/Src/stm32f4xx_hal_dma.o
 .ARM.attributes
                0x0000000000000623       0x34 ./Drivers/STM32F4xx_HAL_Driver/Src/stm32f4xx_hal_gpio.o
 .ARM.attributes
                0x0000000000000657       0x34 ./Drivers/STM32F4xx_HAL_Driver/Src/stm32f4xx_hal_i2c.o
 .ARM.attributes
                0x000000000000068b       0x34 ./Drivers/STM32F4xx_HAL_Driver/Src/stm32f4xx_hal_rcc.o
 .ARM.attributes
                0x00000000000006bf       0x34 ./Drivers/STM32F4xx_HAL_Driver/Src/stm32f4xx_hal_spi.o
 .ARM.attributes
                0x00000000000006f3       0x34 ./Drivers/STM32F4xx_HAL_Driver/Src/stm32f4xx_hal_tim.o
 .ARM.attributes
                0x0000000000000727       0x34 ./Drivers/STM32F4xx_HAL_Driver/Src/stm32f4xx_hal_tim_ex.o
 .ARM.attributes
                0x000000000000075b       0x34 D:/Program Files (x86)/STM32CubeIDE_1.11.2/STM32CubeIDE/plugins/com.st.stm32cube.ide.mcu.externaltools.gnu-tools-for-stm32.11.3.rel1.win32_1.1.1.202309131626/tools/bin/../lib/gcc/arm-none-eabi/11.3.1/../../../../arm-none-eabi/lib/thumb/v7e-m+fp/hard\libc_nano.a(libc_a-findfp.o)
 .ARM.attributes
                0x000000000000078f       0x34 D:/Program Files (x86)/STM32CubeIDE_1.11.2/STM32CubeIDE/plugins/com.st.stm32cube.ide.mcu.externaltools.gnu-tools-for-stm32.11.3.rel1.win32_1.1.1.202309131626/tools/bin/../lib/gcc/arm-none-eabi/11.3.1/../../../../arm-none-eabi/lib/thumb/v7e-m+fp/hard\libc_nano.a(libc_a-fwalk.o)
 .ARM.attributes
                0x00000000000007c3       0x34 D:/Program Files (x86)/STM32CubeIDE_1.11.2/STM32CubeIDE/plugins/com.st.stm32cube.ide.mcu.externaltools.gnu-tools-for-stm32.11.3.rel1.win32_1.1.1.202309131626/tools/bin/../lib/gcc/arm-none-eabi/11.3.1/../../../../arm-none-eabi/lib/thumb/v7e-m+fp/hard\libc_nano.a(libc_a-puts.o)
 .ARM.attributes
                0x00000000000007f7       0x34 D:/Program Files (x86)/STM32CubeIDE_1.11.2/STM32CubeIDE/plugins/com.st.stm32cube.ide.mcu.externaltools.gnu-tools-for-stm32.11.3.rel1.win32_1.1.1.202309131626/tools/bin/../lib/gcc/arm-none-eabi/11.3.1/../../../../arm-none-eabi/lib/thumb/v7e-m+fp/hard\libc_nano.a(libc_a-sprintf.o)
 .ARM.attributes
                0x000000000000082b       0x34 D:/Program Files (x86)/STM32CubeIDE_1.11.2/STM32CubeIDE/plugins/com.st.stm32cube.ide.mcu.externaltools.gnu-tools-for-stm32.11.3.rel1.win32_1.1.1.202309131626/tools/bin/../lib/gcc/arm-none-eabi/11.3.1/../../../../arm-none-eabi/lib/thumb/v7e-m+fp/hard\libc_nano.a(libc_a-stdio.o)
 .ARM.attributes
                0x000000000000085f       0x34 D:/Program Files (x86)/STM32CubeIDE_1.11.2/STM32CubeIDE/plugins/com.st.stm32cube.ide.mcu.externaltools.gnu-tools-for-stm32.11.3.rel1.win32_1.1.1.202309131626/tools/bin/../lib/gcc/arm-none-eabi/11.3.1/../../../../arm-none-eabi/lib/thumb/v7e-m+fp/hard\libc_nano.a(libc_a-wbuf.o)
 .ARM.attributes
                0x0000000000000893       0x34 D:/Program Files (x86)/STM32CubeIDE_1.11.2/STM32CubeIDE/plugins/com.st.stm32cube.ide.mcu.externaltools.gnu-tools-for-stm32.11.3.rel1.win32_1.1.1.202309131626/tools/bin/../lib/gcc/arm-none-eabi/11.3.1/../../../../arm-none-eabi/lib/thumb/v7e-m+fp/hard\libc_nano.a(libc_a-wsetup.o)
 .ARM.attributes
                0x00000000000008c7       0x34 D:/Program Files (x86)/STM32CubeIDE_1.11.2/STM32CubeIDE/plugins/com.st.stm32cube.ide.mcu.externaltools.gnu-tools-for-stm32.11.3.rel1.win32_1.1.1.202309131626/tools/bin/../lib/gcc/arm-none-eabi/11.3.1/../../../../arm-none-eabi/lib/thumb/v7e-m+fp/hard\libc_nano.a(libc_a-memset.o)
 .ARM.attributes